     VMA      LMA     Size Align Out     In      Symbol
       0        0        0     1 RAM_START = 0x20004000
       0        0        0     1 RAM_LENGTH = 0x00003000
       0        0        0     1 FLASH_START = 0x00000440
       0        0        0     1 FLASH_LENGTH = 0x0000fbc0
       0        0        0     1 DATA_FLASH_START = 0x40100000
       0        0        0     1 DATA_FLASH_LENGTH = 0x00000400
       0        0        0     1 OPTION_SETTING_OFS0_START = 0x00000400
       0        0        0     1 OPTION_SETTING_OFS0_LENGTH = 0x00000004
       0        0        0     1 OPTION_SETTING_OFS1_START = 0x00000404
       0        0        0     1 OPTION_SETTING_OFS1_LENGTH = 0x00000004
       0        0        0     1 OPTION_SETTING_OSIS_START = 0x01010018
       0        0        0     1 OPTION_SETTING_OSIS_LENGTH = 0x00000020
       0        0        0     1 FLASH_GAP_START = 0x00000000
       0        0        0     1 FLASH_GAP_LENGTH = 0x00000400
40100000 40100000        0     1 .data_flash.startof
40100000 40100000        0     1         __ddsc_DATA_FLASH_START = .
20004000 20004000        0     1 .ram.startof
20004000 20004000        0     1         __ddsc_RAM_START = .
20004000 20004000        0     1 __ram_dtc_vector$$
20004000 20004000        0     1         __ram_dtc_vector$$Base = .
20004000 20004000        0     1         __ram_dtc_vector$$Limit = .
20004000 20004000        0     1 __ram_from_data_flash$$
20004000 20004000        0     1         __ram_from_data_flash$$Base = .
20004000 20004000        0     1         __ram_from_data_flash$$Load = LOADADDR ( __ram_from_data_flash$$ )
20004000 20004000        0     1         __ram_from_data_flash$$Limit = .
40100000 40100000        0     1 __data_flash_readonly$$
40100000 40100000        0     1         __data_flash_readonly$$Base = .
40100000 40100000        0     1         __data_flash_readonly$$Limit = .
40100000 40100000        0     1 __data_flash_noinit$$
40100000 40100000        0     1         __data_flash_noinit$$Base = .
40100000 40100000        0     1         __data_flash_noinit$$Limit = .
40100000 40100000        0     1 .data_flash.endof
40100000 40100000        0     1         __ddsc_DATA_FLASH_END = .
       0        0        0     1 .flash.startof
       0        0        0     1         __ddsc_FLASH_START = .
       0        0       e8     4 __flash_vectors$$
       0        0        0     1         __flash_vectors$$Base = .
       0        0        0     1         _VECTORS = .
       0        0       40     4         ./ra/fsp/src/bsp/cmsis/Device/RENESAS/Source/startup.o:(.fixed_vectors)
       0        0       40     1                 __Vectors
      40       40       a8     4         ./ra_gen/vector_data.o:(.application_vectors)
      40       40       a8     1                 g_vector_table
      e8       e8        0     1         __flash_vectors$$Limit = .
      e8       e8      134     4 __flash_readonly_gap$$
      e8       e8        0     1         __flash_readonly_gap$$Base = .
      e8       e8       10     4         ./ra/fsp/src/bsp/mcu/ra0e1/bsp_linker.o:(.rodata.g_init_info)
      e8       e8       10     1                 g_init_info
      f8       f8       18     4         ./ra/fsp/src/bsp/mcu/ra0e1/bsp_linker.o:(.rodata.zero_list)
      f8       f8       18     1                 zero_list
     110      110       30     4         ./ra/fsp/src/bsp/mcu/ra0e1/bsp_linker.o:(.rodata.copy_list)
     110      110       30     1                 copy_list
     140      140        e     2         ./ra/fsp/src/bsp/cmsis/Device/RENESAS/Source/startup.o:(.text.Reset_Handler)
     140      140        0     1                 $t.0
     141      141        e     1                 Reset_Handler
     150      150       80     4         ./ra/fsp/src/bsp/cmsis/Device/RENESAS/Source/system.o:(.text.SystemInit)
     150      150        0     1                 $t.0
     151      151       80     1                 SystemInit
     1b8      1b8        0     1                 $d.1
     1d0      1d0       4c     4         ./ra/fsp/src/bsp/cmsis/Device/RENESAS/Source/system.o:(.text.SystemRuntimeInit)
     1d0      1d0        0     1                 $t.3
     1d1      1d1       4c     1                 SystemRuntimeInit
     218      218        0     1                 $d.4
     21c      21c        0     1         __flash_readonly_gap$$Limit = .
     440      440        0     1 __flash_noinit$$
     440      440        0     1         __flash_noinit$$Base = .
     440      440        0     1         __flash_noinit$$Limit = .
20004000      440       46     2 __ram_from_flash$$
20004000      440        0     1         __ram_from_flash$$Base = .
20004000      440        0     1         __ram_from_flash$$Load = LOADADDR ( __ram_from_flash$$ )
20004000      440        1     1         ./src/hal_entry.o:(.data.i2c_event)
20004000      440        1     1                 i2c_event
20004001      441       35     1         ./src/hal_entry.o:(.data..L_MergedGlobals)
20004001      441        1     1                 nozzleNo
20004002      442        1     1                 keyCode
20004003      443        1     1                 currentTempF
20004004      444        1     1                 currentHum
20004005      445        1     1                 noBytestoRW
20004006      446        2     1                 spiCmdGetBarometricPressure
20004008      448        3     1                 spiCmdStartSingle
2000400b      44b        7     1                 spiCmdReadValue
20004012      452        8     1                 readEEpromValues
2000401a      45a       1c     1                 testPacket
20004036      476        4     2         ./ra_gen/hal_data.o:(.data.g_uart0_baud_setting)
20004036      476        4     1                 g_uart0_baud_setting
2000403a      47a        2     2         ./Modules/Serial_ASCII/Serial_user.o:(.data.streamIntervalDelay)
2000403a      47a        2     1                 streamIntervalDelay
2000403c      47c        a     2         ./Modules/Scheduler/Scheduler.o:(.data..L_MergedGlobals)
2000403c      47c        2     1                 ten_mS_Counter
2000403e      47e        2     1                 twentyfive_mS_Counter
20004040      480        2     1                 hundred_mS_Counter
20004042      482        2     1                 one_S_Counter
20004044      484        2     1                 reportStreamInterval_Counter
20004046      486        0     1         __ram_from_flash$$Limit = .
20004048 20004048      414     8 __ram_noinit$$
20004048 20004048        0     1         __ram_noinit$$Base = .
20004048 20004048      400     8         ./ra/fsp/src/bsp/cmsis/Device/RENESAS/Source/startup.o:(.bss.g_main_stack)
20004048 20004048      400     1                 g_main_stack
20004448 20004448       14     4         ./ra/fsp/src/bsp/mcu/all/bsp_clocks.o:(.ram_noinit)
20004448 20004448       14     1                 g_clock_freq
2000445c 2000445c        0     1         __ram_noinit$$Limit = .
20004460 20004460      334    16 __ram_zero$$
20004460 20004460        0     1         __ram_zero$$Base = .
20004460 20004460        1     1         ./src/hal_entry.o:(.bss.buttonPushed)
20004460 20004460        1     1                 buttonPushed
20004461 20004461        1     1         ./src/hal_entry.o:(.bss.i2cBusy)
20004461 20004461        1     1                 i2cBusy
20004464 20004464       60     4         ./src/hal_entry.o:(.bss..L_MergedGlobals.4)
20004464 20004464        1     1                 pin_level
20004465 20004465        1     1                 getTempHum
20004466 20004466        1     1                 getTempHumState
20004467 20004467        1     1                 readEEPROM
20004468 20004468        1     1                 writeEEPROM
20004469 20004469        1     1                 eepromReadWriteState
2000446a 2000446a        1     1                 sampleData_DLHR_1
2000446b 2000446b        1     1                 sampleData_DLHR_2
2000446c 2000446c        1     1                 sampleData_Barometer
2000446d 2000446d        1     1                 sensorSampleState
2000446e 2000446e        1     1                 busBusy_SPI
2000446f 2000446f        1     1                 sensorSelectState
20004470 20004470        2     1                 readWriteStartingRegister
20004474 20004474        4     1                 status
20004478 20004478        4     1                 err
2000447c 2000447c        6     1                 sensorRegisters
20004482 20004482        7     1                 spiReadSensorData
20004489 20004489        8     1                 writeEEpromValues
20004492 20004492        c     1                 testUINT16Array
200044a0 200044a0       24     1                 bar_spi0_cfg
200044c4 200044c4       78     4         ./src/hal_entry.o:(.bss..L_MergedGlobals.5)
200044c4 200044c4       28     1                 pressureSensor1
200044ec 200044ec       28     1                 temperatureSensor
20004514 20004514       28     1                 humiditySensor
2000453c 2000453c       5a     4         ./src/hal_entry.o:(.bss..L_MergedGlobals.6)
2000453c 2000453c       28     1                 pressureSensorBarometer
20004564 20004564       32     1                 msg_str
20004598 20004598        8     4         ./ra_gen/common_data.o:(.bss.g_ioport_ctrl)
20004598 20004598        8     1                 g_ioport_ctrl
200045a0 200045a0       2c     4         ./ra_gen/hal_data.o:(.bss.g_spi0_ctrl)
200045a0 200045a0       2c     1                 g_spi0_ctrl
200045cc 200045cc       34     4         ./ra_gen/hal_data.o:(.bss.g_iica_master0_ctrl)
200045cc 200045cc       34     1                 g_iica_master0_ctrl
20004600 20004600       2c     4         ./ra_gen/hal_data.o:(.bss.g_uart0_ctrl)
20004600 20004600       2c     1                 g_uart0_ctrl
2000462c 2000462c       24     4         ./ra/fsp/src/bsp/mcu/all/bsp_group_irq.o:(.bss.g_bsp_group_irq_sources)
2000462c 2000462c       24     1                 g_bsp_group_irq_sources
20004650 20004650        4     4         ./ra/fsp/src/bsp/mcu/all/bsp_io.o:(.bss.g_protect_pfswe_counter)
20004650 20004650        4     1                 g_protect_pfswe_counter
20004654 20004654       a8     4         ./ra/fsp/src/bsp/mcu/all/bsp_irq.o:(.bss.gp_renesas_isr_context)
20004654 20004654       a8     1                 gp_renesas_isr_context
200046fc 200046fc        4     4         ./ra/fsp/src/bsp/cmsis/Device/RENESAS/Source/system.o:(.bss.SystemCoreClock)
200046fc 200046fc        4     1                 SystemCoreClock
20004700 20004700       6a     2         ./Modules/Serial_ASCII/Serial.o:(.bss..L_MergedGlobals)
20004700 20004700        1     1                 nextSerialTxOut
20004701 20004701        1     1                 nextSerialTxIn
20004702 20004702        1     1                 nextSerialRxIn
20004703 20004703        1     1                 nextSerialRx2Proc
20004704 20004704        2     1                 commError
20004706 20004706       32     1                 txBuffer
20004738 20004738       32     1                 rxBuffer
2000476a 2000476a       15     1         ./Modules/Serial_ASCII/Serial_user.o:(.bss..L_MergedGlobals)
2000476a 2000476a        1     1                 inPacket
2000476b 2000476b        1     1                 nextPacketChar
2000476c 2000476c        1     1                 processPacket
2000476d 2000476d        1     1                 streaming
2000476e 2000476e        1     1                 streamReport
2000476f 2000476f       10     1                 packetBuffer
20004780 20004780        8     2         ./Modules/Scheduler/Scheduler.o:(.bss..L_MergedGlobals.1)
20004780 20004780        1     1                 ten_mS_Flag
20004781 20004781        1     1                 twentyfive_mS_Flag
20004782 20004782        1     1                 hundred_mS_Flag
20004783 20004783        1     1                 one_S_Flag
20004784 20004784        1     1                 sendReport_Flag
20004785 20004785        1     1                 i2c_timeout_Flag
20004786 20004786        2     1                 i2c_timeout_Counter
20004790 20004790        4    16         C:\Renesas\e2_studio_25_10\toolchains\llvm_arm\LLVM-ET-Arm-18.1.3-Windows-x86_64\bin\..\lib\clang-runtimes/arm-none-eabi/armv6m_soft_nofp_exn_rtti\lib\libc.a(libc_picolib_machine_arm_read_tp.S.o):(.bss)
20004790 20004790        4     1                 __tls
20004794 20004794        0     1         __ram_zero$$Limit = .
20004794 20004794        0     1 __ram_tdata$$
20004794 20004794        0     1         __ram_tdata$$Base = .
20004794 20004794        0     1         __ram_tdata$$Load = LOADADDR ( __ram_tdata$$ )
20004794 20004794        0     1         __ram_tdata$$Limit = .
20004794 20004794        0     1 __ram_tbss$$
20004794 20004794        0     1         __ram_tbss$$Base = .
20004794 20004794        0     1         __ram_tbss$$Limit = .
20004798 20004798        0     1 __ram_thread_stack$$
20004798 20004798        0     1         __ram_thread_stack$$Base = .
20004798 20004798        0     1         __ram_thread_stack$$Limit = .
20004800 20004800        0     1 .ram.endof
20004800 20004800        0     1         __ddsc_RAM_END = .
     488      488     3c32     8 __flash_readonly$$
     488      488        0     1         __flash_readonly$$Base = .
     488      488       12     2         ./src/SensorFunctions.o:(.text.InitSensor)
     488      488        0     1                 $t.0
     489      489       12     1                 InitSensor
     49a      49a       5c     2         ./src/SensorFunctions.o:(.text.ParseParamsToUINT16)
     49a      49a        0     1                 $t.1
     49b      49b       5c     1                 ParseParamsToUINT16
     4f6      4f6       3a     2         ./src/SensorFunctions.o:(.text.AddSensorInt16Value)
     4f6      4f6        0     1                 $t.3
     4f7      4f7       3a     1                 AddSensorInt16Value
     530      530       3a     2         ./src/SensorFunctions.o:(.text.AddSensorInt32Value)
     530      530        0     1                 $t.4
     531      531       3a     1                 AddSensorInt32Value
     56c      56c      5a0     4         ./src/hal_entry.o:(.text.hal_entry)
     56c      56c        0     1                 $t.0
     56d      56d      5a0     1                 hal_entry
     95c      95c        0     1                 $d.1
     9b8      9b8        0     1                 $t.2
     ab0      ab0        0     1                 $d.3
     b0c      b0c       24     4         ./src/hal_entry.o:(.text.R_BSP_WarmStart)
     b0c      b0c        0     1                 $t.4
     b0d      b0d       24     1                 R_BSP_WarmStart
     b24      b24        0     1                 $d.5
     b30      b30       20     4         ./src/hal_entry.o:(.text.iica_master_callback)
     b30      b30        0     1                 $t.6
     b31      b31       20     1                 iica_master_callback
     b48      b48        0     1                 $d.7
     b50      b50        2     2         ./src/hal_entry.o:(.text.sau_spi_callback)
     b50      b50        0     1                 $t.8
     b51      b51        2     1                 sau_spi_callback
     b52      b52        c     2         ./ra_gen/main.o:(.text.main)
     b52      b52        0     1                 $t.0
     b53      b53        c     1                 main
     b60      b60       c8     4         ./ra/fsp/src/r_uarta/r_uarta.o:(.text.R_UARTA_Open)
     b60      b60        0     1                 $t.0
     b61      b61       c8     1                 R_UARTA_Open
     c14      c14        0     1                 $d.1
     c28      c28       3a     2         ./ra/fsp/src/r_uarta/r_uarta.o:(.text.R_UARTA_Write)
     c28      c28        0     1                 $t.3
     c29      c29       3a     1                 R_UARTA_Write
     c64      c64       4c     4         ./ra/fsp/src/r_uarta/r_uarta.o:(.text.uarta_txi_isr)
     c64      c64        0     1                 $t.15
     c65      c65       4c     1                 uarta_txi_isr
     cac      cac        0     1                 $d.16
     cb0      cb0       4a     2         ./ra/fsp/src/r_uarta/r_uarta.o:(.text.r_uarta_call_callback)
     cb0      cb0        0     1                 $t.17
     cb1      cb1       4a     1                 r_uarta_call_callback
     cfc      cfc       5c     4         ./ra/fsp/src/r_uarta/r_uarta.o:(.text.uarta_rxi_isr)
     cfc      cfc        0     1                 $t.18
     cfd      cfd       5c     1                 uarta_rxi_isr
     d50      d50        0     1                 $d.19
     d58      d58      1b8     4         ./ra/fsp/src/r_sau_spi/r_sau_spi.o:(.text.R_SAU_SPI_Open)
     d58      d58        0     1                 $t.0
     d59      d59      1b8     1                 R_SAU_SPI_Open
     ef0      ef0        0     1                 $d.1
     f10      f10       12     2         ./ra/fsp/src/r_sau_spi/r_sau_spi.o:(.text.R_SAU_SPI_Write)
     f10      f10        0     1                 $t.3
     f11      f11       12     1                 R_SAU_SPI_Write
     f22      f22        e     2         ./ra/fsp/src/r_sau_spi/r_sau_spi.o:(.text.R_SAU_SPI_WriteRead)
     f22      f22        0     1                 $t.4
     f23      f23        e     1                 R_SAU_SPI_WriteRead
     f30      f30       44     2         ./ra/fsp/src/r_sau_spi/r_sau_spi.o:(.text.R_SAU_SPI_Close)
     f30      f30        0     1                 $t.6
     f31      f31       44     1                 R_SAU_SPI_Close
     f74      f74       98     2         ./ra/fsp/src/r_sau_spi/r_sau_spi.o:(.text.r_sau_spi_write_read_common)
     f74      f74        0     1                 $t.7
     f75      f75       98     1                 r_sau_spi_write_read_common
    100c     100c       9c     4         ./ra/fsp/src/r_sau_spi/r_sau_spi.o:(.text.sau_spi_txrxi_isr)
    100c     100c        0     1                 $t.10
    100d     100d       9c     1                 sau_spi_txrxi_isr
    10a4     10a4        0     1                 $d.11
    10a8     10a8       1a     2         ./ra/fsp/src/r_sau_spi/r_sau_spi.o:(.text.r_sau_spi_call_callback)
    10a8     10a8        0     1                 $t.12
    10a9     10a9       1a     1                 r_sau_spi_call_callback
    10c2     10c2       1e     2         ./ra/fsp/src/r_sau_spi/r_sau_spi.o:(.text.r_sau_spi_transmit)
    10c2     10c2        0     1                 $t.13
    10c3     10c3       1e     1                 r_sau_spi_transmit
    10e0     10e0       1a     2         ./ra/fsp/src/r_sau_spi/r_sau_spi.o:(.text.r_sau_spi_receive)
    10e0     10e0        0     1                 $t.14
    10e1     10e1       1a     1                 r_sau_spi_receive
    10fc     10fc       18     4         ./ra/fsp/src/r_ioport/r_ioport.o:(.text.R_IOPORT_Open)
    10fc     10fc        0     1                 $t.0
    10fd     10fd       18     1                 R_IOPORT_Open
    1110     1110        0     1                 $d.1
    1114     1114       40     4         ./ra/fsp/src/r_ioport/r_ioport.o:(.text.r_ioport_pins_config)
    1114     1114        0     1                 $t.22
    1115     1115       40     1                 r_ioport_pins_config
    1150     1150        0     1                 $d.23
    1154     1154       30     4         ./ra/fsp/src/r_ioport/r_ioport.o:(.text.R_BSP_PinAccessEnable)
    1154     1154        0     1                 $t.24
    1155     1155       30     1                 R_BSP_PinAccessEnable
    117c     117c        0     1                 $d.25
    1184     1184       34     4         ./ra/fsp/src/r_ioport/r_ioport.o:(.text.R_BSP_PinAccessDisable)
    1184     1184        0     1                 $t.26
    1185     1185       34     1                 R_BSP_PinAccessDisable
    11b0     11b0        0     1                 $d.27
    11b8     11b8       dc     4         ./ra/fsp/src/r_iica_master/r_iica_master.o:(.text.R_IICA_MASTER_Open)
    11b8     11b8        0     1                 $t.0
    11b9     11b9       dc     1                 R_IICA_MASTER_Open
    127c     127c        0     1                 $d.1
    1294     1294       12     2         ./ra/fsp/src/r_iica_master/r_iica_master.o:(.text.R_IICA_MASTER_Read)
    1294     1294        0     1                 $t.2
    1295     1295       12     1                 R_IICA_MASTER_Read
    12a6     12a6       14     2         ./ra/fsp/src/r_iica_master/r_iica_master.o:(.text.R_IICA_MASTER_Write)
    12a6     12a6        0     1                 $t.3
    12a7     12a7       14     1                 R_IICA_MASTER_Write
    12bc     12bc       58     4         ./ra/fsp/src/r_iica_master/r_iica_master.o:(.text.r_iica_master_read_write)
    12bc     12bc        0     1                 $t.11
    12bd     12bd       58     1                 r_iica_master_read_write
    130c     130c        0     1                 $d.12
    1314     1314       c4     4         ./ra/fsp/src/r_iica_master/r_iica_master.o:(.text.iica_master_txrxi_isr)
    1314     1314        0     1                 $t.15
    1315     1315       c4     1                 iica_master_txrxi_isr
    13cc     13cc        0     1                 $d.16
    13d8     13d8       30     4         ./ra/fsp/src/r_iica_master/r_iica_master.o:(.text.R_BSP_PinAccessEnable)
    13d8     13d8        0     1                 $t.17
    13d9     13d9       30     1                 R_BSP_PinAccessEnable
    1400     1400        0     1                 $d.18
    1408     1408       34     4         ./ra/fsp/src/r_iica_master/r_iica_master.o:(.text.R_BSP_PinAccessDisable)
    1408     1408        0     1                 $t.19
    1409     1409       34     1                 R_BSP_PinAccessDisable
    1434     1434        0     1                 $d.20
    143c     143c       26     2         ./ra/fsp/src/r_iica_master/r_iica_master.o:(.text.r_iica_master_notify)
    143c     143c        0     1                 $t.21
    143d     143d       26     1                 r_iica_master_notify
    1464     1464       38     4         ./ra/fsp/src/bsp/mcu/all/bsp_clocks.o:(.text.bsp_prv_operating_mode_set)
    1464     1464        0     1                 $t.0
    1465     1465       38     1                 bsp_prv_operating_mode_set
    1498     1498        0     1                 $d.1
    149c     149c       40     4         ./ra/fsp/src/bsp/mcu/all/bsp_clocks.o:(.text.SystemCoreClockUpdate)
    149c     149c        0     1                 $t.2
    149d     149d       40     1                 SystemCoreClockUpdate
    14d0     14d0        0     1                 $d.3
    14dc     14dc       74     4         ./ra/fsp/src/bsp/mcu/all/bsp_clocks.o:(.text.bsp_prv_clock_set)
    14dc     14dc        0     1                 $t.6
    14dd     14dd       74     1                 bsp_prv_clock_set
    154c     154c        0     1                 $d.7
    1550     1550       b0     4         ./ra/fsp/src/bsp/mcu/all/bsp_clocks.o:(.text.bsp_clock_init)
    1550     1550        0     1                 $t.8
    1551     1551       b0     1                 bsp_clock_init
    15dc     15dc        0     1                 $d.9
    1600     1600        2     2         ./ra/fsp/src/bsp/mcu/all/bsp_clocks.o:(.text.R_BSP_SubClockStabilizeWaitAfterReset)
    1600     1600        0     1                 $t.11
    1601     1601        2     1                 R_BSP_SubClockStabilizeWaitAfterReset
    1602     1602        2     2         ./ra/fsp/src/bsp/mcu/all/bsp_clocks.o:(.text.R_BSP_Init_RTC)
    1602     1602        0     1                 $t.15
    1603     1603        2     1                 R_BSP_Init_RTC
    1604     1604       4c     4         ./ra/fsp/src/bsp/mcu/all/bsp_delay.o:(.text.R_BSP_SoftwareDelay)
    1604     1604        0     1                 $t.0
    1605     1605       4c     1                 R_BSP_SoftwareDelay
    1644     1644        0     1                 $d.1
    1650     1650        8     2         ./ra/fsp/src/bsp/mcu/all/bsp_delay.o:(.text.bsp_prv_software_delay_loop)
    1650     1650        0     1                 sw_delay_loop
    1650     1650        0     1                 $t.2
    1651     1651        8     1                 bsp_prv_software_delay_loop
    1658     1658       40     4         ./ra/fsp/src/bsp/mcu/all/bsp_group_irq.o:(.text.NMI_Handler)
    1658     1658        0     1                 $t.2
    1659     1659       40     1                 NMI_Handler
    1690     1690        0     1                 $d.3
    1698     1698       34     4         ./ra/fsp/src/bsp/mcu/all/bsp_irq.o:(.text.R_BSP_IrqCfg)
    1698     1698        0     1                 $t.2
    1699     1699       34     1                 R_BSP_IrqCfg
    16c4     16c4        0     1                 $d.3
    16cc     16cc       18     4         ./ra/fsp/src/bsp/mcu/all/bsp_irq.o:(.text.R_BSP_IrqEnableNoClear)
    16cc     16cc        0     1                 $t.4
    16cd     16cd       18     1                 R_BSP_IrqEnableNoClear
    16e0     16e0        0     1                 $d.5
    16e4     16e4       18     4         ./ra/fsp/src/bsp/mcu/all/bsp_irq.o:(.text.R_BSP_IrqEnable)
    16e4     16e4        0     1                 $t.6
    16e5     16e5       18     1                 R_BSP_IrqEnable
    16f8     16f8        0     1                 $d.7
    16fc     16fc       20     4         ./ra/fsp/src/bsp/mcu/all/bsp_irq.o:(.text.R_BSP_IrqDisable)
    16fc     16fc        0     1                 $t.8
    16fd     16fd       20     1                 R_BSP_IrqDisable
    1718     1718        0     1                 $d.9
    171c     171c       16     2         ./ra/fsp/src/bsp/mcu/all/bsp_irq.o:(.text.R_BSP_IrqCfgEnable)
    171c     171c        0     1                 $t.10
    171d     171d       16     1                 R_BSP_IrqCfgEnable
    1732     1732        2     2         ./ra/fsp/src/bsp/mcu/all/bsp_irq.o:(.text.bsp_irq_cfg)
    1732     1732        0     1                 $t.11
    1733     1733        2     1                 bsp_irq_cfg
    1734     1734        4     2         ./ra/fsp/src/bsp/cmsis/Device/RENESAS/Source/startup.o:(.text.Default_Handler)
    1734     1734        0     1                 $t.1
    1735     1735        4     1                 Default_Handler
    1735     1735        4     1                 HardFault_Handler
    1735     1735        4     1                 MemManage_Handler
    1735     1735        4     1                 BusFault_Handler
    1735     1735        4     1                 UsageFault_Handler
    1735     1735        4     1                 SecureFault_Handler
    1735     1735        4     1                 SVC_Handler
    1735     1735        4     1                 DebugMon_Handler
    1735     1735        4     1                 PendSV_Handler
    1738     1738        2     2         ./ra/board/ra0e1_fpb/board_init.o:(.text.bsp_init)
    1738     1738        0     1                 $t.0
    1739     1739        2     1                 bsp_init
    173c     173c       18     4         ./Modules/SimpleKeyboard/SimpleKeyboard_User.o:(.text.ScanKeyboard)
    173c     173c        0     1                 $t.0
    173d     173d       18     1                 ScanKeyboard
    1750     1750        0     1                 $d.1
    1754     1754       78     2         ./Modules/Serial_ASCII/ASCII_numbers.o:(.text.ConvertASCII2UINT16)
    1754     1754        0     1                 $t.0
    1755     1755       78     1                 ConvertASCII2UINT16
    17cc     17cc       c8     4         ./Modules/Serial_ASCII/Serial.o:(.text.SendString)
    17cc     17cc        0     1                 $t.0
    17cd     17cd       c8     1                 SendString
    188c     188c        0     1                 $d.1
    1894     1894       14     4         ./Modules/Serial_ASCII/Serial.o:(.text.RxBufferEmpty)
    1894     1894        0     1                 $t.4
    1895     1895       14     1                 RxBufferEmpty
    18a4     18a4        0     1                 $d.5
    18a8     18a8       9c     4         ./Modules/Serial_ASCII/Serial.o:(.text.UartA_CB)
    18a8     18a8        0     1                 $t.6
    18a9     18a9       9c     1                 UartA_CB
    193c     193c        0     1                 $d.7
    1944     1944       60     4         ./Modules/Serial_ASCII/Serial_user.o:(.text.ProcessReceiveBuffer)
    1944     1944        0     1                 $t.0
    1945     1945       60     1                 ProcessReceiveBuffer
    1998     1998        0     1                 $d.1
    19a4     19a4      1fc     4         ./Modules/Serial_ASCII/Serial_user.o:(.text.ProcessPacket)
    19a4     19a4        0     1                 $t.2
    19a5     19a5      1fc     1                 ProcessPacket
    1b54     1b54        0     1                 $d.3
    1ba0     1ba0       8c     4         ./Modules/Scheduler/Scheduler.o:(.text.SysTick_Handler)
    1ba0     1ba0        0     1                 $t.0
    1ba1     1ba1       8c     1                 SysTick_Handler
    1c20     1c20        0     1                 $d.1
    1c2c     1c2c       2c     4         C:\Renesas\e2_studio_25_10\toolchains\llvm_arm\LLVM-ET-Arm-18.1.3-Windows-x86_64\bin\..\lib\clang-runtimes/arm-none-eabi/armv6m_soft_nofp_exn_rtti\lib\libc.a(libc_picolib_inittls.c.o):(.text._init_tls)
    1c2c     1c2c        0     1                 $t.0
    1c2d     1c2d       2c     1                 _init_tls
    1c48     1c48        0     1                 $d.1
    1c58     1c58       14     4         C:\Renesas\e2_studio_25_10\toolchains\llvm_arm\LLVM-ET-Arm-18.1.3-Windows-x86_64\bin\..\lib\clang-runtimes/arm-none-eabi/armv6m_soft_nofp_exn_rtti\lib\libc.a(libc_picolib_machine_arm_tls.c.o):(.text._set_tls)
    1c58     1c58        0     1                 $t.0
    1c59     1c59       14     1                 _set_tls
    1c64     1c64        0     1                 $d.1
    1c6c     1c6c       4c     4         C:\Renesas\e2_studio_25_10\toolchains\llvm_arm\LLVM-ET-Arm-18.1.3-Windows-x86_64\bin\..\lib\clang-runtimes/arm-none-eabi/armv6m_soft_nofp_exn_rtti\lib\libc.a(libc_tinystdio_sprintf.c.o):(.text.sprintf)
    1c6c     1c6c        0     1                 $t.0
    1c6d     1c6d       4c     1                 sprintf
    1cb0     1cb0        0     1                 $d.1
    1cb8     1cb8       10     2         C:\Renesas\e2_studio_25_10\toolchains\llvm_arm\LLVM-ET-Arm-18.1.3-Windows-x86_64\bin\..\lib\clang-runtimes/arm-none-eabi/armv6m_soft_nofp_exn_rtti\lib\libc.a(libc_tinystdio_filestrput.c.o):(.text.__file_str_put)
    1cb8     1cb8        0     1                 $t.0
    1cb9     1cb9       10     1                 __file_str_put
    1cc8     1cc8      b0c     4         C:\Renesas\e2_studio_25_10\toolchains\llvm_arm\LLVM-ET-Arm-18.1.3-Windows-x86_64\bin\..\lib\clang-runtimes/arm-none-eabi/armv6m_soft_nofp_exn_rtti\lib\libc.a(libc_tinystdio_vfprintf.c.o):(.text.vfprintf)
    1cc8     1cc8        0     1                 $t.0
    1cc9     1cc9      b0c     1                 vfprintf
    1cc9     1cc9      b0c     1                 __d_vfprintf
    1d68     1d68        0     1                 $d.1
    1d90     1d90        0     1                 $t.2
    1f8c     1f8c        0     1                 $d.3
    1fa8     1fa8        0     1                 $t.4
    1fc0     1fc0        0     1                 $d.5
    1fc4     1fc4        0     1                 $t.6
    241c     241c        0     1                 $d.7
    2420     2420        0     1                 $t.8
    2448     2448        0     1                 $d.9
    245c     245c        0     1                 $t.10
    27c8     27c8        0     1                 $d.11
    27d4     27d4      158     4         C:\Renesas\e2_studio_25_10\toolchains\llvm_arm\LLVM-ET-Arm-18.1.3-Windows-x86_64\bin\..\lib\clang-runtimes/arm-none-eabi/armv6m_soft_nofp_exn_rtti\lib\libc.a(libc_tinystdio_vfprintf.c.o):(.text.skip_to_arg)
    27d4     27d4        0     1                 $t.12
    27d5     27d5      158     1                 skip_to_arg
    2928     2928        0     1                 $d.13
    292c     292c       5a     2         C:\Renesas\e2_studio_25_10\toolchains\llvm_arm\LLVM-ET-Arm-18.1.3-Windows-x86_64\bin\..\lib\clang-runtimes/arm-none-eabi/armv6m_soft_nofp_exn_rtti\lib\libc.a(libc_tinystdio_vfprintf.c.o):(.text.__ultoa_invert)
    292c     292c        0     1                 $t.14
    292d     292d       5a     1                 __ultoa_invert
    2988     2988      154     4         C:\Renesas\e2_studio_25_10\toolchains\llvm_arm\LLVM-ET-Arm-18.1.3-Windows-x86_64\bin\..\lib\clang-runtimes/arm-none-eabi/armv6m_soft_nofp_exn_rtti\lib\libc.a(libc_tinystdio_dtox_engine.c.o):(.text.__dtox_engine)
    2988     2988        0     1                 $t.0
    2989     2989      154     1                 __dtox_engine
    2ad4     2ad4        0     1                 $d.1
    2adc     2adc       1e     2         C:\Renesas\e2_studio_25_10\toolchains\llvm_arm\LLVM-ET-Arm-18.1.3-Windows-x86_64\bin\..\lib\clang-runtimes/arm-none-eabi/armv6m_soft_nofp_exn_rtti\lib\libc.a(libc_string_strnlen.c.o):(.text.strnlen)
    2adc     2adc        0     1                 $t.0
    2add     2add       1e     1                 strnlen
    2afc     2afc      4a4     4         C:\Renesas\e2_studio_25_10\toolchains\llvm_arm\LLVM-ET-Arm-18.1.3-Windows-x86_64\bin\..\lib\clang-runtimes/arm-none-eabi/armv6m_soft_nofp_exn_rtti\lib\libc.a(libc_tinystdio_dtoa_ryu.c.o):(.text.__dtoa_engine)
    2afc     2afc        0     1                 $t.0
    2afd     2afd      4a4     1                 __dtoa_engine
    2ec4     2ec4        0     1                 $d.1
    2ed0     2ed0        0     1                 $t.2
    2fa0     2fa0       12     2         C:\Renesas\e2_studio_25_10\toolchains\llvm_arm\LLVM-ET-Arm-18.1.3-Windows-x86_64\bin\..\lib\clang-runtimes/arm-none-eabi/armv6m_soft_nofp_exn_rtti\lib\libc.a(libc_tinystdio_dtoa_ryu.c.o):(.text.div10)
    2fa0     2fa0        0     1                 $t.3
    2fa1     2fa1       12     1                 div10
    2fb4     2fb4       20     4         C:\Renesas\e2_studio_25_10\toolchains\llvm_arm\LLVM-ET-Arm-18.1.3-Windows-x86_64\bin\..\lib\clang-runtimes/arm-none-eabi/armv6m_soft_nofp_exn_rtti\lib\libc.a(libc_tinystdio_dtoa_ryu.c.o):(.text.umulh)
    2fb4     2fb4        0     1                 $t.4
    2fb5     2fb5       20     1                 umulh
    2fcc     2fcc        0     1                 $d.5
    2fd4     2fd4      216     2         C:\Renesas\e2_studio_25_10\toolchains\llvm_arm\LLVM-ET-Arm-18.1.3-Windows-x86_64\bin\..\lib\clang-runtimes/arm-none-eabi/armv6m_soft_nofp_exn_rtti\lib\libc.a(libc_tinystdio_dtoa_ryu.c.o):(.text.mulShiftAll64)
    2fd4     2fd4        0     1                 $t.6
    2fd5     2fd5      216     1                 mulShiftAll64
    31ea     31ea       26     2         C:\Renesas\e2_studio_25_10\toolchains\llvm_arm\LLVM-ET-Arm-18.1.3-Windows-x86_64\bin\..\lib\clang-runtimes/arm-none-eabi/armv6m_soft_nofp_exn_rtti\lib\libc.a(libc_tinystdio_dtoa_ryu.c.o):(.text.decimalLength17)
    31ea     31ea        0     1                 $t.7
    31eb     31eb       26     1                 decimalLength17
    3210     3210        c     4         C:\Renesas\e2_studio_25_10\toolchains\llvm_arm\LLVM-ET-Arm-18.1.3-Windows-x86_64\bin\..\lib\clang-runtimes/arm-none-eabi/armv6m_soft_nofp_exn_rtti\lib\libc.a(libc_tinystdio_ryu_log10.c.o):(.text.__log10Pow2)
    3210     3210        0     1                 $t.0
    3211     3211        c     1                 __log10Pow2
    3218     3218        0     1                 $d.1
    321c     321c        c     4         C:\Renesas\e2_studio_25_10\toolchains\llvm_arm\LLVM-ET-Arm-18.1.3-Windows-x86_64\bin\..\lib\clang-runtimes/arm-none-eabi/armv6m_soft_nofp_exn_rtti\lib\libc.a(libc_tinystdio_ryu_log10.c.o):(.text.__log10Pow5)
    321c     321c        0     1                 $t.2
    321d     321d        c     1                 __log10Pow5
    3224     3224        0     1                 $d.3
    3228     3228       10     4         C:\Renesas\e2_studio_25_10\toolchains\llvm_arm\LLVM-ET-Arm-18.1.3-Windows-x86_64\bin\..\lib\clang-runtimes/arm-none-eabi/armv6m_soft_nofp_exn_rtti\lib\libc.a(libc_tinystdio_ryu_pow5bits.c.o):(.text.__pow5bits)
    3228     3228        0     1                 $t.0
    3229     3229       10     1                 __pow5bits
    3234     3234        0     1                 $d.1
    3238     3238       34     4         C:\Renesas\e2_studio_25_10\toolchains\llvm_arm\LLVM-ET-Arm-18.1.3-Windows-x86_64\bin\..\lib\clang-runtimes/arm-none-eabi/armv6m_soft_nofp_exn_rtti\lib\libc.a(libc_tinystdio_ryu_table.c.o):(.text.__pow5Factor)
    3238     3238        0     1                 $t.0
    3239     3239       34     1                 __pow5Factor
    325c     325c        0     1                 $d.1
    326c     326c       f8     4         C:\Renesas\e2_studio_25_10\toolchains\llvm_arm\LLVM-ET-Arm-18.1.3-Windows-x86_64\bin\..\lib\clang-runtimes/arm-none-eabi/armv6m_soft_nofp_exn_rtti\lib\libc.a(libc_tinystdio_ryu_table.c.o):(.text.__double_computePow5)
    326c     326c        0     1                 $t.2
    326d     326d       f8     1                 __double_computePow5
    3358     3358        0     1                 $d.3
    3364     3364       fc     4         C:\Renesas\e2_studio_25_10\toolchains\llvm_arm\LLVM-ET-Arm-18.1.3-Windows-x86_64\bin\..\lib\clang-runtimes/arm-none-eabi/armv6m_soft_nofp_exn_rtti\lib\libc.a(libc_tinystdio_ryu_table.c.o):(.text.__double_computeInvPow5)
    3364     3364        0     1                 $t.4
    3365     3365       fc     1                 __double_computeInvPow5
    3454     3454        0     1                 $d.5
    3460     3460       6c     2         C:\Renesas\e2_studio_25_10\toolchains\llvm_arm\LLVM-ET-Arm-18.1.3-Windows-x86_64\bin\..\lib\clang-runtimes/arm-none-eabi/armv6m_soft_nofp_exn_rtti\lib\libc.a(libc_tinystdio_ryu_umul128.c.o):(.text.__umul128)
    3460     3460        0     1                 $t.0
    3461     3461       6c     1                 __umul128
    34cc     34cc       28     2         C:\Renesas\e2_studio_25_10\toolchains\llvm_arm\LLVM-ET-Arm-18.1.3-Windows-x86_64\bin\..\lib\clang-runtimes/arm-none-eabi/armv6m_soft_nofp_exn_rtti\lib\libc.a(libc_tinystdio_ryu_umul128.c.o):(.text.__shiftright128)
    34cc     34cc        0     1                 $t.1
    34cd     34cd       28     1                 __shiftright128
    34f4     34f4        e     2         C:\Renesas\e2_studio_25_10\toolchains\llvm_arm\LLVM-ET-Arm-18.1.3-Windows-x86_64\bin\..\lib\clang-runtimes/arm-none-eabi/armv6m_soft_nofp_exn_rtti\lib\libc.a(bzero.c.o):(.text.bzero)
    34f4     34f4        0     1                 $t.0
    34f5     34f5        e     1                 bzero
    34f5     34f5        e     1                 __aeabi_memclr4
    34f5     34f5        e     1                 __aeabi_memclr8
    34f5     34f5        e     1                 __aeabi_memclr
    3502     3502       14     2         C:\Renesas\e2_studio_25_10\toolchains\llvm_arm\LLVM-ET-Arm-18.1.3-Windows-x86_64\bin\..\lib\clang-runtimes/arm-none-eabi/armv6m_soft_nofp_exn_rtti\lib\libc.a(memcpy.c.o):(.text.memcpy)
    3502     3502        0     1                 $t.0
    3503     3503       14     1                 memcpy
    3503     3503       14     1                 __aeabi_memcpy4
    3503     3503       14     1                 __aeabi_memcpy8
    3503     3503       14     1                 __aeabi_memcpy
    3516     3516        e     2         C:\Renesas\e2_studio_25_10\toolchains\llvm_arm\LLVM-ET-Arm-18.1.3-Windows-x86_64\bin\..\lib\clang-runtimes/arm-none-eabi/armv6m_soft_nofp_exn_rtti\lib\libc.a(memset.c.o):(.text.memset)
    3516     3516        0     1                 $t.0
    3517     3517        e     1                 memset
    3524     3524        e     4         C:\Renesas\e2_studio_25_10\toolchains\llvm_arm\LLVM-ET-Arm-18.1.3-Windows-x86_64\bin\..\lib\clang-runtimes/arm-none-eabi/armv6m_soft_nofp_exn_rtti\lib\libc.a(strlen.S.o):(.text)
    3524     3524        0     1                 $t.0
    3525     3525        e     1                 strlen
    3534     3534      1a2     4         C:\Renesas\e2_studio_25_10\toolchains\llvm_arm\LLVM-ET-Arm-18.1.3-Windows-x86_64\bin\..\lib\clang-runtimes/arm-none-eabi/armv6m_soft_nofp_exn_rtti\lib\libclang_rt.builtins.a(udivsi3.S.obj):(.text)
    3534     3534        0     1                 $t.0
    3535     3535      1a2     1                 __aeabi_uidiv
    3535     3535      1a2     1                 __udivsi3
    36d6     36d6       2e     2         C:\Renesas\e2_studio_25_10\toolchains\llvm_arm\LLVM-ET-Arm-18.1.3-Windows-x86_64\bin\..\lib\clang-runtimes/arm-none-eabi/armv6m_soft_nofp_exn_rtti\lib\libclang_rt.builtins.a(ashldi3.c.obj):(.text.__ashldi3)
    36d6     36d6        0     1                 $t.0
    36d7     36d7       2e     1                 __ashldi3
    36d7     36d7       2e     1                 __aeabi_llsl
    3704     3704       5c     2         C:\Renesas\e2_studio_25_10\toolchains\llvm_arm\LLVM-ET-Arm-18.1.3-Windows-x86_64\bin\..\lib\clang-runtimes/arm-none-eabi/armv6m_soft_nofp_exn_rtti\lib\libclang_rt.builtins.a(clzsi2.c.obj):(.text.__clzsi2)
    3704     3704        0     1                 $t.0
    3705     3705       5c     1                 __clzsi2
    3760     3760       2e     2         C:\Renesas\e2_studio_25_10\toolchains\llvm_arm\LLVM-ET-Arm-18.1.3-Windows-x86_64\bin\..\lib\clang-runtimes/arm-none-eabi/armv6m_soft_nofp_exn_rtti\lib\libclang_rt.builtins.a(lshrdi3.c.obj):(.text.__lshrdi3)
    3760     3760        0     1                 $t.0
    3761     3761       2e     1                 __lshrdi3
    3761     3761       2e     1                 __aeabi_llsr
    378e     378e       34     2         C:\Renesas\e2_studio_25_10\toolchains\llvm_arm\LLVM-ET-Arm-18.1.3-Windows-x86_64\bin\..\lib\clang-runtimes/arm-none-eabi/armv6m_soft_nofp_exn_rtti\lib\libclang_rt.builtins.a(muldi3.c.obj):(.text.__muldi3)
    378e     378e        0     1                 $t.0
    378f     378f       34     1                 __muldi3
    378f     378f       34     1                 __aeabi_lmul
    37c2     37c2        2     2         C:\Renesas\e2_studio_25_10\toolchains\llvm_arm\LLVM-ET-Arm-18.1.3-Windows-x86_64\bin\..\lib\clang-runtimes/arm-none-eabi/armv6m_soft_nofp_exn_rtti\lib\libclang_rt.builtins.a(aeabi_div0.c.obj):(.text.__aeabi_idiv0)
    37c2     37c2        0     1                 $t.0
    37c3     37c3        2     1                 __aeabi_idiv0
    37c4     37c4       14     4         C:\Renesas\e2_studio_25_10\toolchains\llvm_arm\LLVM-ET-Arm-18.1.3-Windows-x86_64\bin\..\lib\clang-runtimes/arm-none-eabi/armv6m_soft_nofp_exn_rtti\lib\libclang_rt.builtins.a(aeabi_uldivmod.S.obj):(.text)
    37c4     37c4        0     1                 $t.0
    37c5     37c5       14     1                 __aeabi_uldivmod
    37d8     37d8      2b0     4         C:\Renesas\e2_studio_25_10\toolchains\llvm_arm\LLVM-ET-Arm-18.1.3-Windows-x86_64\bin\..\lib\clang-runtimes/arm-none-eabi/armv6m_soft_nofp_exn_rtti\lib\libclang_rt.builtins.a(udivmoddi4.c.obj):(.text.__udivmoddi4)
    37d8     37d8        0     1                 $t.0
    37d9     37d9      2b0     1                 __udivmoddi4
    3a64     3a64        0     1                 $d.1
    3a88     3a88       28     4         ./src/hal_entry.o:(.rodata.initValues1)
    3a88     3a88       28     1                 initValues1
    3ab0     3ab0       28     4         ./src/hal_entry.o:(.rodata.initValues2)
    3ab0     3ab0       28     1                 initValues2
    3ad8     3ad8       28     4         ./src/hal_entry.o:(.rodata.initValues3)
    3ad8     3ad8       28     1                 initValues3
    3b00     3b00        2     1         ./src/hal_entry.o:(.rodata.cmdRead)
    3b00     3b00        2     1                 cmdRead
    3b02     3b02       8a     1         <internal>:(.rodata.str1.1)
    3b8c     3b8c       18     4         ./ra_gen/hal_data.o:(.rodata.g_spi0_cfg_extend)
    3b8c     3b8c       18     1                 g_spi0_cfg_extend
    3ba4     3ba4       24     4         ./ra_gen/hal_data.o:(.rodata.g_spi0_cfg)
    3ba4     3ba4       24     1                 g_spi0_cfg
    3bc8     3bc8       14     4         ./ra_gen/hal_data.o:(.rodata.g_iica_master0_extend)
    3bc8     3bc8       14     1                 g_iica_master0_extend
    3bdc     3bdc       28     4         ./ra_gen/hal_data.o:(.rodata.g_iica_master0_cfg)
    3bdc     3bdc       28     1                 g_iica_master0_cfg
    3c04     3c04        8     4         ./ra_gen/hal_data.o:(.rodata.g_uart0_cfg_extend)
    3c04     3c04        8     1                 g_uart0_cfg_extend
    3c0c     3c0c       20     4         ./ra_gen/hal_data.o:(.rodata.g_uart0_cfg)
    3c0c     3c0c       20     1                 g_uart0_cfg
    3c2c     3c2c       e8     4         ./ra_gen/pin_data.o:(.rodata.g_bsp_pin_cfg_data)
    3c2c     3c2c       e8     1                 g_bsp_pin_cfg_data
    3d14     3d14        c     4         ./ra_gen/pin_data.o:(.rodata.g_bsp_pin_cfg)
    3d14     3d14        c     1                 g_bsp_pin_cfg
    3d20     3d20        4     1         <internal>:(.rodata.cst4)
    3d24     3d24        8     1         <internal>:(.rodata.cst8)
    3d30     3d30      33c     8         C:\Renesas\e2_studio_25_10\toolchains\llvm_arm\LLVM-ET-Arm-18.1.3-Windows-x86_64\bin\..\lib\clang-runtimes/arm-none-eabi/armv6m_soft_nofp_exn_rtti\lib\libc.a(libc_tinystdio_ryu_table.c.o):(.rodata)
    3d30     3d30       d0     1                 DOUBLE_POW5_SPLIT2
    3e00     3e00       d0     1                 DOUBLE_POW5_TABLE
    3ed0     3ed0       54     1                 POW5_OFFSETS
    3f28     3f28       f0     1                 DOUBLE_POW5_INV_SPLIT2
    4018     4018       54     1                 POW5_INV_OFFSETS
    406c     406c       4e     4         ./ra/fsp/src/bsp/mcu/all/bsp_common.o:(.version)
    406c     406c        4     1                 g_fsp_version
    4070     4070        6     1                 g_fsp_version_string
    4076     4076       44     1                 g_fsp_version_build_string
    40ba     40ba        0     1         __flash_readonly$$Limit = .
    40ba     40ba        0     1 __flash_preinit_array$$
    40ba     40ba        0     1         __preinit_array_start = .
    40ba     40ba        0     1         __preinit_array_end = .
    40ba     40ba        0     1 __flash_init_array$$
    40ba     40ba        0     1         __init_array_start = .
    40ba     40ba        0     1         __init_array_end = .
    40ba     40ba        0     1 __flash_fini_array$$
    40ba     40ba        0     1         __fini_array_start = .
    40ba     40ba        0     1         __fini_array_end = .
    40ba     40ba        0     1 __flash_arm.exidx$$
    40ba     40ba        0     1         __exidx_start = .
    40ba     40ba        0     1         __exidx_end = .
    4200     4200        0     1 .flash.endof
    4200     4200        0     1         __ddsc_FLASH_END = .
     400      400        0     1 .option_setting_ofs0.startof
     400      400        0     1         __ddsc_OPTION_SETTING_OFS0_START = .
     400      400        4     4 __option_setting_ofs0_reg$$
     400      400        0     1         __option_setting_ofs0_reg$$Base = .
     400      400        4     4         ./ra/fsp/src/bsp/mcu/ra0e1/bsp_linker.o:(.option_setting_ofs0)
     400      400        4     1                 g_bsp_cfg_option_setting_ofs0
     404      404        0     1         __option_setting_ofs0_reg$$Limit = .
     404      404        0     1 .option_setting_ofs0.endof
     404      404        0     1         __ddsc_OPTION_SETTING_OFS0_END = .
     404      404        0     1 .option_setting_ofs1.startof
     404      404        0     1         __ddsc_OPTION_SETTING_OFS1_START = .
     404      404        4     4 __option_setting_ofs1_reg$$
     404      404        0     1         __option_setting_ofs1_reg$$Base = .
     404      404        4     4         ./ra/fsp/src/bsp/mcu/ra0e1/bsp_linker.o:(.option_setting_ofs1)
     404      404        4     1                 g_bsp_cfg_option_setting_ofs1
     408      408        0     1         __option_setting_ofs1_reg$$Limit = .
     408      408        0     1 .option_setting_ofs1.endof
     408      408        0     1         __ddsc_OPTION_SETTING_OFS1_END = .
 1010018  1010018        0     1 .option_setting_osis.startof
 1010018  1010018        0     1         __ddsc_OPTION_SETTING_OSIS_START = .
 1010018  1010018        0     1 __option_setting_osis_reg$$
 1010018  1010018        0     1         __option_setting_osis_reg$$Base = .
 1010018  1010018        0     1         __option_setting_osis_reg$$Limit = .
 1010018  1010018        0     1 .option_setting_osis.endof
 1010018  1010018        0     1         __ddsc_OPTION_SETTING_OSIS_END = .
 1010018  1010018        0     1 PROVIDE ( __tls_base = ADDR ( __ram_tdata$$ ) )
 1010018  1010018        0     1 PROVIDE ( __tdata_source = LOADADDR ( __ram_tdata$$ ) )
 1010018  1010018        0     1 PROVIDE ( __tdata_size = SIZEOF ( __ram_tdata$$ ) )
 1010018  1010018        0     1 PROVIDE ( __tbss_offset = ADDR ( __ram_tbss$$ ) - ADDR ( __ram_tdata$$ ) )
 1010018  1010018        0     1 PROVIDE ( __tbss_size = SIZEOF ( __ram_tbss$$ ) )
 1010018  1010018        0     1 PROVIDE ( __arm32_tls_tcb_offset = 8 )
       0        0     4540     1 .debug_loclists
       0        0      12a     1         ./src/SensorFunctions.o:(.debug_loclists)
     12a      12a       4d     1         ./src/hal_entry.o:(.debug_loclists)
     177      177      488     1         ./ra/fsp/src/r_uarta/r_uarta.o:(.debug_loclists)
     5ff      5ff      55f     1         ./ra/fsp/src/r_sau_spi/r_sau_spi.o:(.debug_loclists)
     b5e      b5e      32f     1         ./ra/fsp/src/r_ioport/r_ioport.o:(.debug_loclists)
     e8d      e8d      37b     1         ./ra/fsp/src/r_iica_master/r_iica_master.o:(.debug_loclists)
    1208     1208       df     1         ./ra/fsp/src/bsp/mcu/all/bsp_clocks.o:(.debug_loclists)
    12e7     12e7       20     1         ./ra/fsp/src/bsp/mcu/all/bsp_common.o:(.debug_loclists)
    1307     1307       bf     1         ./ra/fsp/src/bsp/mcu/all/bsp_delay.o:(.debug_loclists)
    13c6     13c6       3e     1         ./ra/fsp/src/bsp/mcu/all/bsp_group_irq.o:(.debug_loclists)
    1404     1404       cf     1         ./ra/fsp/src/bsp/mcu/all/bsp_irq.o:(.debug_loclists)
    14d3     14d3       70     1         ./ra/fsp/src/bsp/mcu/all/bsp_register_protection.o:(.debug_loclists)
    1543     1543       1e     1         ./ra/fsp/src/bsp/mcu/all/bsp_sbrk.o:(.debug_loclists)
    1561     1561       29     1         ./ra/fsp/src/bsp/cmsis/Device/RENESAS/Source/system.o:(.debug_loclists)
    158a     158a       51     1         ./Modules/SimpleKeyboard/SimpleKeyboard.o:(.debug_loclists)
    15db     15db       60     1         ./Modules/SimpleKeyboard/SimpleKeyboard_User.o:(.debug_loclists)
    163b     163b      19d     1         ./Modules/Serial_ASCII/ASCII_numbers.o:(.debug_loclists)
    17d8     17d8      129     1         ./Modules/Serial_ASCII/Serial.o:(.debug_loclists)
    1901     1901       30     1         ./Modules/Serial_ASCII/Serial_user.o:(.debug_loclists)
    1931     1931       2a     1         C:\Renesas\e2_studio_25_10\toolchains\llvm_arm\LLVM-ET-Arm-18.1.3-Windows-x86_64\bin\..\lib\clang-runtimes/arm-none-eabi/armv6m_soft_nofp_exn_rtti\lib\libc.a(libc_picolib_inittls.c.o):(.debug_loclists)
    195b     195b       3f     1         C:\Renesas\e2_studio_25_10\toolchains\llvm_arm\LLVM-ET-Arm-18.1.3-Windows-x86_64\bin\..\lib\clang-runtimes/arm-none-eabi/armv6m_soft_nofp_exn_rtti\lib\libc.a(libc_tinystdio_sprintf.c.o):(.debug_loclists)
    199a     199a     1051     1         C:\Renesas\e2_studio_25_10\toolchains\llvm_arm\LLVM-ET-Arm-18.1.3-Windows-x86_64\bin\..\lib\clang-runtimes/arm-none-eabi/armv6m_soft_nofp_exn_rtti\lib\libc.a(libc_tinystdio_vfprintf.c.o):(.debug_loclists)
    29eb     29eb      1e2     1         C:\Renesas\e2_studio_25_10\toolchains\llvm_arm\LLVM-ET-Arm-18.1.3-Windows-x86_64\bin\..\lib\clang-runtimes/arm-none-eabi/armv6m_soft_nofp_exn_rtti\lib\libc.a(libc_tinystdio_dtox_engine.c.o):(.debug_loclists)
    2bcd     2bcd       25     1         C:\Renesas\e2_studio_25_10\toolchains\llvm_arm\LLVM-ET-Arm-18.1.3-Windows-x86_64\bin\..\lib\clang-runtimes/arm-none-eabi/armv6m_soft_nofp_exn_rtti\lib\libc.a(libc_string_strnlen.c.o):(.debug_loclists)
    2bf2     2bf2     104e     1         C:\Renesas\e2_studio_25_10\toolchains\llvm_arm\LLVM-ET-Arm-18.1.3-Windows-x86_64\bin\..\lib\clang-runtimes/arm-none-eabi/armv6m_soft_nofp_exn_rtti\lib\libc.a(libc_tinystdio_dtoa_ryu.c.o):(.debug_loclists)
    3c40     3c40       34     1         C:\Renesas\e2_studio_25_10\toolchains\llvm_arm\LLVM-ET-Arm-18.1.3-Windows-x86_64\bin\..\lib\clang-runtimes/arm-none-eabi/armv6m_soft_nofp_exn_rtti\lib\libc.a(libc_tinystdio_ryu_log10.c.o):(.debug_loclists)
    3c74     3c74       1e     1         C:\Renesas\e2_studio_25_10\toolchains\llvm_arm\LLVM-ET-Arm-18.1.3-Windows-x86_64\bin\..\lib\clang-runtimes/arm-none-eabi/armv6m_soft_nofp_exn_rtti\lib\libc.a(libc_tinystdio_ryu_pow5bits.c.o):(.debug_loclists)
    3c92     3c92      279     1         C:\Renesas\e2_studio_25_10\toolchains\llvm_arm\LLVM-ET-Arm-18.1.3-Windows-x86_64\bin\..\lib\clang-runtimes/arm-none-eabi/armv6m_soft_nofp_exn_rtti\lib\libc.a(libc_tinystdio_ryu_table.c.o):(.debug_loclists)
    3f0b     3f0b      53f     1         C:\Renesas\e2_studio_25_10\toolchains\llvm_arm\LLVM-ET-Arm-18.1.3-Windows-x86_64\bin\..\lib\clang-runtimes/arm-none-eabi/armv6m_soft_nofp_exn_rtti\lib\libc.a(libc_tinystdio_ryu_umul128.c.o):(.debug_loclists)
    444a     444a       2d     1         C:\Renesas\e2_studio_25_10\toolchains\llvm_arm\LLVM-ET-Arm-18.1.3-Windows-x86_64\bin\..\lib\clang-runtimes/arm-none-eabi/armv6m_soft_nofp_exn_rtti\lib\libc.a(bzero.c.o):(.debug_loclists)
    4477     4477       7a     1         C:\Renesas\e2_studio_25_10\toolchains\llvm_arm\LLVM-ET-Arm-18.1.3-Windows-x86_64\bin\..\lib\clang-runtimes/arm-none-eabi/armv6m_soft_nofp_exn_rtti\lib\libc.a(memcpy.c.o):(.debug_loclists)
    44f1     44f1       4f     1         C:\Renesas\e2_studio_25_10\toolchains\llvm_arm\LLVM-ET-Arm-18.1.3-Windows-x86_64\bin\..\lib\clang-runtimes/arm-none-eabi/armv6m_soft_nofp_exn_rtti\lib\libc.a(memset.c.o):(.debug_loclists)
       0        0     35f2     1 .debug_abbrev
       0        0       eb     1         ./src/SensorFunctions.o:(.debug_abbrev)
      eb       eb      31a     1         ./src/hal_entry.o:(.debug_abbrev)
     405      405      10d     1         ./ra_gen/common_data.o:(.debug_abbrev)
     512      512      233     1         ./ra_gen/hal_data.o:(.debug_abbrev)
     745      745       3c     1         ./ra_gen/main.o:(.debug_abbrev)
     781      781       e6     1         ./ra_gen/pin_data.o:(.debug_abbrev)
     867      867       62     1         ./ra_gen/vector_data.o:(.debug_abbrev)
     8c9      8c9      3bf     1         ./ra/fsp/src/r_uarta/r_uarta.o:(.debug_abbrev)
     c88      c88      3f9     1         ./ra/fsp/src/r_sau_spi/r_sau_spi.o:(.debug_abbrev)
    1081     1081      2c0     1         ./ra/fsp/src/r_ioport/r_ioport.o:(.debug_abbrev)
    1341     1341      3fd     1         ./ra/fsp/src/r_iica_master/r_iica_master.o:(.debug_abbrev)
    173e     173e       a2     1         ./ra/fsp/src/bsp/mcu/ra0e1/bsp_linker.o:(.debug_abbrev)
    17e0     17e0      29d     1         ./ra/fsp/src/bsp/mcu/all/bsp_clocks.o:(.debug_abbrev)
    1a7d     1a7d      149     1         ./ra/fsp/src/bsp/mcu/all/bsp_common.o:(.debug_abbrev)
    1bc6     1bc6       ad     1         ./ra/fsp/src/bsp/mcu/all/bsp_delay.o:(.debug_abbrev)
    1c73     1c73      1f4     1         ./ra/fsp/src/bsp/mcu/all/bsp_group_irq.o:(.debug_abbrev)
    1e67     1e67       44     1         ./ra/fsp/src/bsp/mcu/all/bsp_io.o:(.debug_abbrev)
    1eab     1eab      1ba     1         ./ra/fsp/src/bsp/mcu/all/bsp_irq.o:(.debug_abbrev)
    2065     2065      1ad     1         ./ra/fsp/src/bsp/mcu/all/bsp_register_protection.o:(.debug_abbrev)
    2212     2212       67     1         ./ra/fsp/src/bsp/mcu/all/bsp_sbrk.o:(.debug_abbrev)
    2279     2279       a7     1         ./ra/fsp/src/bsp/cmsis/Device/RENESAS/Source/startup.o:(.debug_abbrev)
    2320     2320      174     1         ./ra/fsp/src/bsp/cmsis/Device/RENESAS/Source/system.o:(.debug_abbrev)
    2494     2494       43     1         ./ra/board/ra0e1_fpb/board_init.o:(.debug_abbrev)
    24d7     24d7       91     1         ./ra/board/ra0e1_fpb/board_leds.o:(.debug_abbrev)
    2568     2568       7b     1         ./Modules/SimpleKeyboard/SimpleKeyboard.o:(.debug_abbrev)
    25e3     25e3      120     1         ./Modules/SimpleKeyboard/SimpleKeyboard_User.o:(.debug_abbrev)
    2703     2703       81     1         ./Modules/Serial_ASCII/ASCII_numbers.o:(.debug_abbrev)
    2784     2784      189     1         ./Modules/Serial_ASCII/Serial.o:(.debug_abbrev)
    290d     290d       dd     1         ./Modules/Serial_ASCII/Serial_user.o:(.debug_abbrev)
    29ea     29ea       87     1         ./Modules/Scheduler/Scheduler.o:(.debug_abbrev)
    2a71     2a71       2e     1         C:\Renesas\e2_studio_25_10\toolchains\llvm_arm\LLVM-ET-Arm-18.1.3-Windows-x86_64\bin\..\lib\clang-runtimes/arm-none-eabi/armv6m_soft_nofp_exn_rtti\lib\libc.a(libc_errno_errno.c.o):(.debug_abbrev)
    2a9f     2a9f       74     1         C:\Renesas\e2_studio_25_10\toolchains\llvm_arm\LLVM-ET-Arm-18.1.3-Windows-x86_64\bin\..\lib\clang-runtimes/arm-none-eabi/armv6m_soft_nofp_exn_rtti\lib\libc.a(libc_picolib_inittls.c.o):(.debug_abbrev)
    2b13     2b13       62     1         C:\Renesas\e2_studio_25_10\toolchains\llvm_arm\LLVM-ET-Arm-18.1.3-Windows-x86_64\bin\..\lib\clang-runtimes/arm-none-eabi/armv6m_soft_nofp_exn_rtti\lib\libc.a(libc_picolib_machine_arm_tls.c.o):(.debug_abbrev)
    2b75     2b75       21     1         C:\Renesas\e2_studio_25_10\toolchains\llvm_arm\LLVM-ET-Arm-18.1.3-Windows-x86_64\bin\..\lib\clang-runtimes/arm-none-eabi/armv6m_soft_nofp_exn_rtti\lib\libc.a(libc_picolib_machine_arm_read_tp.S.o):(.debug_abbrev)
    2b96     2b96       cf     1         C:\Renesas\e2_studio_25_10\toolchains\llvm_arm\LLVM-ET-Arm-18.1.3-Windows-x86_64\bin\..\lib\clang-runtimes/arm-none-eabi/armv6m_soft_nofp_exn_rtti\lib\libc.a(libc_tinystdio_sprintf.c.o):(.debug_abbrev)
    2c65     2c65       9a     1         C:\Renesas\e2_studio_25_10\toolchains\llvm_arm\LLVM-ET-Arm-18.1.3-Windows-x86_64\bin\..\lib\clang-runtimes/arm-none-eabi/armv6m_soft_nofp_exn_rtti\lib\libc.a(libc_tinystdio_filestrput.c.o):(.debug_abbrev)
    2cff     2cff      1bf     1         C:\Renesas\e2_studio_25_10\toolchains\llvm_arm\LLVM-ET-Arm-18.1.3-Windows-x86_64\bin\..\lib\clang-runtimes/arm-none-eabi/armv6m_soft_nofp_exn_rtti\lib\libc.a(libc_tinystdio_vfprintf.c.o):(.debug_abbrev)
    2ebe     2ebe       c0     1         C:\Renesas\e2_studio_25_10\toolchains\llvm_arm\LLVM-ET-Arm-18.1.3-Windows-x86_64\bin\..\lib\clang-runtimes/arm-none-eabi/armv6m_soft_nofp_exn_rtti\lib\libc.a(libc_tinystdio_dtox_engine.c.o):(.debug_abbrev)
    2f7e     2f7e       87     1         C:\Renesas\e2_studio_25_10\toolchains\llvm_arm\LLVM-ET-Arm-18.1.3-Windows-x86_64\bin\..\lib\clang-runtimes/arm-none-eabi/armv6m_soft_nofp_exn_rtti\lib\libc.a(libc_string_strnlen.c.o):(.debug_abbrev)
    3005     3005      214     1         C:\Renesas\e2_studio_25_10\toolchains\llvm_arm\LLVM-ET-Arm-18.1.3-Windows-x86_64\bin\..\lib\clang-runtimes/arm-none-eabi/armv6m_soft_nofp_exn_rtti\lib\libc.a(libc_tinystdio_dtoa_ryu.c.o):(.debug_abbrev)
    3219     3219       64     1         C:\Renesas\e2_studio_25_10\toolchains\llvm_arm\LLVM-ET-Arm-18.1.3-Windows-x86_64\bin\..\lib\clang-runtimes/arm-none-eabi/armv6m_soft_nofp_exn_rtti\lib\libc.a(libc_tinystdio_ryu_log10.c.o):(.debug_abbrev)
    327d     327d       62     1         C:\Renesas\e2_studio_25_10\toolchains\llvm_arm\LLVM-ET-Arm-18.1.3-Windows-x86_64\bin\..\lib\clang-runtimes/arm-none-eabi/armv6m_soft_nofp_exn_rtti\lib\libc.a(libc_tinystdio_ryu_pow5bits.c.o):(.debug_abbrev)
    32df     32df       e6     1         C:\Renesas\e2_studio_25_10\toolchains\llvm_arm\LLVM-ET-Arm-18.1.3-Windows-x86_64\bin\..\lib\clang-runtimes/arm-none-eabi/armv6m_soft_nofp_exn_rtti\lib\libc.a(libc_tinystdio_ryu_table.c.o):(.debug_abbrev)
    33c5     33c5       89     1         C:\Renesas\e2_studio_25_10\toolchains\llvm_arm\LLVM-ET-Arm-18.1.3-Windows-x86_64\bin\..\lib\clang-runtimes/arm-none-eabi/armv6m_soft_nofp_exn_rtti\lib\libc.a(libc_tinystdio_ryu_umul128.c.o):(.debug_abbrev)
    344e     344e       5e     1         C:\Renesas\e2_studio_25_10\toolchains\llvm_arm\LLVM-ET-Arm-18.1.3-Windows-x86_64\bin\..\lib\clang-runtimes/arm-none-eabi/armv6m_soft_nofp_exn_rtti\lib\libc.a(bzero.c.o):(.debug_abbrev)
    34ac     34ac       a0     1         C:\Renesas\e2_studio_25_10\toolchains\llvm_arm\LLVM-ET-Arm-18.1.3-Windows-x86_64\bin\..\lib\clang-runtimes/arm-none-eabi/armv6m_soft_nofp_exn_rtti\lib\libc.a(memcpy.c.o):(.debug_abbrev)
    354c     354c       85     1         C:\Renesas\e2_studio_25_10\toolchains\llvm_arm\LLVM-ET-Arm-18.1.3-Windows-x86_64\bin\..\lib\clang-runtimes/arm-none-eabi/armv6m_soft_nofp_exn_rtti\lib\libc.a(memset.c.o):(.debug_abbrev)
    35d1     35d1       21     1         C:\Renesas\e2_studio_25_10\toolchains\llvm_arm\LLVM-ET-Arm-18.1.3-Windows-x86_64\bin\..\lib\clang-runtimes/arm-none-eabi/armv6m_soft_nofp_exn_rtti\lib\libc.a(strlen.S.o):(.debug_abbrev)
       0        0    168a0     1 .debug_info
       0        0      20f     1         ./src/SensorFunctions.o:(.debug_info)
     20f      20f     2a7a     1         ./src/hal_entry.o:(.debug_info)
    2c89     2c89      be2     1         ./ra_gen/common_data.o:(.debug_info)
    386b     386b     2580     1         ./ra_gen/hal_data.o:(.debug_info)
    5deb     5deb       37     1         ./ra_gen/main.o:(.debug_info)
    5e22     5e22      49b     1         ./ra_gen/pin_data.o:(.debug_info)
    62bd     62bd       4e     1         ./ra_gen/vector_data.o:(.debug_info)
    630b     630b     2085     1         ./ra/fsp/src/r_uarta/r_uarta.o:(.debug_info)
    8390     8390     2c24     1         ./ra/fsp/src/r_sau_spi/r_sau_spi.o:(.debug_info)
    afb4     afb4     18e5     1         ./ra/fsp/src/r_ioport/r_ioport.o:(.debug_info)
    c899     c899     253c     1         ./ra/fsp/src/r_iica_master/r_iica_master.o:(.debug_info)
    edd5     edd5      187     1         ./ra/fsp/src/bsp/mcu/ra0e1/bsp_linker.o:(.debug_info)
    ef5c     ef5c     23b4     1         ./ra/fsp/src/bsp/mcu/all/bsp_clocks.o:(.debug_info)
   11310    11310      58a     1         ./ra/fsp/src/bsp/mcu/all/bsp_common.o:(.debug_info)
   1189a    1189a       eb     1         ./ra/fsp/src/bsp/mcu/all/bsp_delay.o:(.debug_info)
   11985    11985     1237     1         ./ra/fsp/src/bsp/mcu/all/bsp_group_irq.o:(.debug_info)
   12bbc    12bbc       43     1         ./ra/fsp/src/bsp/mcu/all/bsp_io.o:(.debug_info)
   12bff    12bff      365     1         ./ra/fsp/src/bsp/mcu/all/bsp_irq.o:(.debug_info)
   12f64    12f64      9e1     1         ./ra/fsp/src/bsp/mcu/all/bsp_register_protection.o:(.debug_info)
   13945    13945       5f     1         ./ra/fsp/src/bsp/mcu/all/bsp_sbrk.o:(.debug_info)
   139a4    139a4       b1     1         ./ra/fsp/src/bsp/cmsis/Device/RENESAS/Source/startup.o:(.debug_info)
   13a55    13a55      191     1         ./ra/fsp/src/bsp/cmsis/Device/RENESAS/Source/system.o:(.debug_info)
   13be6    13be6       3b     1         ./ra/board/ra0e1_fpb/board_init.o:(.debug_info)
   13c21    13c21       88     1         ./ra/board/ra0e1_fpb/board_leds.o:(.debug_info)
   13ca9    13ca9       74     1         ./Modules/SimpleKeyboard/SimpleKeyboard.o:(.debug_info)
   13d1d    13d1d      737     1         ./Modules/SimpleKeyboard/SimpleKeyboard_User.o:(.debug_info)
   14454    14454      13c     1         ./Modules/Serial_ASCII/ASCII_numbers.o:(.debug_info)
   14590    14590      662     1         ./Modules/Serial_ASCII/Serial.o:(.debug_info)
   14bf2    14bf2      20d     1         ./Modules/Serial_ASCII/Serial_user.o:(.debug_info)
   14dff    14dff      10e     1         ./Modules/Scheduler/Scheduler.o:(.debug_info)
   14f0d    14f0d       2e     1         C:\Renesas\e2_studio_25_10\toolchains\llvm_arm\LLVM-ET-Arm-18.1.3-Windows-x86_64\bin\..\lib\clang-runtimes/arm-none-eabi/armv6m_soft_nofp_exn_rtti\lib\libc.a(libc_errno_errno.c.o):(.debug_info)
   14f3b    14f3b       64     1         C:\Renesas\e2_studio_25_10\toolchains\llvm_arm\LLVM-ET-Arm-18.1.3-Windows-x86_64\bin\..\lib\clang-runtimes/arm-none-eabi/armv6m_soft_nofp_exn_rtti\lib\libc.a(libc_picolib_inittls.c.o):(.debug_info)
   14f9f    14f9f       60     1         C:\Renesas\e2_studio_25_10\toolchains\llvm_arm\LLVM-ET-Arm-18.1.3-Windows-x86_64\bin\..\lib\clang-runtimes/arm-none-eabi/armv6m_soft_nofp_exn_rtti\lib\libc.a(libc_picolib_machine_arm_tls.c.o):(.debug_info)
   14fff    14fff      123     1         C:\Renesas\e2_studio_25_10\toolchains\llvm_arm\LLVM-ET-Arm-18.1.3-Windows-x86_64\bin\..\lib\clang-runtimes/arm-none-eabi/armv6m_soft_nofp_exn_rtti\lib\libc.a(libc_picolib_machine_arm_read_tp.S.o):(.debug_info)
   15122    15122      160     1         C:\Renesas\e2_studio_25_10\toolchains\llvm_arm\LLVM-ET-Arm-18.1.3-Windows-x86_64\bin\..\lib\clang-runtimes/arm-none-eabi/armv6m_soft_nofp_exn_rtti\lib\libc.a(libc_tinystdio_sprintf.c.o):(.debug_info)
   15282    15282      13c     1         C:\Renesas\e2_studio_25_10\toolchains\llvm_arm\LLVM-ET-Arm-18.1.3-Windows-x86_64\bin\..\lib\clang-runtimes/arm-none-eabi/armv6m_soft_nofp_exn_rtti\lib\libc.a(libc_tinystdio_filestrput.c.o):(.debug_info)
   153be    153be      455     1         C:\Renesas\e2_studio_25_10\toolchains\llvm_arm\LLVM-ET-Arm-18.1.3-Windows-x86_64\bin\..\lib\clang-runtimes/arm-none-eabi/armv6m_soft_nofp_exn_rtti\lib\libc.a(libc_tinystdio_vfprintf.c.o):(.debug_info)
   15813    15813      134     1         C:\Renesas\e2_studio_25_10\toolchains\llvm_arm\LLVM-ET-Arm-18.1.3-Windows-x86_64\bin\..\lib\clang-runtimes/arm-none-eabi/armv6m_soft_nofp_exn_rtti\lib\libc.a(libc_tinystdio_dtox_engine.c.o):(.debug_info)
   15947    15947       6e     1         C:\Renesas\e2_studio_25_10\toolchains\llvm_arm\LLVM-ET-Arm-18.1.3-Windows-x86_64\bin\..\lib\clang-runtimes/arm-none-eabi/armv6m_soft_nofp_exn_rtti\lib\libc.a(libc_string_strnlen.c.o):(.debug_info)
   159b5    159b5      7d2     1         C:\Renesas\e2_studio_25_10\toolchains\llvm_arm\LLVM-ET-Arm-18.1.3-Windows-x86_64\bin\..\lib\clang-runtimes/arm-none-eabi/armv6m_soft_nofp_exn_rtti\lib\libc.a(libc_tinystdio_dtoa_ryu.c.o):(.debug_info)
   16187    16187       8b     1         C:\Renesas\e2_studio_25_10\toolchains\llvm_arm\LLVM-ET-Arm-18.1.3-Windows-x86_64\bin\..\lib\clang-runtimes/arm-none-eabi/armv6m_soft_nofp_exn_rtti\lib\libc.a(libc_tinystdio_ryu_log10.c.o):(.debug_info)
   16212    16212       6e     1         C:\Renesas\e2_studio_25_10\toolchains\llvm_arm\LLVM-ET-Arm-18.1.3-Windows-x86_64\bin\..\lib\clang-runtimes/arm-none-eabi/armv6m_soft_nofp_exn_rtti\lib\libc.a(libc_tinystdio_ryu_pow5bits.c.o):(.debug_info)
   16280    16280      236     1         C:\Renesas\e2_studio_25_10\toolchains\llvm_arm\LLVM-ET-Arm-18.1.3-Windows-x86_64\bin\..\lib\clang-runtimes/arm-none-eabi/armv6m_soft_nofp_exn_rtti\lib\libc.a(libc_tinystdio_ryu_table.c.o):(.debug_info)
   164b6    164b6      16c     1         C:\Renesas\e2_studio_25_10\toolchains\llvm_arm\LLVM-ET-Arm-18.1.3-Windows-x86_64\bin\..\lib\clang-runtimes/arm-none-eabi/armv6m_soft_nofp_exn_rtti\lib\libc.a(libc_tinystdio_ryu_umul128.c.o):(.debug_info)
   16622    16622       53     1         C:\Renesas\e2_studio_25_10\toolchains\llvm_arm\LLVM-ET-Arm-18.1.3-Windows-x86_64\bin\..\lib\clang-runtimes/arm-none-eabi/armv6m_soft_nofp_exn_rtti\lib\libc.a(bzero.c.o):(.debug_info)
   16675    16675       97     1         C:\Renesas\e2_studio_25_10\toolchains\llvm_arm\LLVM-ET-Arm-18.1.3-Windows-x86_64\bin\..\lib\clang-runtimes/arm-none-eabi/armv6m_soft_nofp_exn_rtti\lib\libc.a(memcpy.c.o):(.debug_info)
   1670c    1670c       78     1         C:\Renesas\e2_studio_25_10\toolchains\llvm_arm\LLVM-ET-Arm-18.1.3-Windows-x86_64\bin\..\lib\clang-runtimes/arm-none-eabi/armv6m_soft_nofp_exn_rtti\lib\libc.a(memset.c.o):(.debug_info)
   16784    16784      11c     1         C:\Renesas\e2_studio_25_10\toolchains\llvm_arm\LLVM-ET-Arm-18.1.3-Windows-x86_64\bin\..\lib\clang-runtimes/arm-none-eabi/armv6m_soft_nofp_exn_rtti\lib\libc.a(strlen.S.o):(.debug_info)
       0        0      550     1 .debug_rnglists
       0        0       20     1         ./src/SensorFunctions.o:(.debug_rnglists)
      20       20       1e     1         ./src/hal_entry.o:(.debug_rnglists)
      3e       3e       5e     1         ./ra/fsp/src/r_uarta/r_uarta.o:(.debug_rnglists)
      9c       9c       57     1         ./ra/fsp/src/r_sau_spi/r_sau_spi.o:(.debug_rnglists)
      f3       f3       5b     1         ./ra/fsp/src/r_ioport/r_ioport.o:(.debug_rnglists)
     14e      14e       95     1         ./ra/fsp/src/r_iica_master/r_iica_master.o:(.debug_rnglists)
     1e3      1e3       30     1         ./ra/fsp/src/bsp/mcu/all/bsp_clocks.o:(.debug_rnglists)
     213      213       1a     1         ./ra/fsp/src/bsp/mcu/all/bsp_common.o:(.debug_rnglists)
     22d      22d       17     1         ./ra/fsp/src/bsp/mcu/all/bsp_delay.o:(.debug_rnglists)
     244      244       17     1         ./ra/fsp/src/bsp/mcu/all/bsp_group_irq.o:(.debug_rnglists)
     25b      25b       26     1         ./ra/fsp/src/bsp/mcu/all/bsp_irq.o:(.debug_rnglists)
     281      281       17     1         ./ra/fsp/src/bsp/mcu/all/bsp_register_protection.o:(.debug_rnglists)
     298      298       17     1         ./ra/fsp/src/bsp/cmsis/Device/RENESAS/Source/startup.o:(.debug_rnglists)
     2af      2af       1b     1         ./ra/fsp/src/bsp/cmsis/Device/RENESAS/Source/system.o:(.debug_rnglists)
     2ca      2ca       18     1         ./Modules/SimpleKeyboard/SimpleKeyboard_User.o:(.debug_rnglists)
     2e2      2e2       18     1         ./Modules/Serial_ASCII/ASCII_numbers.o:(.debug_rnglists)
     2fa      2fa       1f     1         ./Modules/Serial_ASCII/Serial.o:(.debug_rnglists)
     319      319       18     1         ./Modules/Serial_ASCII/Serial_user.o:(.debug_rnglists)
     331      331       18     1         ./Modules/Scheduler/Scheduler.o:(.debug_rnglists)
     349      349      148     1         C:\Renesas\e2_studio_25_10\toolchains\llvm_arm\LLVM-ET-Arm-18.1.3-Windows-x86_64\bin\..\lib\clang-runtimes/arm-none-eabi/armv6m_soft_nofp_exn_rtti\lib\libc.a(libc_tinystdio_vfprintf.c.o):(.debug_rnglists)
     491      491       75     1         C:\Renesas\e2_studio_25_10\toolchains\llvm_arm\LLVM-ET-Arm-18.1.3-Windows-x86_64\bin\..\lib\clang-runtimes/arm-none-eabi/armv6m_soft_nofp_exn_rtti\lib\libc.a(libc_tinystdio_dtoa_ryu.c.o):(.debug_rnglists)
     506      506       17     1         C:\Renesas\e2_studio_25_10\toolchains\llvm_arm\LLVM-ET-Arm-18.1.3-Windows-x86_64\bin\..\lib\clang-runtimes/arm-none-eabi/armv6m_soft_nofp_exn_rtti\lib\libc.a(libc_tinystdio_ryu_log10.c.o):(.debug_rnglists)
     51d      51d       1c     1         C:\Renesas\e2_studio_25_10\toolchains\llvm_arm\LLVM-ET-Arm-18.1.3-Windows-x86_64\bin\..\lib\clang-runtimes/arm-none-eabi/armv6m_soft_nofp_exn_rtti\lib\libc.a(libc_tinystdio_ryu_table.c.o):(.debug_rnglists)
     539      539       17     1         C:\Renesas\e2_studio_25_10\toolchains\llvm_arm\LLVM-ET-Arm-18.1.3-Windows-x86_64\bin\..\lib\clang-runtimes/arm-none-eabi/armv6m_soft_nofp_exn_rtti\lib\libc.a(libc_tinystdio_ryu_umul128.c.o):(.debug_rnglists)
       0        0     94f8     1 .debug_str_offsets
       0        0       b0     1         ./src/SensorFunctions.o:(.debug_str_offsets)
      b0       b0     11d4     1         ./src/hal_entry.o:(.debug_str_offsets)
    1284     1284      8b4     1         ./ra_gen/common_data.o:(.debug_str_offsets)
    1b38     1b38     1004     1         ./ra_gen/hal_data.o:(.debug_str_offsets)
    2b3c     2b3c       1c     1         ./ra_gen/main.o:(.debug_str_offsets)
    2b58     2b58      428     1         ./ra_gen/pin_data.o:(.debug_str_offsets)
    2f80     2f80       20     1         ./ra_gen/vector_data.o:(.debug_str_offsets)
    2fa0     2fa0      c20     1         ./ra/fsp/src/r_uarta/r_uarta.o:(.debug_str_offsets)
    3bc0     3bc0     1160     1         ./ra/fsp/src/r_sau_spi/r_sau_spi.o:(.debug_str_offsets)
    4d20     4d20      bd0     1         ./ra/fsp/src/r_ioport/r_ioport.o:(.debug_str_offsets)
    58f0     58f0      f68     1         ./ra/fsp/src/r_iica_master/r_iica_master.o:(.debug_str_offsets)
    6858     6858       88     1         ./ra/fsp/src/bsp/mcu/ra0e1/bsp_linker.o:(.debug_str_offsets)
    68e0     68e0      94c     1         ./ra/fsp/src/bsp/mcu/all/bsp_clocks.o:(.debug_str_offsets)
    722c     722c      45c     1         ./ra/fsp/src/bsp/mcu/all/bsp_common.o:(.debug_str_offsets)
    7688     7688       6c     1         ./ra/fsp/src/bsp/mcu/all/bsp_delay.o:(.debug_str_offsets)
    76f4     76f4      828     1         ./ra/fsp/src/bsp/mcu/all/bsp_group_irq.o:(.debug_str_offsets)
    7f1c     7f1c       24     1         ./ra/fsp/src/bsp/mcu/all/bsp_io.o:(.debug_str_offsets)
    7f40     7f40      1a0     1         ./ra/fsp/src/bsp/mcu/all/bsp_irq.o:(.debug_str_offsets)
    80e0     80e0      258     1         ./ra/fsp/src/bsp/mcu/all/bsp_register_protection.o:(.debug_str_offsets)
    8338     8338       2c     1         ./ra/fsp/src/bsp/mcu/all/bsp_sbrk.o:(.debug_str_offsets)
    8364     8364       3c     1         ./ra/fsp/src/bsp/cmsis/Device/RENESAS/Source/startup.o:(.debug_str_offsets)
    83a0     83a0       94     1         ./ra/fsp/src/bsp/cmsis/Device/RENESAS/Source/system.o:(.debug_str_offsets)
    8434     8434       1c     1         ./ra/board/ra0e1_fpb/board_init.o:(.debug_str_offsets)
    8450     8450       3c     1         ./ra/board/ra0e1_fpb/board_leds.o:(.debug_str_offsets)
    848c     848c       34     1         ./Modules/SimpleKeyboard/SimpleKeyboard.o:(.debug_str_offsets)
    84c0     84c0      26c     1         ./Modules/SimpleKeyboard/SimpleKeyboard_User.o:(.debug_str_offsets)
    872c     872c       64     1         ./Modules/Serial_ASCII/ASCII_numbers.o:(.debug_str_offsets)
    8790     8790      4c4     1         ./Modules/Serial_ASCII/Serial.o:(.debug_str_offsets)
    8c54     8c54       94     1         ./Modules/Serial_ASCII/Serial_user.o:(.debug_str_offsets)
    8ce8     8ce8       68     1         ./Modules/Scheduler/Scheduler.o:(.debug_str_offsets)
    8d50     8d50       1c     1         C:\Renesas\e2_studio_25_10\toolchains\llvm_arm\LLVM-ET-Arm-18.1.3-Windows-x86_64\bin\..\lib\clang-runtimes/arm-none-eabi/armv6m_soft_nofp_exn_rtti\lib\libc.a(libc_errno_errno.c.o):(.debug_str_offsets)
    8d6c     8d6c       30     1         C:\Renesas\e2_studio_25_10\toolchains\llvm_arm\LLVM-ET-Arm-18.1.3-Windows-x86_64\bin\..\lib\clang-runtimes/arm-none-eabi/armv6m_soft_nofp_exn_rtti\lib\libc.a(libc_picolib_inittls.c.o):(.debug_str_offsets)
    8d9c     8d9c       30     1         C:\Renesas\e2_studio_25_10\toolchains\llvm_arm\LLVM-ET-Arm-18.1.3-Windows-x86_64\bin\..\lib\clang-runtimes/arm-none-eabi/armv6m_soft_nofp_exn_rtti\lib\libc.a(libc_picolib_machine_arm_tls.c.o):(.debug_str_offsets)
    8dcc     8dcc       94     1         C:\Renesas\e2_studio_25_10\toolchains\llvm_arm\LLVM-ET-Arm-18.1.3-Windows-x86_64\bin\..\lib\clang-runtimes/arm-none-eabi/armv6m_soft_nofp_exn_rtti\lib\libc.a(libc_tinystdio_sprintf.c.o):(.debug_str_offsets)
    8e60     8e60       84     1         C:\Renesas\e2_studio_25_10\toolchains\llvm_arm\LLVM-ET-Arm-18.1.3-Windows-x86_64\bin\..\lib\clang-runtimes/arm-none-eabi/armv6m_soft_nofp_exn_rtti\lib\libc.a(libc_tinystdio_filestrput.c.o):(.debug_str_offsets)
    8ee4     8ee4      16c     1         C:\Renesas\e2_studio_25_10\toolchains\llvm_arm\LLVM-ET-Arm-18.1.3-Windows-x86_64\bin\..\lib\clang-runtimes/arm-none-eabi/armv6m_soft_nofp_exn_rtti\lib\libc.a(libc_tinystdio_vfprintf.c.o):(.debug_str_offsets)
    9050     9050       80     1         C:\Renesas\e2_studio_25_10\toolchains\llvm_arm\LLVM-ET-Arm-18.1.3-Windows-x86_64\bin\..\lib\clang-runtimes/arm-none-eabi/armv6m_soft_nofp_exn_rtti\lib\libc.a(libc_tinystdio_dtox_engine.c.o):(.debug_str_offsets)
    90d0     90d0       30     1         C:\Renesas\e2_studio_25_10\toolchains\llvm_arm\LLVM-ET-Arm-18.1.3-Windows-x86_64\bin\..\lib\clang-runtimes/arm-none-eabi/armv6m_soft_nofp_exn_rtti\lib\libc.a(libc_string_strnlen.c.o):(.debug_str_offsets)
    9100     9100      1c0     1         C:\Renesas\e2_studio_25_10\toolchains\llvm_arm\LLVM-ET-Arm-18.1.3-Windows-x86_64\bin\..\lib\clang-runtimes/arm-none-eabi/armv6m_soft_nofp_exn_rtti\lib\libc.a(libc_tinystdio_dtoa_ryu.c.o):(.debug_str_offsets)
    92c0     92c0       38     1         C:\Renesas\e2_studio_25_10\toolchains\llvm_arm\LLVM-ET-Arm-18.1.3-Windows-x86_64\bin\..\lib\clang-runtimes/arm-none-eabi/armv6m_soft_nofp_exn_rtti\lib\libc.a(libc_tinystdio_ryu_log10.c.o):(.debug_str_offsets)
    92f8     92f8       34     1         C:\Renesas\e2_studio_25_10\toolchains\llvm_arm\LLVM-ET-Arm-18.1.3-Windows-x86_64\bin\..\lib\clang-runtimes/arm-none-eabi/armv6m_soft_nofp_exn_rtti\lib\libc.a(libc_tinystdio_ryu_pow5bits.c.o):(.debug_str_offsets)
    932c     932c       94     1         C:\Renesas\e2_studio_25_10\toolchains\llvm_arm\LLVM-ET-Arm-18.1.3-Windows-x86_64\bin\..\lib\clang-runtimes/arm-none-eabi/armv6m_soft_nofp_exn_rtti\lib\libc.a(libc_tinystdio_ryu_table.c.o):(.debug_str_offsets)
    93c0     93c0       9c     1         C:\Renesas\e2_studio_25_10\toolchains\llvm_arm\LLVM-ET-Arm-18.1.3-Windows-x86_64\bin\..\lib\clang-runtimes/arm-none-eabi/armv6m_soft_nofp_exn_rtti\lib\libc.a(libc_tinystdio_ryu_umul128.c.o):(.debug_str_offsets)
    945c     945c       28     1         C:\Renesas\e2_studio_25_10\toolchains\llvm_arm\LLVM-ET-Arm-18.1.3-Windows-x86_64\bin\..\lib\clang-runtimes/arm-none-eabi/armv6m_soft_nofp_exn_rtti\lib\libc.a(bzero.c.o):(.debug_str_offsets)
    9484     9484       3c     1         C:\Renesas\e2_studio_25_10\toolchains\llvm_arm\LLVM-ET-Arm-18.1.3-Windows-x86_64\bin\..\lib\clang-runtimes/arm-none-eabi/armv6m_soft_nofp_exn_rtti\lib\libc.a(memcpy.c.o):(.debug_str_offsets)
    94c0     94c0       38     1         C:\Renesas\e2_studio_25_10\toolchains\llvm_arm\LLVM-ET-Arm-18.1.3-Windows-x86_64\bin\..\lib\clang-runtimes/arm-none-eabi/armv6m_soft_nofp_exn_rtti\lib\libc.a(memset.c.o):(.debug_str_offsets)
       0        0     a070     1 .debug_str
       0        0     a070     1         <internal>:(.debug_str)
       0        0      6e0     1 .debug_addr
       0        0       1c     1         ./src/SensorFunctions.o:(.debug_addr)
      1c       1c       78     1         ./src/hal_entry.o:(.debug_addr)
      94       94       14     1         ./ra_gen/common_data.o:(.debug_addr)
      a8       a8       40     1         ./ra_gen/hal_data.o:(.debug_addr)
      e8       e8        c     1         ./ra_gen/main.o:(.debug_addr)
      f4       f4       10     1         ./ra_gen/pin_data.o:(.debug_addr)
     104      104        c     1         ./ra_gen/vector_data.o:(.debug_addr)
     110      110       94     1         ./ra/fsp/src/r_uarta/r_uarta.o:(.debug_addr)
     1a4      1a4       84     1         ./ra/fsp/src/r_sau_spi/r_sau_spi.o:(.debug_addr)
     228      228       64     1         ./ra/fsp/src/r_ioport/r_ioport.o:(.debug_addr)
     28c      28c       90     1         ./ra/fsp/src/r_iica_master/r_iica_master.o:(.debug_addr)
[...]
__ram_zero$$Limit                                 fsp_gen.lld:135
                                                  ./ra/fsp/src/bsp/mcu/ra0e1/bsp_linker.o
__ram_tbss$$Base                                  fsp_gen.lld:149
                                                  ./ra/fsp/src/bsp/mcu/ra0e1/bsp_linker.o
__ram_tbss$$Limit                                 fsp_gen.lld:154
                                                  ./ra/fsp/src/bsp/mcu/ra0e1/bsp_linker.o
__ram_from_data_flash$$Base                       fsp_gen.lld:38
                                                  ./ra/fsp/src/bsp/mcu/ra0e1/bsp_linker.o
__ram_from_data_flash$$Limit                      fsp_gen.lld:43
                                                  ./ra/fsp/src/bsp/mcu/ra0e1/bsp_linker.o
__ram_from_data_flash$$Load                       fsp_gen.lld:38
                                                  ./ra/fsp/src/bsp/mcu/ra0e1/bsp_linker.o
__ram_from_flash$$Base                            fsp_gen.lld:108
                                                  ./ra/fsp/src/bsp/mcu/ra0e1/bsp_linker.o
__ram_from_flash$$Limit                           fsp_gen.lld:115
                                                  ./ra/fsp/src/bsp/mcu/ra0e1/bsp_linker.o
__ram_from_flash$$Load                            fsp_gen.lld:108
                                                  ./ra/fsp/src/bsp/mcu/ra0e1/bsp_linker.o
__ram_tdata$$Base                                 fsp_gen.lld:140
                                                  ./ra/fsp/src/bsp/mcu/ra0e1/bsp_linker.o
__ram_tdata$$Limit                                fsp_gen.lld:144
                                                  ./ra/fsp/src/bsp/mcu/ra0e1/bsp_linker.o
__ram_tdata$$Load                                 fsp_gen.lld:140
                                                  ./ra/fsp/src/bsp/mcu/ra0e1/bsp_linker.o
bsp_prv_operating_mode_set                        ./ra/fsp/src/bsp/mcu/all/bsp_clocks.o
SystemCoreClockUpdate                             ./ra/fsp/src/bsp/mcu/all/bsp_clocks.o
                                                  ./ra/fsp/src/bsp/cmsis/Device/RENESAS/Source/system.o
bsp_prv_clock_set                                 ./ra/fsp/src/bsp/mcu/all/bsp_clocks.o
bsp_clock_init                                    ./ra/fsp/src/bsp/mcu/all/bsp_clocks.o
                                                  ./ra/fsp/src/bsp/cmsis/Device/RENESAS/Source/system.o
R_BSP_SubClockStabilizeWaitAfterReset             ./ra/fsp/src/bsp/mcu/all/bsp_clocks.o
R_BSP_Init_RTC                                    ./ra/fsp/src/bsp/mcu/all/bsp_clocks.o
                                                  ./ra/fsp/src/bsp/cmsis/Device/RENESAS/Source/system.o
bsp_init                                          ./ra/board/ra0e1_fpb/board_init.o
                                                  ./ra/fsp/src/bsp/mcu/all/bsp_common.o
                                                  ./ra/fsp/src/bsp/cmsis/Device/RENESAS/Source/system.o
bsp_prv_software_delay_loop                       ./ra/fsp/src/bsp/mcu/all/bsp_delay.o
g_bsp_group_irq_sources                           ./ra/fsp/src/bsp/mcu/all/bsp_group_irq.o
NMI_Handler                                       ./ra/fsp/src/bsp/mcu/all/bsp_group_irq.o
                                                  ./ra/fsp/src/bsp/cmsis/Device/RENESAS/Source/startup.o
R_BSP_IrqCfg                                      ./ra/fsp/src/bsp/mcu/all/bsp_irq.o
R_BSP_IrqEnableNoClear                            ./ra/fsp/src/bsp/mcu/all/bsp_irq.o
bsp_irq_cfg                                       ./ra/fsp/src/bsp/mcu/all/bsp_irq.o
                                                  ./ra/fsp/src/bsp/cmsis/Device/RENESAS/Source/system.o
Reset_Handler                                     ./ra/fsp/src/bsp/cmsis/Device/RENESAS/Source/startup.o
SystemInit                                        ./ra/fsp/src/bsp/cmsis/Device/RENESAS/Source/system.o
                                                  ./ra/fsp/src/bsp/cmsis/Device/RENESAS/Source/startup.o
Default_Handler                                   ./ra/fsp/src/bsp/cmsis/Device/RENESAS/Source/startup.o
g_main_stack                                      ./ra/fsp/src/bsp/cmsis/Device/RENESAS/Source/startup.o
__Vectors                                         ./ra/fsp/src/bsp/cmsis/Device/RENESAS/Source/startup.o
                                                  ./ra/fsp/src/bsp/cmsis/Device/RENESAS/Source/system.o
HardFault_Handler                                 ./ra/fsp/src/bsp/cmsis/Device/RENESAS/Source/startup.o
MemManage_Handler                                 ./ra/fsp/src/bsp/cmsis/Device/RENESAS/Source/startup.o
BusFault_Handler                                  ./ra/fsp/src/bsp/cmsis/Device/RENESAS/Source/startup.o
UsageFault_Handler                                ./ra/fsp/src/bsp/cmsis/Device/RENESAS/Source/startup.o
SecureFault_Handler                               ./ra/fsp/src/bsp/cmsis/Device/RENESAS/Source/startup.o
SVC_Handler                                       ./ra/fsp/src/bsp/cmsis/Device/RENESAS/Source/startup.o
DebugMon_Handler                                  ./ra/fsp/src/bsp/cmsis/Device/RENESAS/Source/startup.o
PendSV_Handler                                    ./ra/fsp/src/bsp/cmsis/Device/RENESAS/Source/startup.o
SysTick_Handler                                   ./Modules/Scheduler/Scheduler.o
                                                  ./ra/fsp/src/bsp/cmsis/Device/RENESAS/Source/startup.o
_init_tls                                         C:\Renesas\e2_studio_25_10\toolchains\llvm_arm\LLVM-ET-Arm-18.1.3-Windows-x86_64\bin\..\lib\clang-runtimes/arm-none-eabi/armv6m_soft_nofp_exn_rtti\lib\libc.a(libc_picolib_inittls.c.o)
                                                  ./ra/fsp/src/bsp/cmsis/Device/RENESAS/Source/system.o
_set_tls                                          C:\Renesas\e2_studio_25_10\toolchains\llvm_arm\LLVM-ET-Arm-18.1.3-Windows-x86_64\bin\..\lib\clang-runtimes/arm-none-eabi/armv6m_soft_nofp_exn_rtti\lib\libc.a(libc_picolib_machine_arm_tls.c.o)
                                                  ./ra/fsp/src/bsp/cmsis/Device/RENESAS/Source/system.o
__tls_base                                        fsp_gen.lld:305
                                                  ./ra/fsp/src/bsp/cmsis/Device/RENESAS/Source/system.o
__init_array_start                                fsp_gen.lld:212
                                                  ./ra/fsp/src/bsp/cmsis/Device/RENESAS/Source/system.o
__init_array_end                                  fsp_gen.lld:215
                                                  ./ra/fsp/src/bsp/cmsis/Device/RENESAS/Source/system.o
__aeabi_memclr4                                   C:\Renesas\e2_studio_25_10\toolchains\llvm_arm\LLVM-ET-Arm-18.1.3-Windows-x86_64\bin\..\lib\clang-runtimes/arm-none-eabi/armv6m_soft_nofp_exn_rtti\lib\libc.a(bzero.c.o)
                                                  ./ra/fsp/src/bsp/cmsis/Device/RENESAS/Source/system.o
__aeabi_memcpy4                                   C:\Renesas\e2_studio_25_10\toolchains\llvm_arm\LLVM-ET-Arm-18.1.3-Windows-x86_64\bin\..\lib\clang-runtimes/arm-none-eabi/armv6m_soft_nofp_exn_rtti\lib\libc.a(memcpy.c.o)
                                                  ./ra/fsp/src/bsp/cmsis/Device/RENESAS/Source/system.o
nextSerialTxOut                                   ./Modules/Serial_ASCII/Serial.o
nextSerialTxIn                                    ./Modules/Serial_ASCII/Serial.o
nextSerialRxIn                                    ./Modules/Serial_ASCII/Serial.o
nextSerialRx2Proc                                 ./Modules/Serial_ASCII/Serial.o
                                                  ./Modules/Serial_ASCII/Serial_user.o
commError                                         ./Modules/Serial_ASCII/Serial.o
txBuffer                                          ./Modules/Serial_ASCII/Serial.o
rxBuffer                                          ./Modules/Serial_ASCII/Serial.o
                                                  ./Modules/Serial_ASCII/Serial_user.o
streamIntervalDelay                               ./Modules/Serial_ASCII/Serial_user.o
                                                  ./Modules/Scheduler/Scheduler.o
inPacket                                          ./Modules/Serial_ASCII/Serial_user.o
nextPacketChar                                    ./Modules/Serial_ASCII/Serial_user.o
packetBuffer                                      ./Modules/Serial_ASCII/Serial_user.o
ten_mS_Counter                                    ./Modules/Scheduler/Scheduler.o
twentyfive_mS_Counter                             ./Modules/Scheduler/Scheduler.o
hundred_mS_Counter                                ./Modules/Scheduler/Scheduler.o
one_S_Counter                                     ./Modules/Scheduler/Scheduler.o
reportStreamInterval_Counter                      ./Modules/Scheduler/Scheduler.o
i2c_timeout_Flag                                  ./Modules/Scheduler/Scheduler.o
i2c_timeout_Counter                               ./Modules/Scheduler/Scheduler.o
__aeabi_memclr                                    C:\Renesas\e2_studio_25_10\toolchains\llvm_arm\LLVM-ET-Arm-18.1.3-Windows-x86_64\bin\..\lib\clang-runtimes/arm-none-eabi/armv6m_soft_nofp_exn_rtti\lib\libc.a(bzero.c.o)
                                                  C:\Renesas\e2_studio_25_10\toolchains\llvm_arm\LLVM-ET-Arm-18.1.3-Windows-x86_64\bin\..\lib\clang-runtimes/arm-none-eabi/armv6m_soft_nofp_exn_rtti\lib\libc.a(libc_picolib_inittls.c.o)
__tdata_source                                    fsp_gen.lld:306
                                                  C:\Renesas\e2_studio_25_10\toolchains\llvm_arm\LLVM-ET-Arm-18.1.3-Windows-x86_64\bin\..\lib\clang-runtimes/arm-none-eabi/armv6m_soft_nofp_exn_rtti\lib\libc.a(libc_picolib_inittls.c.o)
__tdata_size                                      fsp_gen.lld:307
                                                  C:\Renesas\e2_studio_25_10\toolchains\llvm_arm\LLVM-ET-Arm-18.1.3-Windows-x86_64\bin\..\lib\clang-runtimes/arm-none-eabi/armv6m_soft_nofp_exn_rtti\lib\libc.a(libc_picolib_inittls.c.o)
__tbss_offset                                     fsp_gen.lld:308
                                                  C:\Renesas\e2_studio_25_10\toolchains\llvm_arm\LLVM-ET-Arm-18.1.3-Windows-x86_64\bin\..\lib\clang-runtimes/arm-none-eabi/armv6m_soft_nofp_exn_rtti\lib\libc.a(libc_picolib_inittls.c.o)
__tbss_size                                       fsp_gen.lld:309
                                                  C:\Renesas\e2_studio_25_10\toolchains\llvm_arm\LLVM-ET-Arm-18.1.3-Windows-x86_64\bin\..\lib\clang-runtimes/arm-none-eabi/armv6m_soft_nofp_exn_rtti\lib\libc.a(libc_picolib_inittls.c.o)
__arm32_tls_tcb_offset                            fsp_gen.lld:310
                                                  C:\Renesas\e2_studio_25_10\toolchains\llvm_arm\LLVM-ET-Arm-18.1.3-Windows-x86_64\bin\..\lib\clang-runtimes/arm-none-eabi/armv6m_soft_nofp_exn_rtti\lib\libc.a(libc_picolib_machine_arm_tls.c.o)
__tls                                             C:\Renesas\e2_studio_25_10\toolchains\llvm_arm\LLVM-ET-Arm-18.1.3-Windows-x86_64\bin\..\lib\clang-runtimes/arm-none-eabi/armv6m_soft_nofp_exn_rtti\lib\libc.a(libc_picolib_machine_arm_read_tp.S.o)
                                                  C:\Renesas\e2_studio_25_10\toolchains\llvm_arm\LLVM-ET-Arm-18.1.3-Windows-x86_64\bin\..\lib\clang-runtimes/arm-none-eabi/armv6m_soft_nofp_exn_rtti\lib\libc.a(libc_picolib_machine_arm_tls.c.o)
vfprintf                                          C:\Renesas\e2_studio_25_10\toolchains\llvm_arm\LLVM-ET-Arm-18.1.3-Windows-x86_64\bin\..\lib\clang-runtimes/arm-none-eabi/armv6m_soft_nofp_exn_rtti\lib\libc.a(libc_tinystdio_vfprintf.c.o)
                                                  C:\Renesas\e2_studio_25_10\toolchains\llvm_arm\LLVM-ET-Arm-18.1.3-Windows-x86_64\bin\..\lib\clang-runtimes/arm-none-eabi/armv6m_soft_nofp_exn_rtti\lib\libc.a(libc_tinystdio_sprintf.c.o)
__file_str_put                                    C:\Renesas\e2_studio_25_10\toolchains\llvm_arm\LLVM-ET-Arm-18.1.3-Windows-x86_64\bin\..\lib\clang-runtimes/arm-none-eabi/armv6m_soft_nofp_exn_rtti\lib\libc.a(libc_tinystdio_filestrput.c.o)
                                                  C:\Renesas\e2_studio_25_10\toolchains\llvm_arm\LLVM-ET-Arm-18.1.3-Windows-x86_64\bin\..\lib\clang-runtimes/arm-none-eabi/armv6m_soft_nofp_exn_rtti\lib\libc.a(libc_tinystdio_sprintf.c.o)
__dtox_engine                                     C:\Renesas\e2_studio_25_10\toolchains\llvm_arm\LLVM-ET-Arm-18.1.3-Windows-x86_64\bin\..\lib\clang-runtimes/arm-none-eabi/armv6m_soft_nofp_exn_rtti\lib\libc.a(libc_tinystdio_dtox_engine.c.o)
                                                  C:\Renesas\e2_studio_25_10\toolchains\llvm_arm\LLVM-ET-Arm-18.1.3-Windows-x86_64\bin\..\lib\clang-runtimes/arm-none-eabi/armv6m_soft_nofp_exn_rtti\lib\libc.a(libc_tinystdio_vfprintf.c.o)
__dtoa_engine                                     C:\Renesas\e2_studio_25_10\toolchains\llvm_arm\LLVM-ET-Arm-18.1.3-Windows-x86_64\bin\..\lib\clang-runtimes/arm-none-eabi/armv6m_soft_nofp_exn_rtti\lib\libc.a(libc_tinystdio_dtoa_ryu.c.o)
                                                  C:\Renesas\e2_studio_25_10\toolchains\llvm_arm\LLVM-ET-Arm-18.1.3-Windows-x86_64\bin\..\lib\clang-runtimes/arm-none-eabi/armv6m_soft_nofp_exn_rtti\lib\libc.a(libc_tinystdio_vfprintf.c.o)
strnlen                                           C:\Renesas\e2_studio_25_10\toolchains\llvm_arm\LLVM-ET-Arm-18.1.3-Windows-x86_64\bin\..\lib\clang-runtimes/arm-none-eabi/armv6m_soft_nofp_exn_rtti\lib\libc.a(libc_string_strnlen.c.o)
                                                  C:\Renesas\e2_studio_25_10\toolchains\llvm_arm\LLVM-ET-Arm-18.1.3-Windows-x86_64\bin\..\lib\clang-runtimes/arm-none-eabi/armv6m_soft_nofp_exn_rtti\lib\libc.a(libc_tinystdio_vfprintf.c.o)
__d_vfprintf                                      C:\Renesas\e2_studio_25_10\toolchains\llvm_arm\LLVM-ET-Arm-18.1.3-Windows-x86_64\bin\..\lib\clang-runtimes/arm-none-eabi/armv6m_soft_nofp_exn_rtti\lib\libc.a(libc_tinystdio_vfprintf.c.o)
__log10Pow2                                       C:\Renesas\e2_studio_25_10\toolchains\llvm_arm\LLVM-ET-Arm-18.1.3-Windows-x86_64\bin\..\lib\clang-runtimes/arm-none-eabi/armv6m_soft_nofp_exn_rtti\lib\libc.a(libc_tinystdio_ryu_log10.c.o)
                                                  C:\Renesas\e2_studio_25_10\toolchains\llvm_arm\LLVM-ET-Arm-18.1.3-Windows-x86_64\bin\..\lib\clang-runtimes/arm-none-eabi/armv6m_soft_nofp_exn_rtti\lib\libc.a(libc_tinystdio_dtoa_ryu.c.o)
__pow5bits                                        C:\Renesas\e2_studio_25_10\toolchains\llvm_arm\LLVM-ET-Arm-18.1.3-Windows-x86_64\bin\..\lib\clang-runtimes/arm-none-eabi/armv6m_soft_nofp_exn_rtti\lib\libc.a(libc_tinystdio_ryu_pow5bits.c.o)
                                                  C:\Renesas\e2_studio_25_10\toolchains\llvm_arm\LLVM-ET-Arm-18.1.3-Windows-x86_64\bin\..\lib\clang-runtimes/arm-none-eabi/armv6m_soft_nofp_exn_rtti\lib\libc.a(libc_tinystdio_dtoa_ryu.c.o)
                                                  C:\Renesas\e2_studio_25_10\toolchains\llvm_arm\LLVM-ET-Arm-18.1.3-Windows-x86_64\bin\..\lib\clang-runtimes/arm-none-eabi/armv6m_soft_nofp_exn_rtti\lib\libc.a(libc_tinystdio_ryu_table.c.o)
__double_computeInvPow5                           C:\Renesas\e2_studio_25_10\toolchains\llvm_arm\LLVM-ET-Arm-18.1.3-Windows-x86_64\bin\..\lib\clang-runtimes/arm-none-eabi/armv6m_soft_nofp_exn_rtti\lib\libc.a(libc_tinystdio_ryu_table.c.o)
                                                  C:\Renesas\e2_studio_25_10\toolchains\llvm_arm\LLVM-ET-Arm-18.1.3-Windows-x86_64\bin\..\lib\clang-runtimes/arm-none-eabi/armv6m_soft_nofp_exn_rtti\lib\libc.a(libc_tinystdio_dtoa_ryu.c.o)
__pow5Factor                                      C:\Renesas\e2_studio_25_10\toolchains\llvm_arm\LLVM-ET-Arm-18.1.3-Windows-x86_64\bin\..\lib\clang-runtimes/arm-none-eabi/armv6m_soft_nofp_exn_rtti\lib\libc.a(libc_tinystdio_ryu_table.c.o)
                                                  C:\Renesas\e2_studio_25_10\toolchains\llvm_arm\LLVM-ET-Arm-18.1.3-Windows-x86_64\bin\..\lib\clang-runtimes/arm-none-eabi/armv6m_soft_nofp_exn_rtti\lib\libc.a(libc_tinystdio_dtoa_ryu.c.o)
__log10Pow5                                       C:\Renesas\e2_studio_25_10\toolchains\llvm_arm\LLVM-ET-Arm-18.1.3-Windows-x86_64\bin\..\lib\clang-runtimes/arm-none-eabi/armv6m_soft_nofp_exn_rtti\lib\libc.a(libc_tinystdio_ryu_log10.c.o)
                                                  C:\Renesas\e2_studio_25_10\toolchains\llvm_arm\LLVM-ET-Arm-18.1.3-Windows-x86_64\bin\..\lib\clang-runtimes/arm-none-eabi/armv6m_soft_nofp_exn_rtti\lib\libc.a(libc_tinystdio_dtoa_ryu.c.o)
__double_computePow5                              C:\Renesas\e2_studio_25_10\toolchains\llvm_arm\LLVM-ET-Arm-18.1.3-Windows-x86_64\bin\..\lib\clang-runtimes/arm-none-eabi/armv6m_soft_nofp_exn_rtti\lib\libc.a(libc_tinystdio_ryu_table.c.o)
                                                  C:\Renesas\e2_studio_25_10\toolchains\llvm_arm\LLVM-ET-Arm-18.1.3-Windows-x86_64\bin\..\lib\clang-runtimes/arm-none-eabi/armv6m_soft_nofp_exn_rtti\lib\libc.a(libc_tinystdio_dtoa_ryu.c.o)
__umul128                                         C:\Renesas\e2_studio_25_10\toolchains\llvm_arm\LLVM-ET-Arm-18.1.3-Windows-x86_64\bin\..\lib\clang-runtimes/arm-none-eabi/armv6m_soft_nofp_exn_rtti\lib\libc.a(libc_tinystdio_ryu_umul128.c.o)
                                                  C:\Renesas\e2_studio_25_10\toolchains\llvm_arm\LLVM-ET-Arm-18.1.3-Windows-x86_64\bin\..\lib\clang-runtimes/arm-none-eabi/armv6m_soft_nofp_exn_rtti\lib\libc.a(libc_tinystdio_dtoa_ryu.c.o)
                                                  C:\Renesas\e2_studio_25_10\toolchains\llvm_arm\LLVM-ET-Arm-18.1.3-Windows-x86_64\bin\..\lib\clang-runtimes/arm-none-eabi/armv6m_soft_nofp_exn_rtti\lib\libc.a(libc_tinystdio_ryu_table.c.o)
__shiftright128                                   C:\Renesas\e2_studio_25_10\toolchains\llvm_arm\LLVM-ET-Arm-18.1.3-Windows-x86_64\bin\..\lib\clang-runtimes/arm-none-eabi/armv6m_soft_nofp_exn_rtti\lib\libc.a(libc_tinystdio_ryu_umul128.c.o)
                                                  C:\Renesas\e2_studio_25_10\toolchains\llvm_arm\LLVM-ET-Arm-18.1.3-Windows-x86_64\bin\..\lib\clang-runtimes/arm-none-eabi/armv6m_soft_nofp_exn_rtti\lib\libc.a(libc_tinystdio_dtoa_ryu.c.o)
                                                  C:\Renesas\e2_studio_25_10\toolchains\llvm_arm\LLVM-ET-Arm-18.1.3-Windows-x86_64\bin\..\lib\clang-runtimes/arm-none-eabi/armv6m_soft_nofp_exn_rtti\lib\libc.a(libc_tinystdio_ryu_table.c.o)
bzero                                             C:\Renesas\e2_studio_25_10\toolchains\llvm_arm\LLVM-ET-Arm-18.1.3-Windows-x86_64\bin\..\lib\clang-runtimes/arm-none-eabi/armv6m_soft_nofp_exn_rtti\lib\libc.a(bzero.c.o)
memset                                            C:\Renesas\e2_studio_25_10\toolchains\llvm_arm\LLVM-ET-Arm-18.1.3-Windows-x86_64\bin\..\lib\clang-runtimes/arm-none-eabi/armv6m_soft_nofp_exn_rtti\lib\libc.a(memset.c.o)
                                                  C:\Renesas\e2_studio_25_10\toolchains\llvm_arm\LLVM-ET-Arm-18.1.3-Windows-x86_64\bin\..\lib\clang-runtimes/arm-none-eabi/armv6m_soft_nofp_exn_rtti\lib\libc.a(bzero.c.o)
__aeabi_memclr8                                   C:\Renesas\e2_studio_25_10\toolchains\llvm_arm\LLVM-ET-Arm-18.1.3-Windows-x86_64\bin\..\lib\clang-runtimes/arm-none-eabi/armv6m_soft_nofp_exn_rtti\lib\libc.a(bzero.c.o)
memcpy                                            C:\Renesas\e2_studio_25_10\toolchains\llvm_arm\LLVM-ET-Arm-18.1.3-Windows-x86_64\bin\..\lib\clang-runtimes/arm-none-eabi/armv6m_soft_nofp_exn_rtti\lib\libc.a(memcpy.c.o)
__aeabi_memcpy8                                   C:\Renesas\e2_studio_25_10\toolchains\llvm_arm\LLVM-ET-Arm-18.1.3-Windows-x86_64\bin\..\lib\clang-runtimes/arm-none-eabi/armv6m_soft_nofp_exn_rtti\lib\libc.a(memcpy.c.o)
