     VMA      LMA     Size Align Out     In      Symbol
       0        0        0     1 RAM_START = 0x20004000
       0        0        0     1 RAM_LENGTH = 0x00003000
       0        0        0     1 FLASH_START = 0x00000440
       0        0        0     1 FLASH_LENGTH = 0x0000fbc0
       0        0        0     1 DATA_FLASH_START = 0x40100000
       0        0        0     1 DATA_FLASH_LENGTH = 0x00000400
       0        0        0     1 OPTION_SETTING_OFS0_START = 0x00000400
       0        0        0     1 OPTION_SETTING_OFS0_LENGTH = 0x00000004
       0        0        0     1 OPTION_SETTING_OFS1_START = 0x00000404
       0        0        0     1 OPTION_SETTING_OFS1_LENGTH = 0x00000004
       0        0        0     1 OPTION_SETTING_OSIS_START = 0x01010018
       0        0        0     1 OPTION_SETTING_OSIS_LENGTH = 0x00000020
       0        0        0     1 FLASH_GAP_START = 0x00000000
       0        0        0     1 FLASH_GAP_LENGTH = 0x00000400
40100000 40100000        0     1 .data_flash.startof
40100000 40100000        0     1         __ddsc_DATA_FLASH_START = .
20004000 20004000        0     1 .ram.startof
20004000 20004000        0     1         __ddsc_RAM_START = .
20004000 20004000        0     1 __ram_dtc_vector$$
20004000 20004000        0     1         __ram_dtc_vector$$Base = .
20004000 20004000        0     1         __ram_dtc_vector$$Limit = .
20004000 20004000        0     1 __ram_from_data_flash$$
20004000 20004000        0     1         __ram_from_data_flash$$Base = .
20004000 20004000        0     1         __ram_from_data_flash$$Load = LOADADDR ( __ram_from_data_flash$$ )
20004000 20004000        0     1         __ram_from_data_flash$$Limit = .
40100000 40100000        0     1 __data_flash_readonly$$
40100000 40100000        0     1         __data_flash_readonly$$Base = .
40100000 40100000        0     1         __data_flash_readonly$$Limit = .
40100000 40100000        0     1 __data_flash_noinit$$
40100000 40100000        0     1         __data_flash_noinit$$Base = .
40100000 40100000        0     1         __data_flash_noinit$$Limit = .
40100000 40100000        0     1 .data_flash.endof
40100000 40100000        0     1         __ddsc_DATA_FLASH_END = .
       0        0        0     1 .flash.startof
       0        0        0     1         __ddsc_FLASH_START = .
       0        0       e8     4 __flash_vectors$$
       0        0        0     1         __flash_vectors$$Base = .
       0        0        0     1         _VECTORS = .
       0        0       40     4         ./ra/fsp/src/bsp/cmsis/Device/RENESAS/Source/startup.o:(.fixed_vectors)
       0        0       40     1                 __Vectors
      40       40       a8     4         ./ra_gen/vector_data.o:(.application_vectors)
      40       40       a8     1                 g_vector_table
      e8       e8        0     1         __flash_vectors$$Limit = .
      e8       e8      134     4 __flash_readonly_gap$$
      e8       e8        0     1         __flash_readonly_gap$$Base = .
      e8       e8       10     4         ./ra/fsp/src/bsp/mcu/ra0e1/bsp_linker.o:(.rodata.g_init_info)
      e8       e8       10     1                 g_init_info
      f8       f8       18     4         ./ra/fsp/src/bsp/mcu/ra0e1/bsp_linker.o:(.rodata.zero_list)
      f8       f8       18     1                 zero_list
     110      110       30     4         ./ra/fsp/src/bsp/mcu/ra0e1/bsp_linker.o:(.rodata.copy_list)
     110      110       30     1                 copy_list
     140      140        e     2         ./ra/fsp/src/bsp/cmsis/Device/RENESAS/Source/startup.o:(.text.Reset_Handler)
     140      140        0     1                 $t.0
     141      141        e     1                 Reset_Handler
     150      150       80     4         ./ra/fsp/src/bsp/cmsis/Device/RENESAS/Source/system.o:(.text.SystemInit)
     150      150        0     1                 $t.0
     151      151       80     1                 SystemInit
     1b8      1b8        0     1                 $d.1
     1d0      1d0       4c     4         ./ra/fsp/src/bsp/cmsis/Device/RENESAS/Source/system.o:(.text.SystemRuntimeInit)
     1d0      1d0        0     1                 $t.3
     1d1      1d1       4c     1                 SystemRuntimeInit
     218      218        0     1                 $d.4
     21c      21c        0     1         __flash_readonly_gap$$Limit = .
     440      440        0     1 __flash_noinit$$
     440      440        0     1         __flash_noinit$$Base = .
     440      440        0     1         __flash_noinit$$Limit = .
20004000      440       4a     2 __ram_from_flash$$
20004000      440        0     1         __ram_from_flash$$Base = .
20004000      440        0     1         __ram_from_flash$$Load = LOADADDR ( __ram_from_flash$$ )
20004000      440        1     1         ./src/hal_entry.o:(.data.i2c_event)
20004000      440        1     1                 i2c_event
20004001      441       38     1         ./src/hal_entry.o:(.data..L_MergedGlobals)
20004001      441        1     1                 nozzleNo
20004002      442        1     1                 keyCode
20004003      443        1     1                 currentTempF
20004004      444        1     1                 currentHum
20004005      445        1     1                 noBytestoRW
20004006      446        1     1                 hw_startADC
20004007      447        2     1                 spiCmdGetBarometricPressure
20004009      449        2     1                 hw_setupADC
2000400b      44b        3     1                 spiCmdStartSingle
2000400e      44e        7     1                 spiCmdReadValue
20004015      455        8     1                 readEEpromValues
2000401d      45d       1c     1                 testPacket
2000403a      47a        4     2         ./ra_gen/hal_data.o:(.data.g_uart0_baud_setting)
2000403a      47a        4     1                 g_uart0_baud_setting
2000403e      47e        2     2         ./Modules/Serial_ASCII/Serial_user.o:(.data.streamIntervalDelay)
2000403e      47e        2     1                 streamIntervalDelay
20004040      480        a     2         ./Modules/Scheduler/Scheduler.o:(.data..L_MergedGlobals)
20004040      480        2     1                 ten_mS_Counter
20004042      482        2     1                 twentyfive_mS_Counter
20004044      484        2     1                 hundred_mS_Counter
20004046      486        2     1                 one_S_Counter
20004048      488        2     1                 reportStreamInterval_Counter
2000404a      48a        0     1         __ram_from_flash$$Limit = .
20004050 20004050      414     8 __ram_noinit$$
20004050 20004050        0     1         __ram_noinit$$Base = .
20004050 20004050      400     8         ./ra/fsp/src/bsp/cmsis/Device/RENESAS/Source/startup.o:(.bss.g_main_stack)
20004050 20004050      400     1                 g_main_stack
20004450 20004450       14     4         ./ra/fsp/src/bsp/mcu/all/bsp_clocks.o:(.ram_noinit)
20004450 20004450       14     1                 g_clock_freq
20004464 20004464        0     1         __ram_noinit$$Limit = .
20004470 20004470      354    16 __ram_zero$$
20004470 20004470        0     1         __ram_zero$$Base = .
20004470 20004470        1     1         ./src/hal_entry.o:(.bss.buttonPushed)
20004470 20004470        1     1                 buttonPushed
20004471 20004471        1     1         ./src/hal_entry.o:(.bss.i2cBusy)
20004471 20004471        1     1                 i2cBusy
20004472 20004472       32     1         ./src/hal_entry.o:(.bss.msg_str)
20004472 20004472       32     1                 msg_str
200044a4 200044a4        1     1         ./src/hal_entry.o:(.bss.transferNotComplete)
200044a4 200044a4        1     1                 transferNotComplete
200044a8 200044a8       60     4         ./src/hal_entry.o:(.bss..L_MergedGlobals.4)
200044a8 200044a8        1     1                 pin_level
200044a9 200044a9        1     1                 getTempHum
200044aa 200044aa        1     1                 getTempHumState
200044ab 200044ab        1     1                 readEEPROM
200044ac 200044ac        1     1                 writeEEPROM
200044ad 200044ad        1     1                 eepromReadWriteState
200044ae 200044ae        1     1                 sampleData_DLHR_1
200044af 200044af        1     1                 sampleData_Barometer
200044b0 200044b0        1     1                 sampleData_HW
200044b1 200044b1        1     1                 sensorSampleState
200044b2 200044b2        1     1                 busBusy_SPI
200044b3 200044b3        1     1                 sensorSelectState
200044b4 200044b4        2     1                 readWriteStartingRegister
200044b8 200044b8        4     1                 status
200044bc 200044bc        4     1                 err
200044c0 200044c0        6     1                 sensorRegisters
200044c6 200044c6        7     1                 spiReadSensorData
200044cd 200044cd        8     1                 writeEEpromValues
200044d6 200044d6        c     1                 testUINT16Array
200044e4 200044e4       24     1                 bar_spi0_cfg
20004508 20004508       74     4         ./src/hal_entry.o:(.bss..L_MergedGlobals.5)
20004508 20004508       24     1                 dlhr_spi0_cfg
2000452c 2000452c       28     1                 pressureSensor1
20004554 20004554       28     1                 temperatureSensor
2000457c 2000457c       50     4         ./src/hal_entry.o:(.bss..L_MergedGlobals.6)
2000457c 2000457c       28     1                 humiditySensor
200045a4 200045a4       28     1                 pressureSensorBarometer
200045cc 200045cc        8     4         ./ra_gen/common_data.o:(.bss.g_ioport_ctrl)
200045cc 200045cc        8     1                 g_ioport_ctrl
200045d4 200045d4       2c     4         ./ra_gen/hal_data.o:(.bss.g_spi0_ctrl)
200045d4 200045d4       2c     1                 g_spi0_ctrl
20004600 20004600       34     4         ./ra_gen/hal_data.o:(.bss.g_iica_master0_ctrl)
20004600 20004600       34     1                 g_iica_master0_ctrl
20004634 20004634       2c     4         ./ra_gen/hal_data.o:(.bss.g_uart0_ctrl)
20004634 20004634       2c     1                 g_uart0_ctrl
20004660 20004660       24     4         ./ra/fsp/src/bsp/mcu/all/bsp_group_irq.o:(.bss.g_bsp_group_irq_sources)
20004660 20004660       24     1                 g_bsp_group_irq_sources
20004684 20004684        4     4         ./ra/fsp/src/bsp/mcu/all/bsp_io.o:(.bss.g_protect_pfswe_counter)
20004684 20004684        4     1                 g_protect_pfswe_counter
20004688 20004688       a8     4         ./ra/fsp/src/bsp/mcu/all/bsp_irq.o:(.bss.gp_renesas_isr_context)
20004688 20004688       a8     1                 gp_renesas_isr_context
20004730 20004730        4     4         ./ra/fsp/src/bsp/cmsis/Device/RENESAS/Source/system.o:(.bss.SystemCoreClock)
20004730 20004730        4     1                 SystemCoreClock
20004734 20004734       6a     2         ./Modules/Serial_ASCII/Serial.o:(.bss..L_MergedGlobals)
20004734 20004734        1     1                 nextSerialTxOut
20004735 20004735        1     1                 nextSerialTxIn
20004736 20004736        1     1                 nextSerialRxIn
20004737 20004737        1     1                 nextSerialRx2Proc
20004738 20004738        2     1                 commError
2000473a 2000473a       32     1                 txBuffer
2000476c 2000476c       32     1                 rxBuffer
2000479e 2000479e       15     1         ./Modules/Serial_ASCII/Serial_user.o:(.bss..L_MergedGlobals)
2000479e 2000479e        1     1                 inPacket
2000479f 2000479f        1     1                 nextPacketChar
200047a0 200047a0        1     1                 processPacket
200047a1 200047a1        1     1                 streaming
200047a2 200047a2        1     1                 streamReport
200047a3 200047a3       10     1                 packetBuffer
200047b4 200047b4        8     2         ./Modules/Scheduler/Scheduler.o:(.bss..L_MergedGlobals.1)
200047b4 200047b4        1     1                 ten_mS_Flag
200047b5 200047b5        1     1                 twentyfive_mS_Flag
200047b6 200047b6        1     1                 hundred_mS_Flag
200047b7 200047b7        1     1                 one_S_Flag
200047b8 200047b8        1     1                 sendReport_Flag
200047b9 200047b9        1     1                 i2c_timeout_Flag
200047ba 200047ba        2     1                 i2c_timeout_Counter
200047c0 200047c0        4    16         C:\Renesas\e2_studio_25_10\toolchains\llvm_arm\LLVM-ET-Arm-18.1.3-Windows-x86_64\bin\..\lib\clang-runtimes/arm-none-eabi/armv6m_soft_nofp_exn_rtti\lib\libc.a(libc_picolib_machine_arm_read_tp.S.o):(.bss)
200047c0 200047c0        4     1                 __tls
200047c4 200047c4        0     1         __ram_zero$$Limit = .
200047c4 200047c4        0     1 __ram_tdata$$
200047c4 200047c4        0     1         __ram_tdata$$Base = .
200047c4 200047c4        0     1         __ram_tdata$$Load = LOADADDR ( __ram_tdata$$ )
200047c4 200047c4        0     1         __ram_tdata$$Limit = .
200047c4 200047c4        0     1 __ram_tbss$$
200047c4 200047c4        0     1         __ram_tbss$$Base = .
200047c4 200047c4        0     1         __ram_tbss$$Limit = .
200047c8 200047c8        0     1 __ram_thread_stack$$
200047c8 200047c8        0     1         __ram_thread_stack$$Base = .
200047c8 200047c8        0     1         __ram_thread_stack$$Limit = .
20004800 20004800        0     1 .ram.endof
20004800 20004800        0     1         __ddsc_RAM_END = .
     490      490     3e22     8 __flash_readonly$$
     490      490        0     1         __flash_readonly$$Base = .
     490      490       12     2         ./src/SensorFunctions.o:(.text.InitSensor)
     490      490        0     1                 $t.0
     491      491       12     1                 InitSensor
     4a2      4a2       5c     2         ./src/SensorFunctions.o:(.text.ParseParamsToUINT16)
     4a2      4a2        0     1                 $t.1
     4a3      4a3       5c     1                 ParseParamsToUINT16
     4fe      4fe       3a     2         ./src/SensorFunctions.o:(.text.AddSensorInt16Value)
     4fe      4fe        0     1                 $t.3
     4ff      4ff       3a     1                 AddSensorInt16Value
     538      538       3a     2         ./src/SensorFunctions.o:(.text.AddSensorInt32Value)
     538      538        0     1                 $t.4
     539      539       3a     1                 AddSensorInt32Value
     574      574      718     4         ./src/hal_entry.o:(.text.hal_entry)
     574      574        0     1                 $t.0
     575      575      718     1                 hal_entry
     968      968        0     1                 $d.1
     978      978        0     1                 $t.2
     9a0      9a0        0     1                 $d.3
     9dc      9dc        0     1                 $t.4
     a24      a24        0     1                 $d.5
     a4c      a4c        0     1                 $t.6
     c38      c38        0     1                 $d.7
     c8c      c8c       24     4         ./src/hal_entry.o:(.text.R_BSP_WarmStart)
     c8c      c8c        0     1                 $t.8
     c8d      c8d       24     1                 R_BSP_WarmStart
     ca4      ca4        0     1                 $d.9
     cb0      cb0       20     4         ./src/hal_entry.o:(.text.iica_master_callback)
     cb0      cb0        0     1                 $t.10
     cb1      cb1       20     1                 iica_master_callback
     cc8      cc8        0     1                 $d.11
     cd0      cd0        c     4         ./src/hal_entry.o:(.text.sau_spi_callback)
     cd0      cd0        0     1                 $t.12
     cd1      cd1        c     1                 sau_spi_callback
     cd8      cd8        0     1                 $d.13
     cdc      cdc        c     2         ./ra_gen/main.o:(.text.main)
     cdc      cdc        0     1                 $t.0
     cdd      cdd        c     1                 main
     ce8      ce8       c8     4         ./ra/fsp/src/r_uarta/r_uarta.o:(.text.R_UARTA_Open)
     ce8      ce8        0     1                 $t.0
     ce9      ce9       c8     1                 R_UARTA_Open
     d9c      d9c        0     1                 $d.1
     db0      db0       3a     2         ./ra/fsp/src/r_uarta/r_uarta.o:(.text.R_UARTA_Write)
     db0      db0        0     1                 $t.3
     db1      db1       3a     1                 R_UARTA_Write
     dec      dec       4c     4         ./ra/fsp/src/r_uarta/r_uarta.o:(.text.uarta_txi_isr)
     dec      dec        0     1                 $t.15
     ded      ded       4c     1                 uarta_txi_isr
     e34      e34        0     1                 $d.16
     e38      e38       4a     2         ./ra/fsp/src/r_uarta/r_uarta.o:(.text.r_uarta_call_callback)
     e38      e38        0     1                 $t.17
     e39      e39       4a     1                 r_uarta_call_callback
     e84      e84       5c     4         ./ra/fsp/src/r_uarta/r_uarta.o:(.text.uarta_rxi_isr)
     e84      e84        0     1                 $t.18
     e85      e85       5c     1                 uarta_rxi_isr
     ed8      ed8        0     1                 $d.19
     ee0      ee0      1b8     4         ./ra/fsp/src/r_sau_spi/r_sau_spi.o:(.text.R_SAU_SPI_Open)
     ee0      ee0        0     1                 $t.0
     ee1      ee1      1b8     1                 R_SAU_SPI_Open
    1078     1078        0     1                 $d.1
    1098     1098       12     2         ./ra/fsp/src/r_sau_spi/r_sau_spi.o:(.text.R_SAU_SPI_Write)
    1098     1098        0     1                 $t.3
    1099     1099       12     1                 R_SAU_SPI_Write
    10aa     10aa        e     2         ./ra/fsp/src/r_sau_spi/r_sau_spi.o:(.text.R_SAU_SPI_WriteRead)
    10aa     10aa        0     1                 $t.4
    10ab     10ab        e     1                 R_SAU_SPI_WriteRead
    10b8     10b8       44     2         ./ra/fsp/src/r_sau_spi/r_sau_spi.o:(.text.R_SAU_SPI_Close)
    10b8     10b8        0     1                 $t.6
    10b9     10b9       44     1                 R_SAU_SPI_Close
    10fc     10fc       98     2         ./ra/fsp/src/r_sau_spi/r_sau_spi.o:(.text.r_sau_spi_write_read_common)
    10fc     10fc        0     1                 $t.7
    10fd     10fd       98     1                 r_sau_spi_write_read_common
    1194     1194       9c     4         ./ra/fsp/src/r_sau_spi/r_sau_spi.o:(.text.sau_spi_txrxi_isr)
    1194     1194        0     1                 $t.10
    1195     1195       9c     1                 sau_spi_txrxi_isr
    122c     122c        0     1                 $d.11
    1230     1230       1a     2         ./ra/fsp/src/r_sau_spi/r_sau_spi.o:(.text.r_sau_spi_call_callback)
    1230     1230        0     1                 $t.12
    1231     1231       1a     1                 r_sau_spi_call_callback
    124a     124a       1e     2         ./ra/fsp/src/r_sau_spi/r_sau_spi.o:(.text.r_sau_spi_transmit)
    124a     124a        0     1                 $t.13
    124b     124b       1e     1                 r_sau_spi_transmit
    1268     1268       1a     2         ./ra/fsp/src/r_sau_spi/r_sau_spi.o:(.text.r_sau_spi_receive)
    1268     1268        0     1                 $t.14
    1269     1269       1a     1                 r_sau_spi_receive
    1284     1284       18     4         ./ra/fsp/src/r_ioport/r_ioport.o:(.text.R_IOPORT_Open)
    1284     1284        0     1                 $t.0
    1285     1285       18     1                 R_IOPORT_Open
    1298     1298        0     1                 $d.1
    129c     129c       40     4         ./ra/fsp/src/r_ioport/r_ioport.o:(.text.r_ioport_pins_config)
    129c     129c        0     1                 $t.22
    129d     129d       40     1                 r_ioport_pins_config
    12d8     12d8        0     1                 $d.23
    12dc     12dc       30     4         ./ra/fsp/src/r_ioport/r_ioport.o:(.text.R_BSP_PinAccessEnable)
    12dc     12dc        0     1                 $t.24
    12dd     12dd       30     1                 R_BSP_PinAccessEnable
    1304     1304        0     1                 $d.25
    130c     130c       34     4         ./ra/fsp/src/r_ioport/r_ioport.o:(.text.R_BSP_PinAccessDisable)
    130c     130c        0     1                 $t.26
    130d     130d       34     1                 R_BSP_PinAccessDisable
    1338     1338        0     1                 $d.27
    1340     1340       dc     4         ./ra/fsp/src/r_iica_master/r_iica_master.o:(.text.R_IICA_MASTER_Open)
    1340     1340        0     1                 $t.0
    1341     1341       dc     1                 R_IICA_MASTER_Open
    1404     1404        0     1                 $d.1
    141c     141c       12     2         ./ra/fsp/src/r_iica_master/r_iica_master.o:(.text.R_IICA_MASTER_Read)
    141c     141c        0     1                 $t.2
    141d     141d       12     1                 R_IICA_MASTER_Read
    142e     142e       14     2         ./ra/fsp/src/r_iica_master/r_iica_master.o:(.text.R_IICA_MASTER_Write)
    142e     142e        0     1                 $t.3
    142f     142f       14     1                 R_IICA_MASTER_Write
    1444     1444       58     4         ./ra/fsp/src/r_iica_master/r_iica_master.o:(.text.r_iica_master_read_write)
    1444     1444        0     1                 $t.11
    1445     1445       58     1                 r_iica_master_read_write
    1494     1494        0     1                 $d.12
    149c     149c       c4     4         ./ra/fsp/src/r_iica_master/r_iica_master.o:(.text.iica_master_txrxi_isr)
    149c     149c        0     1                 $t.15
    149d     149d       c4     1                 iica_master_txrxi_isr
    1554     1554        0     1                 $d.16
    1560     1560       30     4         ./ra/fsp/src/r_iica_master/r_iica_master.o:(.text.R_BSP_PinAccessEnable)
    1560     1560        0     1                 $t.17
    1561     1561       30     1                 R_BSP_PinAccessEnable
    1588     1588        0     1                 $d.18
    1590     1590       34     4         ./ra/fsp/src/r_iica_master/r_iica_master.o:(.text.R_BSP_PinAccessDisable)
    1590     1590        0     1                 $t.19
    1591     1591       34     1                 R_BSP_PinAccessDisable
    15bc     15bc        0     1                 $d.20
    15c4     15c4       26     2         ./ra/fsp/src/r_iica_master/r_iica_master.o:(.text.r_iica_master_notify)
    15c4     15c4        0     1                 $t.21
    15c5     15c5       26     1                 r_iica_master_notify
    15ec     15ec       38     4         ./ra/fsp/src/bsp/mcu/all/bsp_clocks.o:(.text.bsp_prv_operating_mode_set)
    15ec     15ec        0     1                 $t.0
    15ed     15ed       38     1                 bsp_prv_operating_mode_set
    1620     1620        0     1                 $d.1
    1624     1624       40     4         ./ra/fsp/src/bsp/mcu/all/bsp_clocks.o:(.text.SystemCoreClockUpdate)
    1624     1624        0     1                 $t.2
    1625     1625       40     1                 SystemCoreClockUpdate
    1658     1658        0     1                 $d.3
    1664     1664       74     4         ./ra/fsp/src/bsp/mcu/all/bsp_clocks.o:(.text.bsp_prv_clock_set)
    1664     1664        0     1                 $t.6
    1665     1665       74     1                 bsp_prv_clock_set
    16d4     16d4        0     1                 $d.7
    16d8     16d8       b0     4         ./ra/fsp/src/bsp/mcu/all/bsp_clocks.o:(.text.bsp_clock_init)
    16d8     16d8        0     1                 $t.8
    16d9     16d9       b0     1                 bsp_clock_init
    1764     1764        0     1                 $d.9
    1788     1788        2     2         ./ra/fsp/src/bsp/mcu/all/bsp_clocks.o:(.text.R_BSP_SubClockStabilizeWaitAfterReset)
    1788     1788        0     1                 $t.11
    1789     1789        2     1                 R_BSP_SubClockStabilizeWaitAfterReset
    178a     178a        2     2         ./ra/fsp/src/bsp/mcu/all/bsp_clocks.o:(.text.R_BSP_Init_RTC)
    178a     178a        0     1                 $t.15
    178b     178b        2     1                 R_BSP_Init_RTC
    178c     178c       4c     4         ./ra/fsp/src/bsp/mcu/all/bsp_delay.o:(.text.R_BSP_SoftwareDelay)
    178c     178c        0     1                 $t.0
    178d     178d       4c     1                 R_BSP_SoftwareDelay
    17cc     17cc        0     1                 $d.1
    17d8     17d8        8     2         ./ra/fsp/src/bsp/mcu/all/bsp_delay.o:(.text.bsp_prv_software_delay_loop)
    17d8     17d8        0     1                 sw_delay_loop
    17d8     17d8        0     1                 $t.2
    17d9     17d9        8     1                 bsp_prv_software_delay_loop
    17e0     17e0       40     4         ./ra/fsp/src/bsp/mcu/all/bsp_group_irq.o:(.text.NMI_Handler)
    17e0     17e0        0     1                 $t.2
    17e1     17e1       40     1                 NMI_Handler
    1818     1818        0     1                 $d.3
    1820     1820       34     4         ./ra/fsp/src/bsp/mcu/all/bsp_irq.o:(.text.R_BSP_IrqCfg)
    1820     1820        0     1                 $t.2
    1821     1821       34     1                 R_BSP_IrqCfg
    184c     184c        0     1                 $d.3
    1854     1854       18     4         ./ra/fsp/src/bsp/mcu/all/bsp_irq.o:(.text.R_BSP_IrqEnableNoClear)
    1854     1854        0     1                 $t.4
    1855     1855       18     1                 R_BSP_IrqEnableNoClear
    1868     1868        0     1                 $d.5
    186c     186c       18     4         ./ra/fsp/src/bsp/mcu/all/bsp_irq.o:(.text.R_BSP_IrqEnable)
    186c     186c        0     1                 $t.6
    186d     186d       18     1                 R_BSP_IrqEnable
    1880     1880        0     1                 $d.7
    1884     1884       20     4         ./ra/fsp/src/bsp/mcu/all/bsp_irq.o:(.text.R_BSP_IrqDisable)
    1884     1884        0     1                 $t.8
    1885     1885       20     1                 R_BSP_IrqDisable
    18a0     18a0        0     1                 $d.9
    18a4     18a4       16     2         ./ra/fsp/src/bsp/mcu/all/bsp_irq.o:(.text.R_BSP_IrqCfgEnable)
    18a4     18a4        0     1                 $t.10
    18a5     18a5       16     1                 R_BSP_IrqCfgEnable
    18ba     18ba        2     2         ./ra/fsp/src/bsp/mcu/all/bsp_irq.o:(.text.bsp_irq_cfg)
    18ba     18ba        0     1                 $t.11
    18bb     18bb        2     1                 bsp_irq_cfg
    18bc     18bc        4     2         ./ra/fsp/src/bsp/cmsis/Device/RENESAS/Source/startup.o:(.text.Default_Handler)
    18bc     18bc        0     1                 $t.1
    18bd     18bd        4     1                 Default_Handler
    18bd     18bd        4     1                 HardFault_Handler
    18bd     18bd        4     1                 MemManage_Handler
    18bd     18bd        4     1                 BusFault_Handler
    18bd     18bd        4     1                 UsageFault_Handler
    18bd     18bd        4     1                 SecureFault_Handler
    18bd     18bd        4     1                 SVC_Handler
    18bd     18bd        4     1                 DebugMon_Handler
    18bd     18bd        4     1                 PendSV_Handler
    18c0     18c0        2     2         ./ra/board/ra0e1_fpb/board_init.o:(.text.bsp_init)
    18c0     18c0        0     1                 $t.0
    18c1     18c1        2     1                 bsp_init
    18c4     18c4       18     4         ./Modules/SimpleKeyboard/SimpleKeyboard_User.o:(.text.ScanKeyboard)
    18c4     18c4        0     1                 $t.0
    18c5     18c5       18     1                 ScanKeyboard
    18d8     18d8        0     1                 $d.1
    18dc     18dc       78     2         ./Modules/Serial_ASCII/ASCII_numbers.o:(.text.ConvertASCII2UINT16)
    18dc     18dc        0     1                 $t.0
    18dd     18dd       78     1                 ConvertASCII2UINT16
    1954     1954       c8     4         ./Modules/Serial_ASCII/Serial.o:(.text.SendString)
    1954     1954        0     1                 $t.0
    1955     1955       c8     1                 SendString
    1a14     1a14        0     1                 $d.1
    1a1c     1a1c       14     4         ./Modules/Serial_ASCII/Serial.o:(.text.RxBufferEmpty)
    1a1c     1a1c        0     1                 $t.4
    1a1d     1a1d       14     1                 RxBufferEmpty
    1a2c     1a2c        0     1                 $d.5
    1a30     1a30       9c     4         ./Modules/Serial_ASCII/Serial.o:(.text.UartA_CB)
    1a30     1a30        0     1                 $t.6
    1a31     1a31       9c     1                 UartA_CB
    1ac4     1ac4        0     1                 $d.7
    1acc     1acc       60     4         ./Modules/Serial_ASCII/Serial_user.o:(.text.ProcessReceiveBuffer)
    1acc     1acc        0     1                 $t.0
    1acd     1acd       60     1                 ProcessReceiveBuffer
    1b20     1b20        0     1                 $d.1
    1b2c     1b2c      260     4         ./Modules/Serial_ASCII/Serial_user.o:(.text.ProcessPacket)
    1b2c     1b2c        0     1                 $t.2
    1b2d     1b2d      260     1                 ProcessPacket
    1d3c     1d3c        0     1                 $d.3
    1d8c     1d8c       8c     4         ./Modules/Scheduler/Scheduler.o:(.text.SysTick_Handler)
    1d8c     1d8c        0     1                 $t.0
    1d8d     1d8d       8c     1                 SysTick_Handler
    1e0c     1e0c        0     1                 $d.1
    1e18     1e18       2c     4         C:\Renesas\e2_studio_25_10\toolchains\llvm_arm\LLVM-ET-Arm-18.1.3-Windows-x86_64\bin\..\lib\clang-runtimes/arm-none-eabi/armv6m_soft_nofp_exn_rtti\lib\libc.a(libc_picolib_inittls.c.o):(.text._init_tls)
    1e18     1e18        0     1                 $t.0
    1e19     1e19       2c     1                 _init_tls
    1e34     1e34        0     1                 $d.1
    1e44     1e44       14     4         C:\Renesas\e2_studio_25_10\toolchains\llvm_arm\LLVM-ET-Arm-18.1.3-Windows-x86_64\bin\..\lib\clang-runtimes/arm-none-eabi/armv6m_soft_nofp_exn_rtti\lib\libc.a(libc_picolib_machine_arm_tls.c.o):(.text._set_tls)
    1e44     1e44        0     1                 $t.0
    1e45     1e45       14     1                 _set_tls
    1e50     1e50        0     1                 $d.1
    1e58     1e58       4c     4         C:\Renesas\e2_studio_25_10\toolchains\llvm_arm\LLVM-ET-Arm-18.1.3-Windows-x86_64\bin\..\lib\clang-runtimes/arm-none-eabi/armv6m_soft_nofp_exn_rtti\lib\libc.a(libc_tinystdio_sprintf.c.o):(.text.sprintf)
    1e58     1e58        0     1                 $t.0
    1e59     1e59       4c     1                 sprintf
    1e9c     1e9c        0     1                 $d.1
    1ea4     1ea4       10     2         C:\Renesas\e2_studio_25_10\toolchains\llvm_arm\LLVM-ET-Arm-18.1.3-Windows-x86_64\bin\..\lib\clang-runtimes/arm-none-eabi/armv6m_soft_nofp_exn_rtti\lib\libc.a(libc_tinystdio_filestrput.c.o):(.text.__file_str_put)
    1ea4     1ea4        0     1                 $t.0
    1ea5     1ea5       10     1                 __file_str_put
    1eb4     1eb4      b0c     4         C:\Renesas\e2_studio_25_10\toolchains\llvm_arm\LLVM-ET-Arm-18.1.3-Windows-x86_64\bin\..\lib\clang-runtimes/arm-none-eabi/armv6m_soft_nofp_exn_rtti\lib\libc.a(libc_tinystdio_vfprintf.c.o):(.text.vfprintf)
    1eb4     1eb4        0     1                 $t.0
    1eb5     1eb5      b0c     1                 vfprintf
    1eb5     1eb5      b0c     1                 __d_vfprintf
    1f54     1f54        0     1                 $d.1
    1f7c     1f7c        0     1                 $t.2
    2178     2178        0     1                 $d.3
    2194     2194        0     1                 $t.4
    21ac     21ac        0     1                 $d.5
    21b0     21b0        0     1                 $t.6
    2608     2608        0     1                 $d.7
    260c     260c        0     1                 $t.8
    2634     2634        0     1                 $d.9
    2648     2648        0     1                 $t.10
    29b4     29b4        0     1                 $d.11
    29c0     29c0      158     4         C:\Renesas\e2_studio_25_10\toolchains\llvm_arm\LLVM-ET-Arm-18.1.3-Windows-x86_64\bin\..\lib\clang-runtimes/arm-none-eabi/armv6m_soft_nofp_exn_rtti\lib\libc.a(libc_tinystdio_vfprintf.c.o):(.text.skip_to_arg)
    29c0     29c0        0     1                 $t.12
    29c1     29c1      158     1                 skip_to_arg
    2b14     2b14        0     1                 $d.13
    2b18     2b18       5a     2         C:\Renesas\e2_studio_25_10\toolchains\llvm_arm\LLVM-ET-Arm-18.1.3-Windows-x86_64\bin\..\lib\clang-runtimes/arm-none-eabi/armv6m_soft_nofp_exn_rtti\lib\libc.a(libc_tinystdio_vfprintf.c.o):(.text.__ultoa_invert)
    2b18     2b18        0     1                 $t.14
    2b19     2b19       5a     1                 __ultoa_invert
    2b74     2b74      154     4         C:\Renesas\e2_studio_25_10\toolchains\llvm_arm\LLVM-ET-Arm-18.1.3-Windows-x86_64\bin\..\lib\clang-runtimes/arm-none-eabi/armv6m_soft_nofp_exn_rtti\lib\libc.a(libc_tinystdio_dtox_engine.c.o):(.text.__dtox_engine)
    2b74     2b74        0     1                 $t.0
    2b75     2b75      154     1                 __dtox_engine
    2cc0     2cc0        0     1                 $d.1
    2cc8     2cc8       1e     2         C:\Renesas\e2_studio_25_10\toolchains\llvm_arm\LLVM-ET-Arm-18.1.3-Windows-x86_64\bin\..\lib\clang-runtimes/arm-none-eabi/armv6m_soft_nofp_exn_rtti\lib\libc.a(libc_string_strnlen.c.o):(.text.strnlen)
    2cc8     2cc8        0     1                 $t.0
    2cc9     2cc9       1e     1                 strnlen
    2ce8     2ce8      4a4     4         C:\Renesas\e2_studio_25_10\toolchains\llvm_arm\LLVM-ET-Arm-18.1.3-Windows-x86_64\bin\..\lib\clang-runtimes/arm-none-eabi/armv6m_soft_nofp_exn_rtti\lib\libc.a(libc_tinystdio_dtoa_ryu.c.o):(.text.__dtoa_engine)
    2ce8     2ce8        0     1                 $t.0
    2ce9     2ce9      4a4     1                 __dtoa_engine
    30b0     30b0        0     1                 $d.1
    30bc     30bc        0     1                 $t.2
    318c     318c       12     2         C:\Renesas\e2_studio_25_10\toolchains\llvm_arm\LLVM-ET-Arm-18.1.3-Windows-x86_64\bin\..\lib\clang-runtimes/arm-none-eabi/armv6m_soft_nofp_exn_rtti\lib\libc.a(libc_tinystdio_dtoa_ryu.c.o):(.text.div10)
    318c     318c        0     1                 $t.3
    318d     318d       12     1                 div10
    31a0     31a0       20     4         C:\Renesas\e2_studio_25_10\toolchains\llvm_arm\LLVM-ET-Arm-18.1.3-Windows-x86_64\bin\..\lib\clang-runtimes/arm-none-eabi/armv6m_soft_nofp_exn_rtti\lib\libc.a(libc_tinystdio_dtoa_ryu.c.o):(.text.umulh)
    31a0     31a0        0     1                 $t.4
    31a1     31a1       20     1                 umulh
    31b8     31b8        0     1                 $d.5
    31c0     31c0      216     2         C:\Renesas\e2_studio_25_10\toolchains\llvm_arm\LLVM-ET-Arm-18.1.3-Windows-x86_64\bin\..\lib\clang-runtimes/arm-none-eabi/armv6m_soft_nofp_exn_rtti\lib\libc.a(libc_tinystdio_dtoa_ryu.c.o):(.text.mulShiftAll64)
    31c0     31c0        0     1                 $t.6
    31c1     31c1      216     1                 mulShiftAll64
    33d6     33d6       26     2         C:\Renesas\e2_studio_25_10\toolchains\llvm_arm\LLVM-ET-Arm-18.1.3-Windows-x86_64\bin\..\lib\clang-runtimes/arm-none-eabi/armv6m_soft_nofp_exn_rtti\lib\libc.a(libc_tinystdio_dtoa_ryu.c.o):(.text.decimalLength17)
    33d6     33d6        0     1                 $t.7
    33d7     33d7       26     1                 decimalLength17
    33fc     33fc        c     4         C:\Renesas\e2_studio_25_10\toolchains\llvm_arm\LLVM-ET-Arm-18.1.3-Windows-x86_64\bin\..\lib\clang-runtimes/arm-none-eabi/armv6m_soft_nofp_exn_rtti\lib\libc.a(libc_tinystdio_ryu_log10.c.o):(.text.__log10Pow2)
    33fc     33fc        0     1                 $t.0
    33fd     33fd        c     1                 __log10Pow2
    3404     3404        0     1                 $d.1
    3408     3408        c     4         C:\Renesas\e2_studio_25_10\toolchains\llvm_arm\LLVM-ET-Arm-18.1.3-Windows-x86_64\bin\..\lib\clang-runtimes/arm-none-eabi/armv6m_soft_nofp_exn_rtti\lib\libc.a(libc_tinystdio_ryu_log10.c.o):(.text.__log10Pow5)
    3408     3408        0     1                 $t.2
    3409     3409        c     1                 __log10Pow5
    3410     3410        0     1                 $d.3
    3414     3414       10     4         C:\Renesas\e2_studio_25_10\toolchains\llvm_arm\LLVM-ET-Arm-18.1.3-Windows-x86_64\bin\..\lib\clang-runtimes/arm-none-eabi/armv6m_soft_nofp_exn_rtti\lib\libc.a(libc_tinystdio_ryu_pow5bits.c.o):(.text.__pow5bits)
    3414     3414        0     1                 $t.0
    3415     3415       10     1                 __pow5bits
    3420     3420        0     1                 $d.1
    3424     3424       34     4         C:\Renesas\e2_studio_25_10\toolchains\llvm_arm\LLVM-ET-Arm-18.1.3-Windows-x86_64\bin\..\lib\clang-runtimes/arm-none-eabi/armv6m_soft_nofp_exn_rtti\lib\libc.a(libc_tinystdio_ryu_table.c.o):(.text.__pow5Factor)
    3424     3424        0     1                 $t.0
    3425     3425       34     1                 __pow5Factor
    3448     3448        0     1                 $d.1
    3458     3458       f8     4         C:\Renesas\e2_studio_25_10\toolchains\llvm_arm\LLVM-ET-Arm-18.1.3-Windows-x86_64\bin\..\lib\clang-runtimes/arm-none-eabi/armv6m_soft_nofp_exn_rtti\lib\libc.a(libc_tinystdio_ryu_table.c.o):(.text.__double_computePow5)
    3458     3458        0     1                 $t.2
    3459     3459       f8     1                 __double_computePow5
    3544     3544        0     1                 $d.3
    3550     3550       fc     4         C:\Renesas\e2_studio_25_10\toolchains\llvm_arm\LLVM-ET-Arm-18.1.3-Windows-x86_64\bin\..\lib\clang-runtimes/arm-none-eabi/armv6m_soft_nofp_exn_rtti\lib\libc.a(libc_tinystdio_ryu_table.c.o):(.text.__double_computeInvPow5)
    3550     3550        0     1                 $t.4
    3551     3551       fc     1                 __double_computeInvPow5
    3640     3640        0     1                 $d.5
    364c     364c       6c     2         C:\Renesas\e2_studio_25_10\toolchains\llvm_arm\LLVM-ET-Arm-18.1.3-Windows-x86_64\bin\..\lib\clang-runtimes/arm-none-eabi/armv6m_soft_nofp_exn_rtti\lib\libc.a(libc_tinystdio_ryu_umul128.c.o):(.text.__umul128)
    364c     364c        0     1                 $t.0
    364d     364d       6c     1                 __umul128
    36b8     36b8       28     2         C:\Renesas\e2_studio_25_10\toolchains\llvm_arm\LLVM-ET-Arm-18.1.3-Windows-x86_64\bin\..\lib\clang-runtimes/arm-none-eabi/armv6m_soft_nofp_exn_rtti\lib\libc.a(libc_tinystdio_ryu_umul128.c.o):(.text.__shiftright128)
    36b8     36b8        0     1                 $t.1
    36b9     36b9       28     1                 __shiftright128
    36e0     36e0        e     2         C:\Renesas\e2_studio_25_10\toolchains\llvm_arm\LLVM-ET-Arm-18.1.3-Windows-x86_64\bin\..\lib\clang-runtimes/arm-none-eabi/armv6m_soft_nofp_exn_rtti\lib\libc.a(bzero.c.o):(.text.bzero)
    36e0     36e0        0     1                 $t.0
    36e1     36e1        e     1                 bzero
    36e1     36e1        e     1                 __aeabi_memclr4
    36e1     36e1        e     1                 __aeabi_memclr8
    36e1     36e1        e     1                 __aeabi_memclr
    36ee     36ee       14     2         C:\Renesas\e2_studio_25_10\toolchains\llvm_arm\LLVM-ET-Arm-18.1.3-Windows-x86_64\bin\..\lib\clang-runtimes/arm-none-eabi/armv6m_soft_nofp_exn_rtti\lib\libc.a(memcpy.c.o):(.text.memcpy)
    36ee     36ee        0     1                 $t.0
    36ef     36ef       14     1                 memcpy
    36ef     36ef       14     1                 __aeabi_memcpy4
    36ef     36ef       14     1                 __aeabi_memcpy8
    36ef     36ef       14     1                 __aeabi_memcpy
    3702     3702        e     2         C:\Renesas\e2_studio_25_10\toolchains\llvm_arm\LLVM-ET-Arm-18.1.3-Windows-x86_64\bin\..\lib\clang-runtimes/arm-none-eabi/armv6m_soft_nofp_exn_rtti\lib\libc.a(memset.c.o):(.text.memset)
    3702     3702        0     1                 $t.0
    3703     3703        e     1                 memset
    3710     3710        e     4         C:\Renesas\e2_studio_25_10\toolchains\llvm_arm\LLVM-ET-Arm-18.1.3-Windows-x86_64\bin\..\lib\clang-runtimes/arm-none-eabi/armv6m_soft_nofp_exn_rtti\lib\libc.a(strlen.S.o):(.text)
    3710     3710        0     1                 $t.0
    3711     3711        e     1                 strlen
    3720     3720      1a2     4         C:\Renesas\e2_studio_25_10\toolchains\llvm_arm\LLVM-ET-Arm-18.1.3-Windows-x86_64\bin\..\lib\clang-runtimes/arm-none-eabi/armv6m_soft_nofp_exn_rtti\lib\libclang_rt.builtins.a(udivsi3.S.obj):(.text)
    3720     3720        0     1                 $t.0
    3721     3721      1a2     1                 __aeabi_uidiv
    3721     3721      1a2     1                 __udivsi3
    38c2     38c2       2e     2         C:\Renesas\e2_studio_25_10\toolchains\llvm_arm\LLVM-ET-Arm-18.1.3-Windows-x86_64\bin\..\lib\clang-runtimes/arm-none-eabi/armv6m_soft_nofp_exn_rtti\lib\libclang_rt.builtins.a(ashldi3.c.obj):(.text.__ashldi3)
    38c2     38c2        0     1                 $t.0
    38c3     38c3       2e     1                 __ashldi3
    38c3     38c3       2e     1                 __aeabi_llsl
    38f0     38f0       5c     2         C:\Renesas\e2_studio_25_10\toolchains\llvm_arm\LLVM-ET-Arm-18.1.3-Windows-x86_64\bin\..\lib\clang-runtimes/arm-none-eabi/armv6m_soft_nofp_exn_rtti\lib\libclang_rt.builtins.a(clzsi2.c.obj):(.text.__clzsi2)
    38f0     38f0        0     1                 $t.0
    38f1     38f1       5c     1                 __clzsi2
    394c     394c       2e     2         C:\Renesas\e2_studio_25_10\toolchains\llvm_arm\LLVM-ET-Arm-18.1.3-Windows-x86_64\bin\..\lib\clang-runtimes/arm-none-eabi/armv6m_soft_nofp_exn_rtti\lib\libclang_rt.builtins.a(lshrdi3.c.obj):(.text.__lshrdi3)
    394c     394c        0     1                 $t.0
    394d     394d       2e     1                 __lshrdi3
    394d     394d       2e     1                 __aeabi_llsr
    397a     397a       34     2         C:\Renesas\e2_studio_25_10\toolchains\llvm_arm\LLVM-ET-Arm-18.1.3-Windows-x86_64\bin\..\lib\clang-runtimes/arm-none-eabi/armv6m_soft_nofp_exn_rtti\lib\libclang_rt.builtins.a(muldi3.c.obj):(.text.__muldi3)
    397a     397a        0     1                 $t.0
    397b     397b       34     1                 __muldi3
    397b     397b       34     1                 __aeabi_lmul
    39ae     39ae        2     2         C:\Renesas\e2_studio_25_10\toolchains\llvm_arm\LLVM-ET-Arm-18.1.3-Windows-x86_64\bin\..\lib\clang-runtimes/arm-none-eabi/armv6m_soft_nofp_exn_rtti\lib\libclang_rt.builtins.a(aeabi_div0.c.obj):(.text.__aeabi_idiv0)
    39ae     39ae        0     1                 $t.0
    39af     39af        2     1                 __aeabi_idiv0
    39b0     39b0       14     4         C:\Renesas\e2_studio_25_10\toolchains\llvm_arm\LLVM-ET-Arm-18.1.3-Windows-x86_64\bin\..\lib\clang-runtimes/arm-none-eabi/armv6m_soft_nofp_exn_rtti\lib\libclang_rt.builtins.a(aeabi_uldivmod.S.obj):(.text)
    39b0     39b0        0     1                 $t.0
    39b1     39b1       14     1                 __aeabi_uldivmod
    39c4     39c4      2b0     4         C:\Renesas\e2_studio_25_10\toolchains\llvm_arm\LLVM-ET-Arm-18.1.3-Windows-x86_64\bin\..\lib\clang-runtimes/arm-none-eabi/armv6m_soft_nofp_exn_rtti\lib\libclang_rt.builtins.a(udivmoddi4.c.obj):(.text.__udivmoddi4)
    39c4     39c4        0     1                 $t.0
    39c5     39c5      2b0     1                 __udivmoddi4
    3c50     3c50        0     1                 $d.1
    3c74     3c74       28     4         ./src/hal_entry.o:(.rodata.initValues1)
    3c74     3c74       28     1                 initValues1
    3c9c     3c9c       28     4         ./src/hal_entry.o:(.rodata.initValues2)
    3c9c     3c9c       28     1                 initValues2
    3cc4     3cc4       28     4         ./src/hal_entry.o:(.rodata.initValues3)
    3cc4     3cc4       28     1                 initValues3
    3cec     3cec        2     1         ./src/hal_entry.o:(.rodata.cmdRead)
    3cec     3cec        2     1                 cmdRead
    3cee     3cee       9a     1         <internal>:(.rodata.str1.1)
    3d88     3d88       18     4         ./ra_gen/hal_data.o:(.rodata.g_spi0_cfg_extend)
    3d88     3d88       18     1                 g_spi0_cfg_extend
    3da0     3da0       24     4         ./ra_gen/hal_data.o:(.rodata.g_spi0_cfg)
    3da0     3da0       24     1                 g_spi0_cfg
    3dc4     3dc4       14     4         ./ra_gen/hal_data.o:(.rodata.g_iica_master0_extend)
    3dc4     3dc4       14     1                 g_iica_master0_extend
    3dd8     3dd8       28     4         ./ra_gen/hal_data.o:(.rodata.g_iica_master0_cfg)
    3dd8     3dd8       28     1                 g_iica_master0_cfg
    3e00     3e00        8     4         ./ra_gen/hal_data.o:(.rodata.g_uart0_cfg_extend)
    3e00     3e00        8     1                 g_uart0_cfg_extend
    3e08     3e08       20     4         ./ra_gen/hal_data.o:(.rodata.g_uart0_cfg)
    3e08     3e08       20     1                 g_uart0_cfg
    3e28     3e28       e8     4         ./ra_gen/pin_data.o:(.rodata.g_bsp_pin_cfg_data)
    3e28     3e28       e8     1                 g_bsp_pin_cfg_data
    3f10     3f10        c     4         ./ra_gen/pin_data.o:(.rodata.g_bsp_pin_cfg)
    3f10     3f10        c     1                 g_bsp_pin_cfg
    3f1c     3f1c        4     1         <internal>:(.rodata.cst4)
    3f20     3f20        8     1         <internal>:(.rodata.cst8)
    3f28     3f28      33c     8         C:\Renesas\e2_studio_25_10\toolchains\llvm_arm\LLVM-ET-Arm-18.1.3-Windows-x86_64\bin\..\lib\clang-runtimes/arm-none-eabi/armv6m_soft_nofp_exn_rtti\lib\libc.a(libc_tinystdio_ryu_table.c.o):(.rodata)
    3f28     3f28       d0     1                 DOUBLE_POW5_SPLIT2
    3ff8     3ff8       d0     1                 DOUBLE_POW5_TABLE
    40c8     40c8       54     1                 POW5_OFFSETS
    4120     4120       f0     1                 DOUBLE_POW5_INV_SPLIT2
    4210     4210       54     1                 POW5_INV_OFFSETS
    4264     4264       4e     4         ./ra/fsp/src/bsp/mcu/all/bsp_common.o:(.version)
    4264     4264        4     1                 g_fsp_version
    4268     4268        6     1                 g_fsp_version_string
    426e     426e       44     1                 g_fsp_version_build_string
    42b2     42b2        0     1         __flash_readonly$$Limit = .
    42b2     42b2        0     1 __flash_preinit_array$$
    42b2     42b2        0     1         __preinit_array_start = .
    42b2     42b2        0     1         __preinit_array_end = .
    42b2     42b2        0     1 __flash_init_array$$
    42b2     42b2        0     1         __init_array_start = .
    42b2     42b2        0     1         __init_array_end = .
    42b2     42b2        0     1 __flash_fini_array$$
    42b2     42b2        0     1         __fini_array_start = .
    42b2     42b2        0     1         __fini_array_end = .
    42b2     42b2        0     1 __flash_arm.exidx$$
    42b2     42b2        0     1         __exidx_start = .
    42b2     42b2        0     1         __exidx_end = .
    4400     4400        0     1 .flash.endof
    4400     4400        0     1         __ddsc_FLASH_END = .
     400      400        0     1 .option_setting_ofs0.startof
     400      400        0     1         __ddsc_OPTION_SETTING_OFS0_START = .
     400      400        4     4 __option_setting_ofs0_reg$$
     400      400        0     1         __option_setting_ofs0_reg$$Base = .
     400      400        4     4         ./ra/fsp/src/bsp/mcu/ra0e1/bsp_linker.o:(.option_setting_ofs0)
     400      400        4     1                 g_bsp_cfg_option_setting_ofs0
     404      404        0     1         __option_setting_ofs0_reg$$Limit = .
     404      404        0     1 .option_setting_ofs0.endof
     404      404        0     1         __ddsc_OPTION_SETTING_OFS0_END = .
     404      404        0     1 .option_setting_ofs1.startof
     404      404        0     1         __ddsc_OPTION_SETTING_OFS1_START = .
     404      404        4     4 __option_setting_ofs1_reg$$
     404      404        0     1         __option_setting_ofs1_reg$$Base = .
     404      404        4     4         ./ra/fsp/src/bsp/mcu/ra0e1/bsp_linker.o:(.option_setting_ofs1)
     404      404        4     1                 g_bsp_cfg_option_setting_ofs1
     408      408        0     1         __option_setting_ofs1_reg$$Limit = .
     408      408        0     1 .option_setting_ofs1.endof
     408      408        0     1         __ddsc_OPTION_SETTING_OFS1_END = .
 1010018  1010018        0     1 .option_setting_osis.startof
 1010018  1010018        0     1         __ddsc_OPTION_SETTING_OSIS_START = .
 1010018  1010018        0     1 __option_setting_osis_reg$$
 1010018  1010018        0     1         __option_setting_osis_reg$$Base = .
 1010018  1010018        0     1         __option_setting_osis_reg$$Limit = .
 1010018  1010018        0     1 .option_setting_osis.endof
 1010018  1010018        0     1         __ddsc_OPTION_SETTING_OSIS_END = .
 1010018  1010018        0     1 PROVIDE ( __tls_base = ADDR ( __ram_tdata$$ ) )
 1010018  1010018        0     1 PROVIDE ( __tdata_source = LOADADDR ( __ram_tdata$$ ) )
 1010018  1010018        0     1 PROVIDE ( __tdata_size = SIZEOF ( __ram_tdata$$ ) )
 1010018  1010018        0     1 PROVIDE ( __tbss_offset = ADDR ( __ram_tbss$$ ) - ADDR ( __ram_tdata$$ ) )
 1010018  1010018        0     1 PROVIDE ( __tbss_size = SIZEOF ( __ram_tbss$$ ) )
 1010018  1010018        0     1 PROVIDE ( __arm32_tls_tcb_offset = 8 )
       0        0     45a9     1 .debug_loclists
       0        0      12a     1         ./src/SensorFunctions.o:(.debug_loclists)
     12a      12a       ad     1         ./src/hal_entry.o:(.debug_loclists)
     1d7      1d7      488     1         ./ra/fsp/src/r_uarta/r_uarta.o:(.debug_loclists)
     65f      65f      55f     1         ./ra/fsp/src/r_sau_spi/r_sau_spi.o:(.debug_loclists)
     bbe      bbe      32f     1         ./ra/fsp/src/r_ioport/r_ioport.o:(.debug_loclists)
     eed      eed      37b     1         ./ra/fsp/src/r_iica_master/r_iica_master.o:(.debug_loclists)
    1268     1268       df     1         ./ra/fsp/src/bsp/mcu/all/bsp_clocks.o:(.debug_loclists)
    1347     1347       20     1         ./ra/fsp/src/bsp/mcu/all/bsp_common.o:(.debug_loclists)
    1367     1367       bf     1         ./ra/fsp/src/bsp/mcu/all/bsp_delay.o:(.debug_loclists)
    1426     1426       3e     1         ./ra/fsp/src/bsp/mcu/all/bsp_group_irq.o:(.debug_loclists)
    1464     1464       cf     1         ./ra/fsp/src/bsp/mcu/all/bsp_irq.o:(.debug_loclists)
    1533     1533       70     1         ./ra/fsp/src/bsp/mcu/all/bsp_register_protection.o:(.debug_loclists)
    15a3     15a3       1e     1         ./ra/fsp/src/bsp/mcu/all/bsp_sbrk.o:(.debug_loclists)
    15c1     15c1       29     1         ./ra/fsp/src/bsp/cmsis/Device/RENESAS/Source/system.o:(.debug_loclists)
    15ea     15ea       51     1         ./Modules/SimpleKeyboard/SimpleKeyboard.o:(.debug_loclists)
    163b     163b       60     1         ./Modules/SimpleKeyboard/SimpleKeyboard_User.o:(.debug_loclists)
    169b     169b      19d     1         ./Modules/Serial_ASCII/ASCII_numbers.o:(.debug_loclists)
    1838     1838      129     1         ./Modules/Serial_ASCII/Serial.o:(.debug_loclists)
    1961     1961       39     1         ./Modules/Serial_ASCII/Serial_user.o:(.debug_loclists)
    199a     199a       2a     1         C:\Renesas\e2_studio_25_10\toolchains\llvm_arm\LLVM-ET-Arm-18.1.3-Windows-x86_64\bin\..\lib\clang-runtimes/arm-none-eabi/armv6m_soft_nofp_exn_rtti\lib\libc.a(libc_picolib_inittls.c.o):(.debug_loclists)
    19c4     19c4       3f     1         C:\Renesas\e2_studio_25_10\toolchains\llvm_arm\LLVM-ET-Arm-18.1.3-Windows-x86_64\bin\..\lib\clang-runtimes/arm-none-eabi/armv6m_soft_nofp_exn_rtti\lib\libc.a(libc_tinystdio_sprintf.c.o):(.debug_loclists)
    1a03     1a03     1051     1         C:\Renesas\e2_studio_25_10\toolchains\llvm_arm\LLVM-ET-Arm-18.1.3-Windows-x86_64\bin\..\lib\clang-runtimes/arm-none-eabi/armv6m_soft_nofp_exn_rtti\lib\libc.a(libc_tinystdio_vfprintf.c.o):(.debug_loclists)
    2a54     2a54      1e2     1         C:\Renesas\e2_studio_25_10\toolchains\llvm_arm\LLVM-ET-Arm-18.1.3-Windows-x86_64\bin\..\lib\clang-runtimes/arm-none-eabi/armv6m_soft_nofp_exn_rtti\lib\libc.a(libc_tinystdio_dtox_engine.c.o):(.debug_loclists)
    2c36     2c36       25     1         C:\Renesas\e2_studio_25_10\toolchains\llvm_arm\LLVM-ET-Arm-18.1.3-Windows-x86_64\bin\..\lib\clang-runtimes/arm-none-eabi/armv6m_soft_nofp_exn_rtti\lib\libc.a(libc_string_strnlen.c.o):(.debug_loclists)
    2c5b     2c5b     104e     1         C:\Renesas\e2_studio_25_10\toolchains\llvm_arm\LLVM-ET-Arm-18.1.3-Windows-x86_64\bin\..\lib\clang-runtimes/arm-none-eabi/armv6m_soft_nofp_exn_rtti\lib\libc.a(libc_tinystdio_dtoa_ryu.c.o):(.debug_loclists)
    3ca9     3ca9       34     1         C:\Renesas\e2_studio_25_10\toolchains\llvm_arm\LLVM-ET-Arm-18.1.3-Windows-x86_64\bin\..\lib\clang-runtimes/arm-none-eabi/armv6m_soft_nofp_exn_rtti\lib\libc.a(libc_tinystdio_ryu_log10.c.o):(.debug_loclists)
    3cdd     3cdd       1e     1         C:\Renesas\e2_studio_25_10\toolchains\llvm_arm\LLVM-ET-Arm-18.1.3-Windows-x86_64\bin\..\lib\clang-runtimes/arm-none-eabi/armv6m_soft_nofp_exn_rtti\lib\libc.a(libc_tinystdio_ryu_pow5bits.c.o):(.debug_loclists)
    3cfb     3cfb      279     1         C:\Renesas\e2_studio_25_10\toolchains\llvm_arm\LLVM-ET-Arm-18.1.3-Windows-x86_64\bin\..\lib\clang-runtimes/arm-none-eabi/armv6m_soft_nofp_exn_rtti\lib\libc.a(libc_tinystdio_ryu_table.c.o):(.debug_loclists)
    3f74     3f74      53f     1         C:\Renesas\e2_studio_25_10\toolchains\llvm_arm\LLVM-ET-Arm-18.1.3-Windows-x86_64\bin\..\lib\clang-runtimes/arm-none-eabi/armv6m_soft_nofp_exn_rtti\lib\libc.a(libc_tinystdio_ryu_umul128.c.o):(.debug_loclists)
    44b3     44b3       2d     1         C:\Renesas\e2_studio_25_10\toolchains\llvm_arm\LLVM-ET-Arm-18.1.3-Windows-x86_64\bin\..\lib\clang-runtimes/arm-none-eabi/armv6m_soft_nofp_exn_rtti\lib\libc.a(bzero.c.o):(.debug_loclists)
    44e0     44e0       7a     1         C:\Renesas\e2_studio_25_10\toolchains\llvm_arm\LLVM-ET-Arm-18.1.3-Windows-x86_64\bin\..\lib\clang-runtimes/arm-none-eabi/armv6m_soft_nofp_exn_rtti\lib\libc.a(memcpy.c.o):(.debug_loclists)
    455a     455a       4f     1         C:\Renesas\e2_studio_25_10\toolchains\llvm_arm\LLVM-ET-Arm-18.1.3-Windows-x86_64\bin\..\lib\clang-runtimes/arm-none-eabi/armv6m_soft_nofp_exn_rtti\lib\libc.a(memset.c.o):(.debug_loclists)
       0        0     35ff     1 .debug_abbrev
       0        0       eb     1         ./src/SensorFunctions.o:(.debug_abbrev)
      eb       eb      327     1         ./src/hal_entry.o:(.debug_abbrev)
     412      412      10d     1         ./ra_gen/common_data.o:(.debug_abbrev)
     51f      51f      233     1         ./ra_gen/hal_data.o:(.debug_abbrev)
     752      752       3c     1         ./ra_gen/main.o:(.debug_abbrev)
     78e      78e       e6     1         ./ra_gen/pin_data.o:(.debug_abbrev)
     874      874       62     1         ./ra_gen/vector_data.o:(.debug_abbrev)
     8d6      8d6      3bf     1         ./ra/fsp/src/r_uarta/r_uarta.o:(.debug_abbrev)
     c95      c95      3f9     1         ./ra/fsp/src/r_sau_spi/r_sau_spi.o:(.debug_abbrev)
    108e     108e      2c0     1         ./ra/fsp/src/r_ioport/r_ioport.o:(.debug_abbrev)
    134e     134e      3fd     1         ./ra/fsp/src/r_iica_master/r_iica_master.o:(.debug_abbrev)
    174b     174b       a2     1         ./ra/fsp/src/bsp/mcu/ra0e1/bsp_linker.o:(.debug_abbrev)
    17ed     17ed      29d     1         ./ra/fsp/src/bsp/mcu/all/bsp_clocks.o:(.debug_abbrev)
    1a8a     1a8a      149     1         ./ra/fsp/src/bsp/mcu/all/bsp_common.o:(.debug_abbrev)
    1bd3     1bd3       ad     1         ./ra/fsp/src/bsp/mcu/all/bsp_delay.o:(.debug_abbrev)
    1c80     1c80      1f4     1         ./ra/fsp/src/bsp/mcu/all/bsp_group_irq.o:(.debug_abbrev)
    1e74     1e74       44     1         ./ra/fsp/src/bsp/mcu/all/bsp_io.o:(.debug_abbrev)
    1eb8     1eb8      1ba     1         ./ra/fsp/src/bsp/mcu/all/bsp_irq.o:(.debug_abbrev)
    2072     2072      1ad     1         ./ra/fsp/src/bsp/mcu/all/bsp_register_protection.o:(.debug_abbrev)
    221f     221f       67     1         ./ra/fsp/src/bsp/mcu/all/bsp_sbrk.o:(.debug_abbrev)
    2286     2286       a7     1         ./ra/fsp/src/bsp/cmsis/Device/RENESAS/Source/startup.o:(.debug_abbrev)
    232d     232d      174     1         ./ra/fsp/src/bsp/cmsis/Device/RENESAS/Source/system.o:(.debug_abbrev)
    24a1     24a1       43     1         ./ra/board/ra0e1_fpb/board_init.o:(.debug_abbrev)
    24e4     24e4       91     1         ./ra/board/ra0e1_fpb/board_leds.o:(.debug_abbrev)
    2575     2575       7b     1         ./Modules/SimpleKeyboard/SimpleKeyboard.o:(.debug_abbrev)
    25f0     25f0      120     1         ./Modules/SimpleKeyboard/SimpleKeyboard_User.o:(.debug_abbrev)
    2710     2710       81     1         ./Modules/Serial_ASCII/ASCII_numbers.o:(.debug_abbrev)
    2791     2791      189     1         ./Modules/Serial_ASCII/Serial.o:(.debug_abbrev)
    291a     291a       dd     1         ./Modules/Serial_ASCII/Serial_user.o:(.debug_abbrev)
    29f7     29f7       87     1         ./Modules/Scheduler/Scheduler.o:(.debug_abbrev)
    2a7e     2a7e       2e     1         C:\Renesas\e2_studio_25_10\toolchains\llvm_arm\LLVM-ET-Arm-18.1.3-Windows-x86_64\bin\..\lib\clang-runtimes/arm-none-eabi/armv6m_soft_nofp_exn_rtti\lib\libc.a(libc_errno_errno.c.o):(.debug_abbrev)
    2aac     2aac       74     1         C:\Renesas\e2_studio_25_10\toolchains\llvm_arm\LLVM-ET-Arm-18.1.3-Windows-x86_64\bin\..\lib\clang-runtimes/arm-none-eabi/armv6m_soft_nofp_exn_rtti\lib\libc.a(libc_picolib_inittls.c.o):(.debug_abbrev)
    2b20     2b20       62     1         C:\Renesas\e2_studio_25_10\toolchains\llvm_arm\LLVM-ET-Arm-18.1.3-Windows-x86_64\bin\..\lib\clang-runtimes/arm-none-eabi/armv6m_soft_nofp_exn_rtti\lib\libc.a(libc_picolib_machine_arm_tls.c.o):(.debug_abbrev)
    2b82     2b82       21     1         C:\Renesas\e2_studio_25_10\toolchains\llvm_arm\LLVM-ET-Arm-18.1.3-Windows-x86_64\bin\..\lib\clang-runtimes/arm-none-eabi/armv6m_soft_nofp_exn_rtti\lib\libc.a(libc_picolib_machine_arm_read_tp.S.o):(.debug_abbrev)
    2ba3     2ba3       cf     1         C:\Renesas\e2_studio_25_10\toolchains\llvm_arm\LLVM-ET-Arm-18.1.3-Windows-x86_64\bin\..\lib\clang-runtimes/arm-none-eabi/armv6m_soft_nofp_exn_rtti\lib\libc.a(libc_tinystdio_sprintf.c.o):(.debug_abbrev)
    2c72     2c72       9a     1         C:\Renesas\e2_studio_25_10\toolchains\llvm_arm\LLVM-ET-Arm-18.1.3-Windows-x86_64\bin\..\lib\clang-runtimes/arm-none-eabi/armv6m_soft_nofp_exn_rtti\lib\libc.a(libc_tinystdio_filestrput.c.o):(.debug_abbrev)
    2d0c     2d0c      1bf     1         C:\Renesas\e2_studio_25_10\toolchains\llvm_arm\LLVM-ET-Arm-18.1.3-Windows-x86_64\bin\..\lib\clang-runtimes/arm-none-eabi/armv6m_soft_nofp_exn_rtti\lib\libc.a(libc_tinystdio_vfprintf.c.o):(.debug_abbrev)
    2ecb     2ecb       c0     1         C:\Renesas\e2_studio_25_10\toolchains\llvm_arm\LLVM-ET-Arm-18.1.3-Windows-x86_64\bin\..\lib\clang-runtimes/arm-none-eabi/armv6m_soft_nofp_exn_rtti\lib\libc.a(libc_tinystdio_dtox_engine.c.o):(.debug_abbrev)
    2f8b     2f8b       87     1         C:\Renesas\e2_studio_25_10\toolchains\llvm_arm\LLVM-ET-Arm-18.1.3-Windows-x86_64\bin\..\lib\clang-runtimes/arm-none-eabi/armv6m_soft_nofp_exn_rtti\lib\libc.a(libc_string_strnlen.c.o):(.debug_abbrev)
    3012     3012      214     1         C:\Renesas\e2_studio_25_10\toolchains\llvm_arm\LLVM-ET-Arm-18.1.3-Windows-x86_64\bin\..\lib\clang-runtimes/arm-none-eabi/armv6m_soft_nofp_exn_rtti\lib\libc.a(libc_tinystdio_dtoa_ryu.c.o):(.debug_abbrev)
    3226     3226       64     1         C:\Renesas\e2_studio_25_10\toolchains\llvm_arm\LLVM-ET-Arm-18.1.3-Windows-x86_64\bin\..\lib\clang-runtimes/arm-none-eabi/armv6m_soft_nofp_exn_rtti\lib\libc.a(libc_tinystdio_ryu_log10.c.o):(.debug_abbrev)
    328a     328a       62     1         C:\Renesas\e2_studio_25_10\toolchains\llvm_arm\LLVM-ET-Arm-18.1.3-Windows-x86_64\bin\..\lib\clang-runtimes/arm-none-eabi/armv6m_soft_nofp_exn_rtti\lib\libc.a(libc_tinystdio_ryu_pow5bits.c.o):(.debug_abbrev)
    32ec     32ec       e6     1         C:\Renesas\e2_studio_25_10\toolchains\llvm_arm\LLVM-ET-Arm-18.1.3-Windows-x86_64\bin\..\lib\clang-runtimes/arm-none-eabi/armv6m_soft_nofp_exn_rtti\lib\libc.a(libc_tinystdio_ryu_table.c.o):(.debug_abbrev)
    33d2     33d2       89     1         C:\Renesas\e2_studio_25_10\toolchains\llvm_arm\LLVM-ET-Arm-18.1.3-Windows-x86_64\bin\..\lib\clang-runtimes/arm-none-eabi/armv6m_soft_nofp_exn_rtti\lib\libc.a(libc_tinystdio_ryu_umul128.c.o):(.debug_abbrev)
    345b     345b       5e     1         C:\Renesas\e2_studio_25_10\toolchains\llvm_arm\LLVM-ET-Arm-18.1.3-Windows-x86_64\bin\..\lib\clang-runtimes/arm-none-eabi/armv6m_soft_nofp_exn_rtti\lib\libc.a(bzero.c.o):(.debug_abbrev)
    34b9     34b9       a0     1         C:\Renesas\e2_studio_25_10\toolchains\llvm_arm\LLVM-ET-Arm-18.1.3-Windows-x86_64\bin\..\lib\clang-runtimes/arm-none-eabi/armv6m_soft_nofp_exn_rtti\lib\libc.a(memcpy.c.o):(.debug_abbrev)
    3559     3559       85     1         C:\Renesas\e2_studio_25_10\toolchains\llvm_arm\LLVM-ET-Arm-18.1.3-Windows-x86_64\bin\..\lib\clang-runtimes/arm-none-eabi/armv6m_soft_nofp_exn_rtti\lib\libc.a(memset.c.o):(.debug_abbrev)
    35de     35de       21     1         C:\Renesas\e2_studio_25_10\toolchains\llvm_arm\LLVM-ET-Arm-18.1.3-Windows-x86_64\bin\..\lib\clang-runtimes/arm-none-eabi/armv6m_soft_nofp_exn_rtti\lib\libc.a(strlen.S.o):(.debug_abbrev)
       0        0    169c2     1 .debug_info
       0        0      20f     1         ./src/SensorFunctions.o:(.debug_info)
     20f      20f     2b85     1         ./src/hal_entry.o:(.debug_info)
    2d94     2d94      be2     1         ./ra_gen/common_data.o:(.debug_info)
    3976     3976     2580     1         ./ra_gen/hal_data.o:(.debug_info)
    5ef6     5ef6       37     1         ./ra_gen/main.o:(.debug_info)
    5f2d     5f2d      49b     1         ./ra_gen/pin_data.o:(.debug_info)
    63c8     63c8       4e     1         ./ra_gen/vector_data.o:(.debug_info)
    6416     6416     2085     1         ./ra/fsp/src/r_uarta/r_uarta.o:(.debug_info)
    849b     849b     2c24     1         ./ra/fsp/src/r_sau_spi/r_sau_spi.o:(.debug_info)
    b0bf     b0bf     18e5     1         ./ra/fsp/src/r_ioport/r_ioport.o:(.debug_info)
    c9a4     c9a4     253c     1         ./ra/fsp/src/r_iica_master/r_iica_master.o:(.debug_info)
    eee0     eee0      187     1         ./ra/fsp/src/bsp/mcu/ra0e1/bsp_linker.o:(.debug_info)
    f067     f067     23b4     1         ./ra/fsp/src/bsp/mcu/all/bsp_clocks.o:(.debug_info)
   1141b    1141b      58a     1         ./ra/fsp/src/bsp/mcu/all/bsp_common.o:(.debug_info)
   119a5    119a5       eb     1         ./ra/fsp/src/bsp/mcu/all/bsp_delay.o:(.debug_info)
   11a90    11a90     1237     1         ./ra/fsp/src/bsp/mcu/all/bsp_group_irq.o:(.debug_info)
   12cc7    12cc7       43     1         ./ra/fsp/src/bsp/mcu/all/bsp_io.o:(.debug_info)
   12d0a    12d0a      365     1         ./ra/fsp/src/bsp/mcu/all/bsp_irq.o:(.debug_info)
   1306f    1306f      9e1     1         ./ra/fsp/src/bsp/mcu/all/bsp_register_protection.o:(.debug_info)
   13a50    13a50       5f     1         ./ra/fsp/src/bsp/mcu/all/bsp_sbrk.o:(.debug_info)
   13aaf    13aaf       b1     1         ./ra/fsp/src/bsp/cmsis/Device/RENESAS/Source/startup.o:(.debug_info)
   13b60    13b60      191     1         ./ra/fsp/src/bsp/cmsis/Device/RENESAS/Source/system.o:(.debug_info)
   13cf1    13cf1       3b     1         ./ra/board/ra0e1_fpb/board_init.o:(.debug_info)
   13d2c    13d2c       88     1         ./ra/board/ra0e1_fpb/board_leds.o:(.debug_info)
   13db4    13db4       74     1         ./Modules/SimpleKeyboard/SimpleKeyboard.o:(.debug_info)
   13e28    13e28      737     1         ./Modules/SimpleKeyboard/SimpleKeyboard_User.o:(.debug_info)
   1455f    1455f      13c     1         ./Modules/Serial_ASCII/ASCII_numbers.o:(.debug_info)
   1469b    1469b      662     1         ./Modules/Serial_ASCII/Serial.o:(.debug_info)
   14cfd    14cfd      224     1         ./Modules/Serial_ASCII/Serial_user.o:(.debug_info)
   14f21    14f21      10e     1         ./Modules/Scheduler/Scheduler.o:(.debug_info)
   1502f    1502f       2e     1         C:\Renesas\e2_studio_25_10\toolchains\llvm_arm\LLVM-ET-Arm-18.1.3-Windows-x86_64\bin\..\lib\clang-runtimes/arm-none-eabi/armv6m_soft_nofp_exn_rtti\lib\libc.a(libc_errno_errno.c.o):(.debug_info)
   1505d    1505d       64     1         C:\Renesas\e2_studio_25_10\toolchains\llvm_arm\LLVM-ET-Arm-18.1.3-Windows-x86_64\bin\..\lib\clang-runtimes/arm-none-eabi/armv6m_soft_nofp_exn_rtti\lib\libc.a(libc_picolib_inittls.c.o):(.debug_info)
   150c1    150c1       60     1         C:\Renesas\e2_studio_25_10\toolchains\llvm_arm\LLVM-ET-Arm-18.1.3-Windows-x86_64\bin\..\lib\clang-runtimes/arm-none-eabi/armv6m_soft_nofp_exn_rtti\lib\libc.a(libc_picolib_machine_arm_tls.c.o):(.debug_info)
   15121    15121      123     1         C:\Renesas\e2_studio_25_10\toolchains\llvm_arm\LLVM-ET-Arm-18.1.3-Windows-x86_64\bin\..\lib\clang-runtimes/arm-none-eabi/armv6m_soft_nofp_exn_rtti\lib\libc.a(libc_picolib_machine_arm_read_tp.S.o):(.debug_info)
   15244    15244      160     1         C:\Renesas\e2_studio_25_10\toolchains\llvm_arm\LLVM-ET-Arm-18.1.3-Windows-x86_64\bin\..\lib\clang-runtimes/arm-none-eabi/armv6m_soft_nofp_exn_rtti\lib\libc.a(libc_tinystdio_sprintf.c.o):(.debug_info)
   153a4    153a4      13c     1         C:\Renesas\e2_studio_25_10\toolchains\llvm_arm\LLVM-ET-Arm-18.1.3-Windows-x86_64\bin\..\lib\clang-runtimes/arm-none-eabi/armv6m_soft_nofp_exn_rtti\lib\libc.a(libc_tinystdio_filestrput.c.o):(.debug_info)
   154e0    154e0      455     1         C:\Renesas\e2_studio_25_10\toolchains\llvm_arm\LLVM-ET-Arm-18.1.3-Windows-x86_64\bin\..\lib\clang-runtimes/arm-none-eabi/armv6m_soft_nofp_exn_rtti\lib\libc.a(libc_tinystdio_vfprintf.c.o):(.debug_info)
   15935    15935      134     1         C:\Renesas\e2_studio_25_10\toolchains\llvm_arm\LLVM-ET-Arm-18.1.3-Windows-x86_64\bin\..\lib\clang-runtimes/arm-none-eabi/armv6m_soft_nofp_exn_rtti\lib\libc.a(libc_tinystdio_dtox_engine.c.o):(.debug_info)
   15a69    15a69       6e     1         C:\Renesas\e2_studio_25_10\toolchains\llvm_arm\LLVM-ET-Arm-18.1.3-Windows-x86_64\bin\..\lib\clang-runtimes/arm-none-eabi/armv6m_soft_nofp_exn_rtti\lib\libc.a(libc_string_strnlen.c.o):(.debug_info)
   15ad7    15ad7      7d2     1         C:\Renesas\e2_studio_25_10\toolchains\llvm_arm\LLVM-ET-Arm-18.1.3-Windows-x86_64\bin\..\lib\clang-runtimes/arm-none-eabi/armv6m_soft_nofp_exn_rtti\lib\libc.a(libc_tinystdio_dtoa_ryu.c.o):(.debug_info)
   162a9    162a9       8b     1         C:\Renesas\e2_studio_25_10\toolchains\llvm_arm\LLVM-ET-Arm-18.1.3-Windows-x86_64\bin\..\lib\clang-runtimes/arm-none-eabi/armv6m_soft_nofp_exn_rtti\lib\libc.a(libc_tinystdio_ryu_log10.c.o):(.debug_info)
   16334    16334       6e     1         C:\Renesas\e2_studio_25_10\toolchains\llvm_arm\LLVM-ET-Arm-18.1.3-Windows-x86_64\bin\..\lib\clang-runtimes/arm-none-eabi/armv6m_soft_nofp_exn_rtti\lib\libc.a(libc_tinystdio_ryu_pow5bits.c.o):(.debug_info)
   163a2    163a2      236     1         C:\Renesas\e2_studio_25_10\toolchains\llvm_arm\LLVM-ET-Arm-18.1.3-Windows-x86_64\bin\..\lib\clang-runtimes/arm-none-eabi/armv6m_soft_nofp_exn_rtti\lib\libc.a(libc_tinystdio_ryu_table.c.o):(.debug_info)
   165d8    165d8      16c     1         C:\Renesas\e2_studio_25_10\toolchains\llvm_arm\LLVM-ET-Arm-18.1.3-Windows-x86_64\bin\..\lib\clang-runtimes/arm-none-eabi/armv6m_soft_nofp_exn_rtti\lib\libc.a(libc_tinystdio_ryu_umul128.c.o):(.debug_info)
   16744    16744       53     1         C:\Renesas\e2_studio_25_10\toolchains\llvm_arm\LLVM-ET-Arm-18.1.3-Windows-x86_64\bin\..\lib\clang-runtimes/arm-none-eabi/armv6m_soft_nofp_exn_rtti\lib\libc.a(bzero.c.o):(.debug_info)
   16797    16797       97     1         C:\Renesas\e2_studio_25_10\toolchains\llvm_arm\LLVM-ET-Arm-18.1.3-Windows-x86_64\bin\..\lib\clang-runtimes/arm-none-eabi/armv6m_soft_nofp_exn_rtti\lib\libc.a(memcpy.c.o):(.debug_info)
   1682e    1682e       78     1         C:\Renesas\e2_studio_25_10\toolchains\llvm_arm\LLVM-ET-Arm-18.1.3-Windows-x86_64\bin\..\lib\clang-runtimes/arm-none-eabi/armv6m_soft_nofp_exn_rtti\lib\libc.a(memset.c.o):(.debug_info)
   168a6    168a6      11c     1         C:\Renesas\e2_studio_25_10\toolchains\llvm_arm\LLVM-ET-Arm-18.1.3-Windows-x86_64\bin\..\lib\clang-runtimes/arm-none-eabi/armv6m_soft_nofp_exn_rtti\lib\libc.a(strlen.S.o):(.debug_info)
       0        0      550     1 .debug_rnglists
       0        0       20     1         ./src/SensorFunctions.o:(.debug_rnglists)
      20       20       1e     1         ./src/hal_entry.o:(.debug_rnglists)
      3e       3e       5e     1         ./ra/fsp/src/r_uarta/r_uarta.o:(.debug_rnglists)
      9c       9c       57     1         ./ra/fsp/src/r_sau_spi/r_sau_spi.o:(.debug_rnglists)
      f3       f3       5b     1         ./ra/fsp/src/r_ioport/r_ioport.o:(.debug_rnglists)
     14e      14e       95     1         ./ra/fsp/src/r_iica_master/r_iica_master.o:(.debug_rnglists)
     1e3      1e3       30     1         ./ra/fsp/src/bsp/mcu/all/bsp_clocks.o:(.debug_rnglists)
     213      213       1a     1         ./ra/fsp/src/bsp/mcu/all/bsp_common.o:(.debug_rnglists)
     22d      22d       17     1         ./ra/fsp/src/bsp/mcu/all/bsp_delay.o:(.debug_rnglists)
     244      244       17     1         ./ra/fsp/src/bsp/mcu/all/bsp_group_irq.o:(.debug_rnglists)
     25b      25b       26     1         ./ra/fsp/src/bsp/mcu/all/bsp_irq.o:(.debug_rnglists)
     281      281       17     1         ./ra/fsp/src/bsp/mcu/all/bsp_register_protection.o:(.debug_rnglists)
     298      298       17     1         ./ra/fsp/src/bsp/cmsis/Device/RENESAS/Source/startup.o:(.debug_rnglists)
     2af      2af       1b     1         ./ra/fsp/src/bsp/cmsis/Device/RENESAS/Source/system.o:(.debug_rnglists)
     2ca      2ca       18     1         ./Modules/SimpleKeyboard/SimpleKeyboard_User.o:(.debug_rnglists)
     2e2      2e2       18     1         ./Modules/Serial_ASCII/ASCII_numbers.o:(.debug_rnglists)
     2fa      2fa       1f     1         ./Modules/Serial_ASCII/Serial.o:(.debug_rnglists)
     319      319       18     1         ./Modules/Serial_ASCII/Serial_user.o:(.debug_rnglists)
     331      331       18     1         ./Modules/Scheduler/Scheduler.o:(.debug_rnglists)
     349      349      148     1         C:\Renesas\e2_studio_25_10\toolchains\llvm_arm\LLVM-ET-Arm-18.1.3-Windows-x86_64\bin\..\lib\clang-runtimes/arm-none-eabi/armv6m_soft_nofp_exn_rtti\lib\libc.a(libc_tinystdio_vfprintf.c.o):(.debug_rnglists)
     491      491       75     1         C:\Renesas\e2_studio_25_10\toolchains\llvm_arm\LLVM-ET-Arm-18.1.3-Windows-x86_64\bin\..\lib\clang-runtimes/arm-none-eabi/armv6m_soft_nofp_exn_rtti\lib\libc.a(libc_tinystdio_dtoa_ryu.c.o):(.debug_rnglists)
     506      506       17     1         C:\Renesas\e2_studio_25_10\toolchains\llvm_arm\LLVM-ET-Arm-18.1.3-Windows-x86_64\bin\..\lib\clang-runtimes/arm-none-eabi/armv6m_soft_nofp_exn_rtti\lib\libc.a(libc_tinystdio_ryu_log10.c.o):(.debug_rnglists)
     51d      51d       1c     1         C:\Renesas\e2_studio_25_10\toolchains\llvm_arm\LLVM-ET-Arm-18.1.3-Windows-x86_64\bin\..\lib\clang-runtimes/arm-none-eabi/armv6m_soft_nofp_exn_rtti\lib\libc.a(libc_tinystdio_ryu_table.c.o):(.debug_rnglists)
     539      539       17     1         C:\Renesas\e2_studio_25_10\toolchains\llvm_arm\LLVM-ET-Arm-18.1.3-Windows-x86_64\bin\..\lib\clang-runtimes/arm-none-eabi/armv6m_soft_nofp_exn_rtti\lib\libc.a(libc_tinystdio_ryu_umul128.c.o):(.debug_rnglists)
       0        0     9548     1 .debug_str_offsets
       0        0       b0     1         ./src/SensorFunctions.o:(.debug_str_offsets)
      b0       b0     1224     1         ./src/hal_entry.o:(.debug_str_offsets)
    12d4     12d4      8b4     1         ./ra_gen/common_data.o:(.debug_str_offsets)
    1b88     1b88     1004     1         ./ra_gen/hal_data.o:(.debug_str_offsets)
    2b8c     2b8c       1c     1         ./ra_gen/main.o:(.debug_str_offsets)
    2ba8     2ba8      428     1         ./ra_gen/pin_data.o:(.debug_str_offsets)
    2fd0     2fd0       20     1         ./ra_gen/vector_data.o:(.debug_str_offsets)
    2ff0     2ff0      c20     1         ./ra/fsp/src/r_uarta/r_uarta.o:(.debug_str_offsets)
    3c10     3c10     1160     1         ./ra/fsp/src/r_sau_spi/r_sau_spi.o:(.debug_str_offsets)
    4d70     4d70      bd0     1         ./ra/fsp/src/r_ioport/r_ioport.o:(.debug_str_offsets)
    5940     5940      f68     1         ./ra/fsp/src/r_iica_master/r_iica_master.o:(.debug_str_offsets)
    68a8     68a8       88     1         ./ra/fsp/src/bsp/mcu/ra0e1/bsp_linker.o:(.debug_str_offsets)
    6930     6930      94c     1         ./ra/fsp/src/bsp/mcu/all/bsp_clocks.o:(.debug_str_offsets)
    727c     727c      45c     1         ./ra/fsp/src/bsp/mcu/all/bsp_common.o:(.debug_str_offsets)
    76d8     76d8       6c     1         ./ra/fsp/src/bsp/mcu/all/bsp_delay.o:(.debug_str_offsets)
    7744     7744      828     1         ./ra/fsp/src/bsp/mcu/all/bsp_group_irq.o:(.debug_str_offsets)
    7f6c     7f6c       24     1         ./ra/fsp/src/bsp/mcu/all/bsp_io.o:(.debug_str_offsets)
    7f90     7f90      1a0     1         ./ra/fsp/src/bsp/mcu/all/bsp_irq.o:(.debug_str_offsets)
    8130     8130      258     1         ./ra/fsp/src/bsp/mcu/all/bsp_register_protection.o:(.debug_str_offsets)
    8388     8388       2c     1         ./ra/fsp/src/bsp/mcu/all/bsp_sbrk.o:(.debug_str_offsets)
    83b4     83b4       3c     1         ./ra/fsp/src/bsp/cmsis/Device/RENESAS/Source/startup.o:(.debug_str_offsets)
    83f0     83f0       94     1         ./ra/fsp/src/bsp/cmsis/Device/RENESAS/Source/system.o:(.debug_str_offsets)
    8484     8484       1c     1         ./ra/board/ra0e1_fpb/board_init.o:(.debug_str_offsets)
    84a0     84a0       3c     1         ./ra/board/ra0e1_fpb/board_leds.o:(.debug_str_offsets)
    84dc     84dc       34     1         ./Modules/SimpleKeyboard/SimpleKeyboard.o:(.debug_str_offsets)
    8510     8510      26c     1         ./Modules/SimpleKeyboard/SimpleKeyboard_User.o:(.debug_str_offsets)
    877c     877c       64     1         ./Modules/Serial_ASCII/ASCII_numbers.o:(.debug_str_offsets)
    87e0     87e0      4c4     1         ./Modules/Serial_ASCII/Serial.o:(.debug_str_offsets)
    8ca4     8ca4       94     1         ./Modules/Serial_ASCII/Serial_user.o:(.debug_str_offsets)
    8d38     8d38       68     1         ./Modules/Scheduler/Scheduler.o:(.debug_str_offsets)
    8da0     8da0       1c     1         C:\Renesas\e2_studio_25_10\toolchains\llvm_arm\LLVM-ET-Arm-18.1.3-Windows-x86_64\bin\..\lib\clang-runtimes/arm-none-eabi/armv6m_soft_nofp_exn_rtti\lib\libc.a(libc_errno_errno.c.o):(.debug_str_offsets)
    8dbc     8dbc       30     1         C:\Renesas\e2_studio_25_10\toolchains\llvm_arm\LLVM-ET-Arm-18.1.3-Windows-x86_64\bin\..\lib\clang-runtimes/arm-none-eabi/armv6m_soft_nofp_exn_rtti\lib\libc.a(libc_picolib_inittls.c.o):(.debug_str_offsets)
    8dec     8dec       30     1         C:\Renesas\e2_studio_25_10\toolchains\llvm_arm\LLVM-ET-Arm-18.1.3-Windows-x86_64\bin\..\lib\clang-runtimes/arm-none-eabi/armv6m_soft_nofp_exn_rtti\lib\libc.a(libc_picolib_machine_arm_tls.c.o):(.debug_str_offsets)
    8e1c     8e1c       94     1         C:\Renesas\e2_studio_25_10\toolchains\llvm_arm\LLVM-ET-Arm-18.1.3-Windows-x86_64\bin\..\lib\clang-runtimes/arm-none-eabi/armv6m_soft_nofp_exn_rtti\lib\libc.a(libc_tinystdio_sprintf.c.o):(.debug_str_offsets)
    8eb0     8eb0       84     1         C:\Renesas\e2_studio_25_10\toolchains\llvm_arm\LLVM-ET-Arm-18.1.3-Windows-x86_64\bin\..\lib\clang-runtimes/arm-none-eabi/armv6m_soft_nofp_exn_rtti\lib\libc.a(libc_tinystdio_filestrput.c.o):(.debug_str_offsets)
    8f34     8f34      16c     1         C:\Renesas\e2_studio_25_10\toolchains\llvm_arm\LLVM-ET-Arm-18.1.3-Windows-x86_64\bin\..\lib\clang-runtimes/arm-none-eabi/armv6m_soft_nofp_exn_rtti\lib\libc.a(libc_tinystdio_vfprintf.c.o):(.debug_str_offsets)
    90a0     90a0       80     1         C:\Renesas\e2_studio_25_10\toolchains\llvm_arm\LLVM-ET-Arm-18.1.3-Windows-x86_64\bin\..\lib\clang-runtimes/arm-none-eabi/armv6m_soft_nofp_exn_rtti\lib\libc.a(libc_tinystdio_dtox_engine.c.o):(.debug_str_offsets)
    9120     9120       30     1         C:\Renesas\e2_studio_25_10\toolchains\llvm_arm\LLVM-ET-Arm-18.1.3-Windows-x86_64\bin\..\lib\clang-runtimes/arm-none-eabi/armv6m_soft_nofp_exn_rtti\lib\libc.a(libc_string_strnlen.c.o):(.debug_str_offsets)
    9150     9150      1c0     1         C:\Renesas\e2_studio_25_10\toolchains\llvm_arm\LLVM-ET-Arm-18.1.3-Windows-x86_64\bin\..\lib\clang-runtimes/arm-none-eabi/armv6m_soft_nofp_exn_rtti\lib\libc.a(libc_tinystdio_dtoa_ryu.c.o):(.debug_str_offsets)
    9310     9310       38     1         C:\Renesas\e2_studio_25_10\toolchains\llvm_arm\LLVM-ET-Arm-18.1.3-Windows-x86_64\bin\..\lib\clang-runtimes/arm-none-eabi/armv6m_soft_nofp_exn_rtti\lib\libc.a(libc_tinystdio_ryu_log10.c.o):(.debug_str_offsets)
    9348     9348       34     1         C:\Renesas\e2_studio_25_10\toolchains\llvm_arm\LLVM-ET-Arm-18.1.3-Windows-x86_64\bin\..\lib\clang-runtimes/arm-none-eabi/armv6m_soft_nofp_exn_rtti\lib\libc.a(libc_tinystdio_ryu_pow5bits.c.o):(.debug_str_offsets)
    937c     937c       94     1         C:\Renesas\e2_studio_25_10\toolchains\llvm_arm\LLVM-ET-Arm-18.1.3-Windows-x86_64\bin\..\lib\clang-runtimes/arm-none-eabi/armv6m_soft_nofp_exn_rtti\lib\libc.a(libc_tinystdio_ryu_table.c.o):(.debug_str_offsets)
    9410     9410       9c     1         C:\Renesas\e2_studio_25_10\toolchains\llvm_arm\LLVM-ET-Arm-18.1.3-Windows-x86_64\bin\..\lib\clang-runtimes/arm-none-eabi/armv6m_soft_nofp_exn_rtti\lib\libc.a(libc_tinystdio_ryu_umul128.c.o):(.debug_str_offsets)
    94ac     94ac       28     1         C:\Renesas\e2_studio_25_10\toolchains\llvm_arm\LLVM-ET-Arm-18.1.3-Windows-x86_64\bin\..\lib\clang-runtimes/arm-none-eabi/armv6m_soft_nofp_exn_rtti\lib\libc.a(bzero.c.o):(.debug_str_offsets)
    94d4     94d4       3c     1         C:\Renesas\e2_studio_25_10\toolchains\llvm_arm\LLVM-ET-Arm-18.1.3-Windows-x86_64\bin\..\lib\clang-runtimes/arm-none-eabi/armv6m_soft_nofp_exn_rtti\lib\libc.a(memcpy.c.o):(.debug_str_offsets)
    9510     9510       38     1         C:\Renesas\e2_studio_25_10\toolchains\llvm_arm\LLVM-ET-Arm-18.1.3-Windows-x86_64\bin\..\lib\clang-runtimes/arm-none-eabi/armv6m_soft_nofp_exn_rtti\lib\libc.a(memset.c.o):(.debug_str_offsets)
       0        0     a150     1 .debug_str
       0        0     a150     1         <internal>:(.debug_str)
       0        0      718     1 .debug_addr
       0        0       1c     1         ./src/SensorFunctions.o:(.debug_addr)
      1c       1c       ac     1         ./src/hal_entry.o:(.debug_addr)
[...]
__ram_zero$$Limit                                 fsp_gen.lld:135
                                                  ./ra/fsp/src/bsp/mcu/ra0e1/bsp_linker.o
__ram_tbss$$Base                                  fsp_gen.lld:149
                                                  ./ra/fsp/src/bsp/mcu/ra0e1/bsp_linker.o
__ram_tbss$$Limit                                 fsp_gen.lld:154
                                                  ./ra/fsp/src/bsp/mcu/ra0e1/bsp_linker.o
__ram_from_data_flash$$Base                       fsp_gen.lld:38
                                                  ./ra/fsp/src/bsp/mcu/ra0e1/bsp_linker.o
__ram_from_data_flash$$Limit                      fsp_gen.lld:43
                                                  ./ra/fsp/src/bsp/mcu/ra0e1/bsp_linker.o
__ram_from_data_flash$$Load                       fsp_gen.lld:38
                                                  ./ra/fsp/src/bsp/mcu/ra0e1/bsp_linker.o
__ram_from_flash$$Base                            fsp_gen.lld:108
                                                  ./ra/fsp/src/bsp/mcu/ra0e1/bsp_linker.o
__ram_from_flash$$Limit                           fsp_gen.lld:115
                                                  ./ra/fsp/src/bsp/mcu/ra0e1/bsp_linker.o
__ram_from_flash$$Load                            fsp_gen.lld:108
                                                  ./ra/fsp/src/bsp/mcu/ra0e1/bsp_linker.o
__ram_tdata$$Base                                 fsp_gen.lld:140
                                                  ./ra/fsp/src/bsp/mcu/ra0e1/bsp_linker.o
__ram_tdata$$Limit                                fsp_gen.lld:144
                                                  ./ra/fsp/src/bsp/mcu/ra0e1/bsp_linker.o
__ram_tdata$$Load                                 fsp_gen.lld:140
                                                  ./ra/fsp/src/bsp/mcu/ra0e1/bsp_linker.o
bsp_prv_operating_mode_set                        ./ra/fsp/src/bsp/mcu/all/bsp_clocks.o
SystemCoreClockUpdate                             ./ra/fsp/src/bsp/mcu/all/bsp_clocks.o
                                                  ./ra/fsp/src/bsp/cmsis/Device/RENESAS/Source/system.o
bsp_prv_clock_set                                 ./ra/fsp/src/bsp/mcu/all/bsp_clocks.o
bsp_clock_init                                    ./ra/fsp/src/bsp/mcu/all/bsp_clocks.o
                                                  ./ra/fsp/src/bsp/cmsis/Device/RENESAS/Source/system.o
R_BSP_SubClockStabilizeWaitAfterReset             ./ra/fsp/src/bsp/mcu/all/bsp_clocks.o
R_BSP_Init_RTC                                    ./ra/fsp/src/bsp/mcu/all/bsp_clocks.o
                                                  ./ra/fsp/src/bsp/cmsis/Device/RENESAS/Source/system.o
bsp_init                                          ./ra/board/ra0e1_fpb/board_init.o
                                                  ./ra/fsp/src/bsp/mcu/all/bsp_common.o
                                                  ./ra/fsp/src/bsp/cmsis/Device/RENESAS/Source/system.o
bsp_prv_software_delay_loop                       ./ra/fsp/src/bsp/mcu/all/bsp_delay.o
g_bsp_group_irq_sources                           ./ra/fsp/src/bsp/mcu/all/bsp_group_irq.o
NMI_Handler                                       ./ra/fsp/src/bsp/mcu/all/bsp_group_irq.o
                                                  ./ra/fsp/src/bsp/cmsis/Device/RENESAS/Source/startup.o
R_BSP_IrqCfg                                      ./ra/fsp/src/bsp/mcu/all/bsp_irq.o
R_BSP_IrqEnableNoClear                            ./ra/fsp/src/bsp/mcu/all/bsp_irq.o
bsp_irq_cfg                                       ./ra/fsp/src/bsp/mcu/all/bsp_irq.o
                                                  ./ra/fsp/src/bsp/cmsis/Device/RENESAS/Source/system.o
Reset_Handler                                     ./ra/fsp/src/bsp/cmsis/Device/RENESAS/Source/startup.o
SystemInit                                        ./ra/fsp/src/bsp/cmsis/Device/RENESAS/Source/system.o
                                                  ./ra/fsp/src/bsp/cmsis/Device/RENESAS/Source/startup.o
Default_Handler                                   ./ra/fsp/src/bsp/cmsis/Device/RENESAS/Source/startup.o
g_main_stack                                      ./ra/fsp/src/bsp/cmsis/Device/RENESAS/Source/startup.o
__Vectors                                         ./ra/fsp/src/bsp/cmsis/Device/RENESAS/Source/startup.o
                                                  ./ra/fsp/src/bsp/cmsis/Device/RENESAS/Source/system.o
HardFault_Handler                                 ./ra/fsp/src/bsp/cmsis/Device/RENESAS/Source/startup.o
MemManage_Handler                                 ./ra/fsp/src/bsp/cmsis/Device/RENESAS/Source/startup.o
BusFault_Handler                                  ./ra/fsp/src/bsp/cmsis/Device/RENESAS/Source/startup.o
UsageFault_Handler                                ./ra/fsp/src/bsp/cmsis/Device/RENESAS/Source/startup.o
SecureFault_Handler                               ./ra/fsp/src/bsp/cmsis/Device/RENESAS/Source/startup.o
SVC_Handler                                       ./ra/fsp/src/bsp/cmsis/Device/RENESAS/Source/startup.o
DebugMon_Handler                                  ./ra/fsp/src/bsp/cmsis/Device/RENESAS/Source/startup.o
PendSV_Handler                                    ./ra/fsp/src/bsp/cmsis/Device/RENESAS/Source/startup.o
SysTick_Handler                                   ./Modules/Scheduler/Scheduler.o
                                                  ./ra/fsp/src/bsp/cmsis/Device/RENESAS/Source/startup.o
_init_tls                                         C:\Renesas\e2_studio_25_10\toolchains\llvm_arm\LLVM-ET-Arm-18.1.3-Windows-x86_64\bin\..\lib\clang-runtimes/arm-none-eabi/armv6m_soft_nofp_exn_rtti\lib\libc.a(libc_picolib_inittls.c.o)
                                                  ./ra/fsp/src/bsp/cmsis/Device/RENESAS/Source/system.o
_set_tls                                          C:\Renesas\e2_studio_25_10\toolchains\llvm_arm\LLVM-ET-Arm-18.1.3-Windows-x86_64\bin\..\lib\clang-runtimes/arm-none-eabi/armv6m_soft_nofp_exn_rtti\lib\libc.a(libc_picolib_machine_arm_tls.c.o)
                                                  ./ra/fsp/src/bsp/cmsis/Device/RENESAS/Source/system.o
__tls_base                                        fsp_gen.lld:305
                                                  ./ra/fsp/src/bsp/cmsis/Device/RENESAS/Source/system.o
__init_array_start                                fsp_gen.lld:212
                                                  ./ra/fsp/src/bsp/cmsis/Device/RENESAS/Source/system.o
__init_array_end                                  fsp_gen.lld:215
                                                  ./ra/fsp/src/bsp/cmsis/Device/RENESAS/Source/system.o
__aeabi_memclr4                                   C:\Renesas\e2_studio_25_10\toolchains\llvm_arm\LLVM-ET-Arm-18.1.3-Windows-x86_64\bin\..\lib\clang-runtimes/arm-none-eabi/armv6m_soft_nofp_exn_rtti\lib\libc.a(bzero.c.o)
                                                  ./ra/fsp/src/bsp/cmsis/Device/RENESAS/Source/system.o
__aeabi_memcpy4                                   C:\Renesas\e2_studio_25_10\toolchains\llvm_arm\LLVM-ET-Arm-18.1.3-Windows-x86_64\bin\..\lib\clang-runtimes/arm-none-eabi/armv6m_soft_nofp_exn_rtti\lib\libc.a(memcpy.c.o)
                                                  ./ra/fsp/src/bsp/cmsis/Device/RENESAS/Source/system.o
nextSerialTxOut                                   ./Modules/Serial_ASCII/Serial.o
nextSerialTxIn                                    ./Modules/Serial_ASCII/Serial.o
nextSerialRxIn                                    ./Modules/Serial_ASCII/Serial.o
nextSerialRx2Proc                                 ./Modules/Serial_ASCII/Serial.o
                                                  ./Modules/Serial_ASCII/Serial_user.o
commError                                         ./Modules/Serial_ASCII/Serial.o
txBuffer                                          ./Modules/Serial_ASCII/Serial.o
rxBuffer                                          ./Modules/Serial_ASCII/Serial.o
                                                  ./Modules/Serial_ASCII/Serial_user.o
streamIntervalDelay                               ./Modules/Serial_ASCII/Serial_user.o
                                                  ./Modules/Scheduler/Scheduler.o
inPacket                                          ./Modules/Serial_ASCII/Serial_user.o
nextPacketChar                                    ./Modules/Serial_ASCII/Serial_user.o
packetBuffer                                      ./Modules/Serial_ASCII/Serial_user.o
ten_mS_Counter                                    ./Modules/Scheduler/Scheduler.o
twentyfive_mS_Counter                             ./Modules/Scheduler/Scheduler.o
hundred_mS_Counter                                ./Modules/Scheduler/Scheduler.o
one_S_Counter                                     ./Modules/Scheduler/Scheduler.o
reportStreamInterval_Counter                      ./Modules/Scheduler/Scheduler.o
i2c_timeout_Flag                                  ./Modules/Scheduler/Scheduler.o
i2c_timeout_Counter                               ./Modules/Scheduler/Scheduler.o
__aeabi_memclr                                    C:\Renesas\e2_studio_25_10\toolchains\llvm_arm\LLVM-ET-Arm-18.1.3-Windows-x86_64\bin\..\lib\clang-runtimes/arm-none-eabi/armv6m_soft_nofp_exn_rtti\lib\libc.a(bzero.c.o)
                                                  C:\Renesas\e2_studio_25_10\toolchains\llvm_arm\LLVM-ET-Arm-18.1.3-Windows-x86_64\bin\..\lib\clang-runtimes/arm-none-eabi/armv6m_soft_nofp_exn_rtti\lib\libc.a(libc_picolib_inittls.c.o)
__tdata_source                                    fsp_gen.lld:306
                                                  C:\Renesas\e2_studio_25_10\toolchains\llvm_arm\LLVM-ET-Arm-18.1.3-Windows-x86_64\bin\..\lib\clang-runtimes/arm-none-eabi/armv6m_soft_nofp_exn_rtti\lib\libc.a(libc_picolib_inittls.c.o)
__tdata_size                                      fsp_gen.lld:307
                                                  C:\Renesas\e2_studio_25_10\toolchains\llvm_arm\LLVM-ET-Arm-18.1.3-Windows-x86_64\bin\..\lib\clang-runtimes/arm-none-eabi/armv6m_soft_nofp_exn_rtti\lib\libc.a(libc_picolib_inittls.c.o)
__tbss_offset                                     fsp_gen.lld:308
                                                  C:\Renesas\e2_studio_25_10\toolchains\llvm_arm\LLVM-ET-Arm-18.1.3-Windows-x86_64\bin\..\lib\clang-runtimes/arm-none-eabi/armv6m_soft_nofp_exn_rtti\lib\libc.a(libc_picolib_inittls.c.o)
__tbss_size                                       fsp_gen.lld:309
                                                  C:\Renesas\e2_studio_25_10\toolchains\llvm_arm\LLVM-ET-Arm-18.1.3-Windows-x86_64\bin\..\lib\clang-runtimes/arm-none-eabi/armv6m_soft_nofp_exn_rtti\lib\libc.a(libc_picolib_inittls.c.o)
__arm32_tls_tcb_offset                            fsp_gen.lld:310
                                                  C:\Renesas\e2_studio_25_10\toolchains\llvm_arm\LLVM-ET-Arm-18.1.3-Windows-x86_64\bin\..\lib\clang-runtimes/arm-none-eabi/armv6m_soft_nofp_exn_rtti\lib\libc.a(libc_picolib_machine_arm_tls.c.o)
__tls                                             C:\Renesas\e2_studio_25_10\toolchains\llvm_arm\LLVM-ET-Arm-18.1.3-Windows-x86_64\bin\..\lib\clang-runtimes/arm-none-eabi/armv6m_soft_nofp_exn_rtti\lib\libc.a(libc_picolib_machine_arm_read_tp.S.o)
                                                  C:\Renesas\e2_studio_25_10\toolchains\llvm_arm\LLVM-ET-Arm-18.1.3-Windows-x86_64\bin\..\lib\clang-runtimes/arm-none-eabi/armv6m_soft_nofp_exn_rtti\lib\libc.a(libc_picolib_machine_arm_tls.c.o)
vfprintf                                          C:\Renesas\e2_studio_25_10\toolchains\llvm_arm\LLVM-ET-Arm-18.1.3-Windows-x86_64\bin\..\lib\clang-runtimes/arm-none-eabi/armv6m_soft_nofp_exn_rtti\lib\libc.a(libc_tinystdio_vfprintf.c.o)
                                                  C:\Renesas\e2_studio_25_10\toolchains\llvm_arm\LLVM-ET-Arm-18.1.3-Windows-x86_64\bin\..\lib\clang-runtimes/arm-none-eabi/armv6m_soft_nofp_exn_rtti\lib\libc.a(libc_tinystdio_sprintf.c.o)
__file_str_put                                    C:\Renesas\e2_studio_25_10\toolchains\llvm_arm\LLVM-ET-Arm-18.1.3-Windows-x86_64\bin\..\lib\clang-runtimes/arm-none-eabi/armv6m_soft_nofp_exn_rtti\lib\libc.a(libc_tinystdio_filestrput.c.o)
                                                  C:\Renesas\e2_studio_25_10\toolchains\llvm_arm\LLVM-ET-Arm-18.1.3-Windows-x86_64\bin\..\lib\clang-runtimes/arm-none-eabi/armv6m_soft_nofp_exn_rtti\lib\libc.a(libc_tinystdio_sprintf.c.o)
__dtox_engine                                     C:\Renesas\e2_studio_25_10\toolchains\llvm_arm\LLVM-ET-Arm-18.1.3-Windows-x86_64\bin\..\lib\clang-runtimes/arm-none-eabi/armv6m_soft_nofp_exn_rtti\lib\libc.a(libc_tinystdio_dtox_engine.c.o)
                                                  C:\Renesas\e2_studio_25_10\toolchains\llvm_arm\LLVM-ET-Arm-18.1.3-Windows-x86_64\bin\..\lib\clang-runtimes/arm-none-eabi/armv6m_soft_nofp_exn_rtti\lib\libc.a(libc_tinystdio_vfprintf.c.o)
__dtoa_engine                                     C:\Renesas\e2_studio_25_10\toolchains\llvm_arm\LLVM-ET-Arm-18.1.3-Windows-x86_64\bin\..\lib\clang-runtimes/arm-none-eabi/armv6m_soft_nofp_exn_rtti\lib\libc.a(libc_tinystdio_dtoa_ryu.c.o)
                                                  C:\Renesas\e2_studio_25_10\toolchains\llvm_arm\LLVM-ET-Arm-18.1.3-Windows-x86_64\bin\..\lib\clang-runtimes/arm-none-eabi/armv6m_soft_nofp_exn_rtti\lib\libc.a(libc_tinystdio_vfprintf.c.o)
strnlen                                           C:\Renesas\e2_studio_25_10\toolchains\llvm_arm\LLVM-ET-Arm-18.1.3-Windows-x86_64\bin\..\lib\clang-runtimes/arm-none-eabi/armv6m_soft_nofp_exn_rtti\lib\libc.a(libc_string_strnlen.c.o)
                                                  C:\Renesas\e2_studio_25_10\toolchains\llvm_arm\LLVM-ET-Arm-18.1.3-Windows-x86_64\bin\..\lib\clang-runtimes/arm-none-eabi/armv6m_soft_nofp_exn_rtti\lib\libc.a(libc_tinystdio_vfprintf.c.o)
__d_vfprintf                                      C:\Renesas\e2_studio_25_10\toolchains\llvm_arm\LLVM-ET-Arm-18.1.3-Windows-x86_64\bin\..\lib\clang-runtimes/arm-none-eabi/armv6m_soft_nofp_exn_rtti\lib\libc.a(libc_tinystdio_vfprintf.c.o)
__log10Pow2                                       C:\Renesas\e2_studio_25_10\toolchains\llvm_arm\LLVM-ET-Arm-18.1.3-Windows-x86_64\bin\..\lib\clang-runtimes/arm-none-eabi/armv6m_soft_nofp_exn_rtti\lib\libc.a(libc_tinystdio_ryu_log10.c.o)
                                                  C:\Renesas\e2_studio_25_10\toolchains\llvm_arm\LLVM-ET-Arm-18.1.3-Windows-x86_64\bin\..\lib\clang-runtimes/arm-none-eabi/armv6m_soft_nofp_exn_rtti\lib\libc.a(libc_tinystdio_dtoa_ryu.c.o)
__pow5bits                                        C:\Renesas\e2_studio_25_10\toolchains\llvm_arm\LLVM-ET-Arm-18.1.3-Windows-x86_64\bin\..\lib\clang-runtimes/arm-none-eabi/armv6m_soft_nofp_exn_rtti\lib\libc.a(libc_tinystdio_ryu_pow5bits.c.o)
                                                  C:\Renesas\e2_studio_25_10\toolchains\llvm_arm\LLVM-ET-Arm-18.1.3-Windows-x86_64\bin\..\lib\clang-runtimes/arm-none-eabi/armv6m_soft_nofp_exn_rtti\lib\libc.a(libc_tinystdio_dtoa_ryu.c.o)
                                                  C:\Renesas\e2_studio_25_10\toolchains\llvm_arm\LLVM-ET-Arm-18.1.3-Windows-x86_64\bin\..\lib\clang-runtimes/arm-none-eabi/armv6m_soft_nofp_exn_rtti\lib\libc.a(libc_tinystdio_ryu_table.c.o)
__double_computeInvPow5                           C:\Renesas\e2_studio_25_10\toolchains\llvm_arm\LLVM-ET-Arm-18.1.3-Windows-x86_64\bin\..\lib\clang-runtimes/arm-none-eabi/armv6m_soft_nofp_exn_rtti\lib\libc.a(libc_tinystdio_ryu_table.c.o)
                                                  C:\Renesas\e2_studio_25_10\toolchains\llvm_arm\LLVM-ET-Arm-18.1.3-Windows-x86_64\bin\..\lib\clang-runtimes/arm-none-eabi/armv6m_soft_nofp_exn_rtti\lib\libc.a(libc_tinystdio_dtoa_ryu.c.o)
__pow5Factor                                      C:\Renesas\e2_studio_25_10\toolchains\llvm_arm\LLVM-ET-Arm-18.1.3-Windows-x86_64\bin\..\lib\clang-runtimes/arm-none-eabi/armv6m_soft_nofp_exn_rtti\lib\libc.a(libc_tinystdio_ryu_table.c.o)
                                                  C:\Renesas\e2_studio_25_10\toolchains\llvm_arm\LLVM-ET-Arm-18.1.3-Windows-x86_64\bin\..\lib\clang-runtimes/arm-none-eabi/armv6m_soft_nofp_exn_rtti\lib\libc.a(libc_tinystdio_dtoa_ryu.c.o)
__log10Pow5                                       C:\Renesas\e2_studio_25_10\toolchains\llvm_arm\LLVM-ET-Arm-18.1.3-Windows-x86_64\bin\..\lib\clang-runtimes/arm-none-eabi/armv6m_soft_nofp_exn_rtti\lib\libc.a(libc_tinystdio_ryu_log10.c.o)
                                                  C:\Renesas\e2_studio_25_10\toolchains\llvm_arm\LLVM-ET-Arm-18.1.3-Windows-x86_64\bin\..\lib\clang-runtimes/arm-none-eabi/armv6m_soft_nofp_exn_rtti\lib\libc.a(libc_tinystdio_dtoa_ryu.c.o)
__double_computePow5                              C:\Renesas\e2_studio_25_10\toolchains\llvm_arm\LLVM-ET-Arm-18.1.3-Windows-x86_64\bin\..\lib\clang-runtimes/arm-none-eabi/armv6m_soft_nofp_exn_rtti\lib\libc.a(libc_tinystdio_ryu_table.c.o)
                                                  C:\Renesas\e2_studio_25_10\toolchains\llvm_arm\LLVM-ET-Arm-18.1.3-Windows-x86_64\bin\..\lib\clang-runtimes/arm-none-eabi/armv6m_soft_nofp_exn_rtti\lib\libc.a(libc_tinystdio_dtoa_ryu.c.o)
__umul128                                         C:\Renesas\e2_studio_25_10\toolchains\llvm_arm\LLVM-ET-Arm-18.1.3-Windows-x86_64\bin\..\lib\clang-runtimes/arm-none-eabi/armv6m_soft_nofp_exn_rtti\lib\libc.a(libc_tinystdio_ryu_umul128.c.o)
                                                  C:\Renesas\e2_studio_25_10\toolchains\llvm_arm\LLVM-ET-Arm-18.1.3-Windows-x86_64\bin\..\lib\clang-runtimes/arm-none-eabi/armv6m_soft_nofp_exn_rtti\lib\libc.a(libc_tinystdio_dtoa_ryu.c.o)
                                                  C:\Renesas\e2_studio_25_10\toolchains\llvm_arm\LLVM-ET-Arm-18.1.3-Windows-x86_64\bin\..\lib\clang-runtimes/arm-none-eabi/armv6m_soft_nofp_exn_rtti\lib\libc.a(libc_tinystdio_ryu_table.c.o)
__shiftright128                                   C:\Renesas\e2_studio_25_10\toolchains\llvm_arm\LLVM-ET-Arm-18.1.3-Windows-x86_64\bin\..\lib\clang-runtimes/arm-none-eabi/armv6m_soft_nofp_exn_rtti\lib\libc.a(libc_tinystdio_ryu_umul128.c.o)
                                                  C:\Renesas\e2_studio_25_10\toolchains\llvm_arm\LLVM-ET-Arm-18.1.3-Windows-x86_64\bin\..\lib\clang-runtimes/arm-none-eabi/armv6m_soft_nofp_exn_rtti\lib\libc.a(libc_tinystdio_dtoa_ryu.c.o)
                                                  C:\Renesas\e2_studio_25_10\toolchains\llvm_arm\LLVM-ET-Arm-18.1.3-Windows-x86_64\bin\..\lib\clang-runtimes/arm-none-eabi/armv6m_soft_nofp_exn_rtti\lib\libc.a(libc_tinystdio_ryu_table.c.o)
bzero                                             C:\Renesas\e2_studio_25_10\toolchains\llvm_arm\LLVM-ET-Arm-18.1.3-Windows-x86_64\bin\..\lib\clang-runtimes/arm-none-eabi/armv6m_soft_nofp_exn_rtti\lib\libc.a(bzero.c.o)
memset                                            C:\Renesas\e2_studio_25_10\toolchains\llvm_arm\LLVM-ET-Arm-18.1.3-Windows-x86_64\bin\..\lib\clang-runtimes/arm-none-eabi/armv6m_soft_nofp_exn_rtti\lib\libc.a(memset.c.o)
                                                  C:\Renesas\e2_studio_25_10\toolchains\llvm_arm\LLVM-ET-Arm-18.1.3-Windows-x86_64\bin\..\lib\clang-runtimes/arm-none-eabi/armv6m_soft_nofp_exn_rtti\lib\libc.a(bzero.c.o)
__aeabi_memclr8                                   C:\Renesas\e2_studio_25_10\toolchains\llvm_arm\LLVM-ET-Arm-18.1.3-Windows-x86_64\bin\..\lib\clang-runtimes/arm-none-eabi/armv6m_soft_nofp_exn_rtti\lib\libc.a(bzero.c.o)
memcpy                                            C:\Renesas\e2_studio_25_10\toolchains\llvm_arm\LLVM-ET-Arm-18.1.3-Windows-x86_64\bin\..\lib\clang-runtimes/arm-none-eabi/armv6m_soft_nofp_exn_rtti\lib\libc.a(memcpy.c.o)
__aeabi_memcpy8                                   C:\Renesas\e2_studio_25_10\toolchains\llvm_arm\LLVM-ET-Arm-18.1.3-Windows-x86_64\bin\..\lib\clang-runtimes/arm-none-eabi/armv6m_soft_nofp_exn_rtti\lib\libc.a(memcpy.c.o)
